[select] npm: chosen=c1_h128_d0.2
[final] 30 jobs, workers=3
[final] npm gat_dir seed=101 cfg=c1_h128_d0.2 val=0.1695 test=0.1599 h10=0.2762 epoch=100 (310.6s)
[final] npm gat_dir seed=102 cfg=c1_h128_d0.2 val=0.1735 test=0.1706 h10=0.2818 epoch=100 (314.4s)
[final] npm gat_dir seed=103 cfg=c1_h128_d0.2 val=0.1799 test=0.1653 h10=0.2762 epoch=100 (315.2s)
[final] npm gat_dir seed=106 cfg=c1_h128_d0.2 val=0.1716 test=0.1679 h10=0.2762 epoch=100 (303.3s)
[final] npm gat_dir seed=105 cfg=c1_h128_d0.2 val=0.1687 test=0.1646 h10=0.2707 epoch=72 (305.0s)
[final] npm gat_dir seed=104 cfg=c1_h128_d0.2 val=0.1825 test=0.1664 h10=0.2652 epoch=98 (310.4s)
[final] npm gat_dir seed=109 cfg=c1_h128_d0.2 val=0.1689 test=0.1626 h10=0.2541 epoch=98 (309.6s)
[final] npm gat_dir seed=108 cfg=c1_h128_d0.2 val=0.1831 test=0.1553 h10=0.2707 epoch=100 (314.3s)
[final] npm gat_dir seed=107 cfg=c1_h128_d0.2 val=0.1775 test=0.1703 h10=0.2707 epoch=100 (317.0s)
[final] npm rcgat_sym seed=102 cfg=c1_h128_d0.2 val=0.1658 test=0.1618 h10=0.2707 epoch=42 (259.7s)
[final] npm rcgat_sym seed=101 cfg=c1_h128_d0.2 val=0.1707 test=0.1640 h10=0.2762 epoch=82 (306.6s)
[final] npm gat_dir seed=110 cfg=c1_h128_d0.2 val=0.1720 test=0.1592 h10=0.2762 epoch=100 (314.3s)
[final] npm rcgat_sym seed=103 cfg=c1_h128_d0.2 val=0.1845 test=0.1668 h10=0.2762 epoch=100 (309.7s)
[final] npm rcgat_sym seed=104 cfg=c1_h128_d0.2 val=0.1737 test=0.1585 h10=0.2652 epoch=100 (310.9s)
[final] npm rcgat_sym seed=105 cfg=c1_h128_d0.2 val=0.1732 test=0.1503 h10=0.2873 epoch=74 (314.2s)
[final] npm rcgat_sym seed=106 cfg=c1_h128_d0.2 val=0.1727 test=0.1661 h10=0.2597 epoch=100 (303.4s)
[final] npm rcgat_sym seed=107 cfg=c1_h128_d0.2 val=0.1800 test=0.1622 h10=0.2818 epoch=100 (310.4s)
[final] npm rcgat_sym seed=108 cfg=c1_h128_d0.2 val=0.1803 test=0.1608 h10=0.2597 epoch=100 (308.9s)
[final] npm rcgat_sym seed=110 cfg=c1_h128_d0.2 val=0.1659 test=0.1597 h10=0.2707 epoch=6 (144.0s)
[final] npm rcgat_sym seed=109 cfg=c1_h128_d0.2 val=0.1774 test=0.1648 h10=0.2597 epoch=100 (310.1s)
[final] npm gat_time seed=101 cfg=c4_h128_d0.5 val=0.1800 test=0.1751 h10=0.3039 epoch=66 (306.6s)
[final] npm gat_time seed=102 cfg=c4_h128_d0.5 val=0.1818 test=0.1875 h10=0.2983 epoch=96 (308.7s)
[final] npm gat_time seed=103 cfg=c4_h128_d0.5 val=0.1865 test=0.1691 h10=0.2983 epoch=82 (297.2s)
[final] npm gat_time seed=104 cfg=c4_h128_d0.5 val=0.2086 test=0.2108 h10=0.3591 epoch=100 (279.4s)
[final] npm gat_time seed=107 cfg=c4_h128_d0.5 val=0.1660 test=0.1618 h10=0.2652 epoch=10 (133.0s)
[final] npm gat_time seed=105 cfg=c4_h128_d0.5 val=0.1819 test=0.1697 h10=0.2928 epoch=94 (274.4s)
[final] npm gat_time seed=106 cfg=c4_h128_d0.5 val=0.1813 test=0.1568 h10=0.2762 epoch=100 (261.0s)
[final] npm gat_time seed=109 cfg=c4_h128_d0.5 val=0.1953 test=0.1826 h10=0.3094 epoch=100 (256.0s)
[final] npm gat_time seed=108 cfg=c4_h128_d0.5 val=0.1981 test=0.1822 h10=0.3370 epoch=90 (259.0s)
[final] npm gat_time seed=110 cfg=c4_h128_d0.5 val=0.1842 test=0.1795 h10=0.3149 epoch=86 (238.4s)
