seed 101: floor A=0.1559 (181/494)  floor B=0.1692 (205/693)  cands 4611 / 4958
seed 102: floor A=0.1522 (181/494)  floor B=0.1707 (205/693)  cands 4611 / 4958
seed 103: floor A=0.1588 (181/494)  floor B=0.1740 (205/693)  cands 4611 / 4958
seed 104: floor A=0.1576 (181/494)  floor B=0.1770 (205/693)  cands 4611 / 4958
seed 105: floor A=0.1600 (181/494)  floor B=0.1771 (205/693)  cands 4611 / 4958
seed 106: floor A=0.1575 (181/494)  floor B=0.1776 (205/693)  cands 4611 / 4958
seed 107: floor A=0.1573 (181/494)  floor B=0.1693 (205/693)  cands 4611 / 4958
seed 108: floor A=0.1551 (181/494)  floor B=0.1707 (205/693)  cands 4611 / 4958
seed 109: floor A=0.1567 (181/494)  floor B=0.1735 (205/693)  cands 4611 / 4958
seed 110: floor A=0.1548 (181/494)  floor B=0.1721 (205/693)  cands 4611 / 4958

floor A: 0.1566 ± 0.0022   floor B: 0.1731 ± 0.0033

=== matched reading (models and floor both under A) ===
| model | mean model A | mean floor A | mean Δ | seeds below floor |
|---|---|---|---|---|
| gat_dir | 0.1644 | 0.1566 | +0.0078 | 0/10 |
| ragat_sym | 0.1623 | 0.1566 | +0.0057 | 0/10 |
| gat_time | 0.1811 | 0.1566 | +0.0245 | 1/10 |
| ragat_time | 0.1652 | 0.1566 | +0.0087 | 3/10 |

=== mixed reading (models under A, floor credited under B) ===
| model | mean model A | mean floor B | mean Δ | seeds below floor |
|---|---|---|---|---|
| gat_dir | 0.1644 | 0.1731 | -0.0088 | 9/10 |
| ragat_sym | 0.1623 | 0.1731 | -0.0108 | 10/10 |
| gat_time | 0.1811 | 0.1731 | +0.0079 | 4/10 |
| ragat_time | 0.1652 | 0.1731 | -0.0079 | 7/10 |

The mixed row is the diagnostic point: it is the only combination tried here that reproduces the manuscript's sign (cells below a content floor) on most seeds.
written /mnt/wisdisk-prod/agents/788f25d3d16446c8a0ae5854eb9aa856/universal_run-788f25d3d16446c8a0ae5854eb9aa856/repro/logs/floor_pool_readings.json
