[npm seed=101] gat_dir
    ep  2 loss=1.1458 val=0.1631 test=0.1607 gain_vs_floor=+0.0048
    ep  4 loss=1.3174 val=0.1636 test=0.1612 gain_vs_floor=+0.0053
    ep  6 loss=1.1536 val=0.1583 test=0.1545 gain_vs_floor=-0.0014
    ep  8 loss=1.0019 val=0.1628 test=0.1603 gain_vs_floor=+0.0044
    ep 10 loss=1.0575 val=0.1634 test=0.1613 gain_vs_floor=+0.0054
    ep 12 loss=1.0301 val=0.1576 test=0.1611 gain_vs_floor=+0.0052
    ep 14 loss=0.9841 val=0.1615 test=0.1606 gain_vs_floor=+0.0047
    ep 16 loss=1.0140 val=0.1618 test=0.1605 gain_vs_floor=+0.0046
    ep 18 loss=0.9597 val=0.1615 test=0.1609 gain_vs_floor=+0.0050
    ep 20 loss=0.9856 val=0.1608 test=0.1619 gain_vs_floor=+0.0060
    ep 22 loss=0.9541 val=0.1619 test=0.1606 gain_vs_floor=+0.0047
    ep 24 loss=0.9590 val=0.1621 test=0.1609 gain_vs_floor=+0.0050
    ep 26 loss=0.9596 val=0.1615 test=0.1608 gain_vs_floor=+0.0049
    ep 28 loss=0.9414 val=0.1612 test=0.1612 gain_vs_floor=+0.0053
    ep 30 loss=0.9466 val=0.1620 test=0.1609 gain_vs_floor=+0.0050
    ep 32 loss=0.9375 val=0.1619 test=0.1612 gain_vs_floor=+0.0053
    ep 34 loss=0.9390 val=0.1619 test=0.1612 gain_vs_floor=+0.0053
    ep 36 loss=0.9268 val=0.1628 test=0.1624 gain_vs_floor=+0.0065
    ep 38 loss=0.9309 val=0.1625 test=0.1624 gain_vs_floor=+0.0065
    ep 40 loss=0.9180 val=0.1627 test=0.1619 gain_vs_floor=+0.0060
    ep 42 loss=0.9227 val=0.1627 test=0.1621 gain_vs_floor=+0.0062
    ep 44 loss=0.9135 val=0.1642 test=0.1631 gain_vs_floor=+0.0072
    ep 46 loss=0.9079 val=0.1663 test=0.1637 gain_vs_floor=+0.0078
    ep 48 loss=0.8997 val=0.1662 test=0.1665 gain_vs_floor=+0.0106
    ep 50 loss=0.8950 val=0.1662 test=0.1680 gain_vs_floor=+0.0121
    ep 52 loss=0.8882 val=0.1651 test=0.1681 gain_vs_floor=+0.0122
    ep 54 loss=0.8805 val=0.1669 test=0.1683 gain_vs_floor=+0.0124
    ep 56 loss=0.8718 val=0.1670 test=0.1679 gain_vs_floor=+0.0120
    ep 58 loss=0.8583 val=0.1642 test=0.1683 gain_vs_floor=+0.0124
    ep 60 loss=0.8487 val=0.1648 test=0.1641 gain_vs_floor=+0.0082
  floor=0.1559 | best-val(ep56) test=0.1679 | last-epoch test=0.1641 | min test=0.1545 @ep6 | epochs below floor: 1/30

[npm seed=101] ragat_sym
    ep  2 loss=1.2798 val=0.1584 test=0.1614 gain_vs_floor=+0.0055
    ep  4 loss=1.4055 val=0.1630 test=0.1577 gain_vs_floor=+0.0018
    ep  6 loss=1.0425 val=0.1566 test=0.1584 gain_vs_floor=+0.0025
    ep  8 loss=1.0489 val=0.1608 test=0.1571 gain_vs_floor=+0.0012
    ep 10 loss=1.1422 val=0.1612 test=0.1577 gain_vs_floor=+0.0018
    ep 12 loss=0.9579 val=0.1609 test=0.1574 gain_vs_floor=+0.0015
    ep 14 loss=1.0690 val=0.1609 test=0.1598 gain_vs_floor=+0.0039
    ep 16 loss=0.9563 val=0.1613 test=0.1566 gain_vs_floor=+0.0007
    ep 18 loss=1.0171 val=0.1618 test=0.1602 gain_vs_floor=+0.0043
    ep 20 loss=0.9516 val=0.1614 test=0.1599 gain_vs_floor=+0.0040
    ep 22 loss=0.9857 val=0.1615 test=0.1602 gain_vs_floor=+0.0043
    ep 24 loss=0.9475 val=0.1621 test=0.1606 gain_vs_floor=+0.0047
    ep 26 loss=0.9615 val=0.1623 test=0.1589 gain_vs_floor=+0.0030
    ep 28 loss=0.9448 val=0.1621 test=0.1614 gain_vs_floor=+0.0054
    ep 30 loss=0.9390 val=0.1618 test=0.1595 gain_vs_floor=+0.0036
    ep 32 loss=0.9408 val=0.1621 test=0.1609 gain_vs_floor=+0.0050
    ep 34 loss=0.9258 val=0.1634 test=0.1644 gain_vs_floor=+0.0085
    ep 36 loss=0.9284 val=0.1634 test=0.1614 gain_vs_floor=+0.0055
    ep 38 loss=0.9125 val=0.1606 test=0.1611 gain_vs_floor=+0.0052
    ep 40 loss=0.9114 val=0.1615 test=0.1641 gain_vs_floor=+0.0082
    ep 42 loss=0.8970 val=0.1643 test=0.1645 gain_vs_floor=+0.0086
    ep 44 loss=0.8890 val=0.1620 test=0.1645 gain_vs_floor=+0.0086
    ep 46 loss=0.8731 val=0.1620 test=0.1613 gain_vs_floor=+0.0054
    ep 48 loss=0.8573 val=0.1649 test=0.1647 gain_vs_floor=+0.0088
    ep 50 loss=0.8400 val=0.1647 test=0.1607 gain_vs_floor=+0.0048
    ep 52 loss=0.8181 val=0.1622 test=0.1591 gain_vs_floor=+0.0032
    ep 54 loss=0.7955 val=0.1656 test=0.1582 gain_vs_floor=+0.0023
    ep 56 loss=0.7770 val=0.1653 test=0.1560 gain_vs_floor=+0.0001
    ep 58 loss=0.7863 val=0.1692 test=0.1571 gain_vs_floor=+0.0012
    ep 60 loss=0.7420 val=0.1650 test=0.1562 gain_vs_floor=+0.0002
  floor=0.1559 | best-val(ep58) test=0.1571 | last-epoch test=0.1562 | min test=0.1560 @ep56 | epochs below floor: 0/30

[npm seed=101] gat_time
    ep  2 loss=1.0229 val=0.1626 test=0.1603 gain_vs_floor=+0.0044
    ep  4 loss=1.0730 val=0.1628 test=0.1612 gain_vs_floor=+0.0053
    ep  6 loss=1.0223 val=0.1631 test=0.1577 gain_vs_floor=+0.0017
    ep  8 loss=0.9432 val=0.1639 test=0.1643 gain_vs_floor=+0.0084
    ep 10 loss=0.9442 val=0.1663 test=0.1640 gain_vs_floor=+0.0081
    ep 12 loss=0.9414 val=0.1629 test=0.1610 gain_vs_floor=+0.0051
    ep 14 loss=0.8859 val=0.1662 test=0.1653 gain_vs_floor=+0.0093
    ep 16 loss=0.8801 val=0.1663 test=0.1646 gain_vs_floor=+0.0087
    ep 18 loss=0.8580 val=0.1662 test=0.1644 gain_vs_floor=+0.0085
    ep 20 loss=0.8225 val=0.1660 test=0.1654 gain_vs_floor=+0.0095
    ep 22 loss=0.8264 val=0.1669 test=0.1651 gain_vs_floor=+0.0092
    ep 24 loss=0.8171 val=0.1681 test=0.1650 gain_vs_floor=+0.0091
    ep 26 loss=0.7995 val=0.1649 test=0.1645 gain_vs_floor=+0.0086
    ep 28 loss=0.7936 val=0.1692 test=0.1653 gain_vs_floor=+0.0094
    ep 30 loss=0.7956 val=0.1681 test=0.1650 gain_vs_floor=+0.0091
    ep 32 loss=0.7883 val=0.1702 test=0.1652 gain_vs_floor=+0.0093
    ep 34 loss=0.7823 val=0.1707 test=0.1643 gain_vs_floor=+0.0084
    ep 36 loss=0.7606 val=0.1700 test=0.1642 gain_vs_floor=+0.0083
    ep 38 loss=0.7641 val=0.1739 test=0.1615 gain_vs_floor=+0.0056
    ep 40 loss=0.7577 val=0.1729 test=0.1608 gain_vs_floor=+0.0049
    ep 42 loss=0.7524 val=0.1736 test=0.1610 gain_vs_floor=+0.0051
    ep 44 loss=0.7439 val=0.1739 test=0.1607 gain_vs_floor=+0.0048
    ep 46 loss=0.7316 val=0.1747 test=0.1620 gain_vs_floor=+0.0061
    ep 48 loss=0.7280 val=0.1764 test=0.1606 gain_vs_floor=+0.0046
    ep 50 loss=0.7277 val=0.1754 test=0.1721 gain_vs_floor=+0.0162
    ep 52 loss=0.7183 val=0.1759 test=0.1791 gain_vs_floor=+0.0232
    ep 54 loss=0.7196 val=0.1742 test=0.1778 gain_vs_floor=+0.0219
    ep 56 loss=0.7166 val=0.1761 test=0.1778 gain_vs_floor=+0.0219
    ep 58 loss=0.7159 val=0.1781 test=0.1796 gain_vs_floor=+0.0237
    ep 60 loss=0.7196 val=0.1781 test=0.1847 gain_vs_floor=+0.0288
  floor=0.1559 | best-val(ep58) test=0.1796 | last-epoch test=0.1847 | min test=0.1577 @ep6 | epochs below floor: 0/30

written logs/diag_epoch.json

=== summary ===
| model | floor | ep0 | best-val test | last test | min test | #ep<floor |
|---|---|---|---|---|---|---|
| gat_dir | 0.1559 | 0.1559 | 0.1679 (ep56) | 0.1641 | 0.1545 (ep6) | 1 |
| ragat_sym | 0.1559 | 0.1559 | 0.1571 (ep58) | 0.1562 | 0.1560 (ep56) | 0 |
| gat_time | 0.1559 | 0.1559 | 0.1796 (ep58) | 0.1847 | 0.1577 (ep6) | 0 |
