[e7] hepph: 4669 ids, 4069 to fetch
[e7] hepph: fetched 150/4069 (0 unresolvable)
[e7] hepph: fetched 300/4069 (0 unresolvable)
[e7] hepph: fetched 450/4069 (0 unresolvable)
[e7] hepph: fetched 600/4069 (0 unresolvable)
[e7] hepph: fetched 750/4069 (0 unresolvable)
[e7] hepph: fetched 900/4069 (0 unresolvable)
[e7] hepph: fetched 1050/4069 (0 unresolvable)
[e7] hepph: fetched 1200/4069 (0 unresolvable)
[e7] hepph: fetched 1350/4069 (0 unresolvable)
[e7] hepph: fetched 1500/4069 (0 unresolvable)
[e7] hepph: fetched 1650/4069 (0 unresolvable)
[e7] hepph: fetched 1800/4069 (0 unresolvable)
[e7] hepph: fetched 1950/4069 (0 unresolvable)
[e7] hepph: fetched 2100/4069 (0 unresolvable)
[e7] hepph: fetched 2250/4069 (0 unresolvable)
[e7] hepph: fetched 2400/4069 (0 unresolvable)
[e7] hepph: fetched 2550/4069 (0 unresolvable)
[e7] hepph: fetched 2700/4069 (0 unresolvable)
[e7] hepph: fetched 2850/4069 (0 unresolvable)
[e7] hepph: fetched 3000/4069 (0 unresolvable)
[e7] hepph: fetched 3150/4069 (0 unresolvable)
[e7] hepph: fetched 3300/4069 (0 unresolvable)
[e7] hepph: fetched 3450/4069 (0 unresolvable)
[e7] hepph: fetched 3600/4069 (0 unresolvable)
[e7] hepph: fetched 3750/4069 (0 unresolvable)
[e7] hepph: fetched 3900/4069 (0 unresolvable)
[e7] hepph: fetched 4050/4069 (0 unresolvable)
[e7] batch 4050 attempt 1 failed: TimeoutError: The read operation timed out
[e7] hepph: fetched 4069/4069 (0 unresolvable)
[e7] hepph: metadata for 4669/4669 ids (0 not resolvable)
[e7] wrote hepph_graph.json.gz: 4669 nodes, 12397 edges, span 2001-12-31..2003-02-28
