[bundle] hepth seed=11 floor_test=0.6133 sources=249 candidates=3889
[bundle] hepth seed=21 floor_test=0.6106 sources=249 candidates=3889
[bundle] hepth seed=22 floor_test=0.6139 sources=249 candidates=3889
[bundle] hepth seed=23 floor_test=0.6142 sources=249 candidates=3889
[bundle] hepth seed=24 floor_test=0.6083 sources=249 candidates=3889
[tune] 16 jobs on tuning seed 11 (workers=2)
[tune] hepth gat_dir seed=11 cfg=c1_h128_d0.2 val=0.5488 test=0.6131 h10=0.7912 epoch=1 (106.6s)
[tune] hepth gat_dir seed=11 cfg=c2_h64_d0.2 val=0.5680 test=0.6284 h10=0.8032 epoch=50 (201.1s)
[tune] hepth gat_dir seed=11 cfg=c3_h64_d0.5 val=0.5679 test=0.6233 h10=0.8072 epoch=54 (199.1s)
[tune] hepth gat_dir seed=11 cfg=c4_h128_d0.5 val=0.5498 test=0.6124 h10=0.7912 epoch=8 (128.5s)
[tune] hepth ragat_sym seed=11 cfg=c2_h64_d0.2 val=0.5631 test=0.6278 h10=0.7952 epoch=44 (169.2s)
[tune] hepth ragat_sym seed=11 cfg=c1_h128_d0.2 val=0.5596 test=0.6286 h10=0.8032 epoch=44 (244.2s)
[tune] hepth ragat_sym seed=11 cfg=c3_h64_d0.5 val=0.5551 test=0.6178 h10=0.7871 epoch=36 (159.1s)
[tune] hepth ragat_sym seed=11 cfg=c4_h128_d0.5 val=0.5527 test=0.6080 h10=0.7952 epoch=24 (171.0s)
[tune] hepth gat_time seed=11 cfg=c2_h64_d0.2 val=0.5545 test=0.6119 h10=0.7952 epoch=16 (169.3s)
[tune] hepth gat_time seed=11 cfg=c1_h128_d0.2 val=0.5602 test=0.6251 h10=0.7871 epoch=38 (278.1s)
[tune] hepth gat_time seed=11 cfg=c4_h128_d0.5 val=0.5469 test=0.6135 h10=0.7912 epoch=1 (134.5s)
[tune] hepth gat_time seed=11 cfg=c3_h64_d0.5 val=0.5665 test=0.6357 h10=0.7992 epoch=70 (256.5s)
[tune] hepth ragat_time seed=11 cfg=c1_h128_d0.2 val=0.5628 test=0.6182 h10=0.7952 epoch=42 (305.5s)
[tune] hepth ragat_time seed=11 cfg=c2_h64_d0.2 val=0.5670 test=0.6224 h10=0.7992 epoch=60 (256.3s)
[tune] hepth ragat_time seed=11 cfg=c3_h64_d0.5 val=0.5474 test=0.6101 h10=0.7912 epoch=10 (125.1s)
[tune] hepth ragat_time seed=11 cfg=c4_h128_d0.5 val=0.5484 test=0.6181 h10=0.7952 epoch=10 (158.7s)
[select] hepth: mode=per_model chosen=c2_h64_d0.2 (mean cell val MRR over grid 0.5632)
[select] hepth: mode=per_model chosen=c2_h64_d0.2 (mean cell val MRR over grid 0.5632)
[final] 16 jobs, workers=2
[final] hepth gat_dir seed=21 cfg=c2_h64_d0.2 val=0.5715 test=0.6325 h10=0.8072 epoch=44 (258.0s)
[final] hepth gat_dir seed=22 cfg=c2_h64_d0.2 val=0.5661 test=0.6303 h10=0.8032 epoch=52 (279.6s)
[final] hepth gat_dir seed=23 cfg=c2_h64_d0.2 val=0.5655 test=0.6164 h10=0.7952 epoch=46 (265.8s)
[final] hepth gat_dir seed=24 cfg=c2_h64_d0.2 val=0.5713 test=0.6208 h10=0.8032 epoch=66 (310.6s)
[final] hepth ragat_sym seed=21 cfg=c2_h64_d0.2 val=0.5567 test=0.6100 h10=0.7671 epoch=64 (339.6s)
[final] hepth ragat_sym seed=22 cfg=c2_h64_d0.2 val=0.5563 test=0.6240 h10=0.7871 epoch=42 (276.8s)
[final] hepth ragat_sym seed=23 cfg=c2_h64_d0.2 val=0.5648 test=0.6139 h10=0.7952 epoch=40 (289.0s)
[final] hepth ragat_sym seed=24 cfg=c2_h64_d0.2 val=0.5582 test=0.6051 h10=0.7871 epoch=44 (308.2s)
[final] hepth gat_time seed=21 cfg=c3_h64_d0.5 val=0.5681 test=0.6408 h10=0.8072 epoch=50 (245.4s)
[final] hepth gat_time seed=22 cfg=c3_h64_d0.5 val=0.5693 test=0.6510 h10=0.8112 epoch=58 (257.8s)
[final] hepth gat_time seed=23 cfg=c3_h64_d0.5 val=0.5654 test=0.6391 h10=0.8072 epoch=46 (213.9s)
[final] hepth gat_time seed=24 cfg=c3_h64_d0.5 val=0.5704 test=0.6214 h10=0.7952 epoch=56 (238.6s)
[final] hepth ragat_time seed=22 cfg=c2_h64_d0.2 val=0.5520 test=0.6142 h10=0.7912 epoch=26 (162.0s)
[final] hepth ragat_time seed=21 cfg=c2_h64_d0.2 val=0.5659 test=0.6323 h10=0.8153 epoch=58 (245.2s)
[final] hepth ragat_time seed=24 cfg=c2_h64_d0.2 val=0.5537 test=0.6094 h10=0.7992 epoch=8 (121.6s)
[final] hepth ragat_time seed=23 cfg=c2_h64_d0.2 val=0.5518 test=0.6102 h10=0.7952 epoch=56 (225.5s)
