[bundle] hepph seed=11 floor_test=0.4899 sources=265 candidates=4341
[bundle] hepph seed=21 floor_test=0.4862 sources=265 candidates=4341
[bundle] hepph seed=22 floor_test=0.4889 sources=265 candidates=4341
[bundle] hepph seed=23 floor_test=0.4906 sources=265 candidates=4341
[bundle] hepph seed=24 floor_test=0.4898 sources=265 candidates=4341
[tune] 16 jobs on tuning seed 11 (workers=2)
[tune] hepph gat_dir seed=11 cfg=c2_h64_d0.2 val=0.4973 test=0.4881 h10=0.7094 epoch=4 (97.1s)
[tune] hepph gat_dir seed=11 cfg=c1_h128_d0.2 val=0.4963 test=0.4879 h10=0.7019 epoch=2 (115.4s)
[tune] hepph gat_dir seed=11 cfg=c3_h64_d0.5 val=0.4957 test=0.4885 h10=0.7057 epoch=6 (104.4s)
[tune] hepph gat_dir seed=11 cfg=c4_h128_d0.5 val=0.4972 test=0.4898 h10=0.7019 epoch=4 (115.0s)
[tune] hepph ragat_sym seed=11 cfg=c2_h64_d0.2 val=0.4980 test=0.4881 h10=0.7094 epoch=4 (83.9s)
[tune] hepph ragat_sym seed=11 cfg=c1_h128_d0.2 val=0.4963 test=0.4872 h10=0.7019 epoch=6 (118.8s)
[tune] hepph ragat_sym seed=11 cfg=c3_h64_d0.5 val=0.4964 test=0.4895 h10=0.7057 epoch=4 (89.6s)
[tune] hepph ragat_sym seed=11 cfg=c4_h128_d0.5 val=0.4970 test=0.4882 h10=0.7019 epoch=4 (111.6s)
[tune] hepph gat_time seed=11 cfg=c1_h128_d0.2 val=0.4977 test=0.4905 h10=0.7019 epoch=2 (114.4s)
[tune] hepph gat_time seed=11 cfg=c2_h64_d0.2 val=0.4968 test=0.4885 h10=0.7019 epoch=4 (94.9s)
[tune] hepph gat_time seed=11 cfg=c3_h64_d0.5 val=0.4973 test=0.4877 h10=0.7019 epoch=2 (85.2s)
[tune] hepph gat_time seed=11 cfg=c4_h128_d0.5 val=0.4961 test=0.4871 h10=0.7019 epoch=2 (104.0s)
[tune] hepph ragat_time seed=11 cfg=c1_h128_d0.2 val=0.4978 test=0.4922 h10=0.7057 epoch=2 (104.7s)
[tune] hepph ragat_time seed=11 cfg=c2_h64_d0.2 val=0.4974 test=0.4882 h10=0.7057 epoch=4 (91.4s)
[tune] hepph ragat_time seed=11 cfg=c3_h64_d0.5 val=0.4953 test=0.4878 h10=0.7057 epoch=4 (83.9s)
[tune] hepph ragat_time seed=11 cfg=c4_h128_d0.5 val=0.4960 test=0.4890 h10=0.7057 epoch=2 (90.3s)
[select] hepph: mode=per_model chosen=c2_h64_d0.2 (mean cell val MRR over grid 0.4974)
[select] hepph: mode=per_model chosen=c2_h64_d0.2 (mean cell val MRR over grid 0.4974)
[final] 16 jobs, workers=2
[final] hepph gat_dir seed=21 cfg=c2_h64_d0.2 val=0.4953 test=0.4845 h10=0.7057 epoch=4 (113.3s)
[final] hepph gat_dir seed=22 cfg=c2_h64_d0.2 val=0.4898 test=0.4875 h10=0.7057 epoch=2 (120.6s)
[final] hepph gat_dir seed=23 cfg=c2_h64_d0.2 val=0.4894 test=0.4904 h10=0.7057 epoch=2 (108.3s)
[final] hepph gat_dir seed=24 cfg=c2_h64_d0.2 val=0.4882 test=0.4880 h10=0.7132 epoch=2 (103.6s)
[final] hepph ragat_sym seed=22 cfg=c2_h64_d0.2 val=0.4897 test=0.4877 h10=0.7057 epoch=2 (112.9s)
[final] hepph ragat_sym seed=21 cfg=c2_h64_d0.2 val=0.4941 test=0.4854 h10=0.7094 epoch=6 (123.5s)
[final] hepph ragat_sym seed=23 cfg=c2_h64_d0.2 val=0.4901 test=0.4893 h10=0.7094 epoch=2 (117.9s)
[final] hepph ragat_sym seed=24 cfg=c2_h64_d0.2 val=0.4885 test=0.4875 h10=0.7132 epoch=2 (113.0s)
[final] hepph gat_time seed=21 cfg=c1_h128_d0.2 val=0.4962 test=0.4892 h10=0.7057 epoch=2 (139.4s)
[final] hepph gat_time seed=22 cfg=c1_h128_d0.2 val=0.4910 test=0.4905 h10=0.7132 epoch=4 (140.5s)
[final] hepph gat_time seed=23 cfg=c1_h128_d0.2 val=0.4922 test=0.4907 h10=0.7132 epoch=4 (140.3s)
[final] hepph gat_time seed=24 cfg=c1_h128_d0.2 val=0.4908 test=0.4909 h10=0.7170 epoch=4 (153.9s)
[final] hepph ragat_time seed=21 cfg=c1_h128_d0.2 val=0.4965 test=0.4915 h10=0.7057 epoch=2 (171.3s)
[final] hepph ragat_time seed=22 cfg=c1_h128_d0.2 val=0.4904 test=0.4865 h10=0.7094 epoch=4 (175.0s)
[final] hepph ragat_time seed=23 cfg=c1_h128_d0.2 val=0.4924 test=0.4896 h10=0.7132 epoch=4 (178.9s)
[final] hepph ragat_time seed=24 cfg=c1_h128_d0.2 val=0.5463 test=0.5829 h10=0.7774 epoch=48 (298.6s)
