
=== maven_firstpub ===
[graph] reusing maven_firstpub_graph.json.gz (502 nodes)
[bundle] seed=11 floor_test=0.3090 candidates=466
[bundle] seed=121 floor_test=0.2870 candidates=466
[bundle] seed=122 floor_test=0.2490 candidates=466
[bundle] seed=123 floor_test=0.2813 candidates=466
[bundle] seed=124 floor_test=0.2827 candidates=466
[bundle] seed=125 floor_test=0.2867 candidates=466
[bundle] seed=126 floor_test=0.2489 candidates=466
[bundle] seed=127 floor_test=0.2736 candidates=466
[bundle] seed=128 floor_test=0.3105 candidates=466
[bundle] seed=129 floor_test=0.3105 candidates=466
[bundle] seed=130 floor_test=0.2482 candidates=466
[tune] 28 jobs on tuning seed 11 (workers=3)
[tune] maven_firstpub gat_dir seed=11 cfg=c2_h64_d0.2 val=0.3102 test=0.3353 h10=0.7778 epoch=52 (4.1s)
[tune] maven_firstpub gat_dir seed=11 cfg=c3_h64_d0.5 val=0.3182 test=0.3702 h10=0.9444 epoch=80 (6.1s)
[tune] maven_firstpub gat_dir seed=11 cfg=c1_h128_d0.2 val=0.3259 test=0.3429 h10=0.9444 epoch=44 (7.1s)
[tune] maven_firstpub gat_dir seed=11 cfg=c4_h128_d0.5 val=0.3356 test=0.4160 h10=0.9444 epoch=34 (5.6s)
[tune] maven_firstpub ragat_sym seed=11 cfg=c2_h64_d0.2 val=0.2773 test=0.3569 h10=0.8333 epoch=48 (3.9s)
[tune] maven_firstpub ragat_sym seed=11 cfg=c3_h64_d0.5 val=0.2589 test=0.3400 h10=0.7778 epoch=4 (2.6s)
[tune] maven_firstpub ragat_sym seed=11 cfg=c1_h128_d0.2 val=0.3130 test=0.4065 h10=1.0000 epoch=60 (7.5s)
[tune] maven_firstpub ragat_sym seed=11 cfg=c4_h128_d0.5 val=0.3171 test=0.3561 h10=0.9444 epoch=30 (5.3s)
[tune] maven_firstpub gat_time seed=11 cfg=c1_h128_d0.2 val=0.3793 test=0.5042 h10=1.0000 epoch=20 (5.1s)
[tune] maven_firstpub gat_time seed=11 cfg=c2_h64_d0.2 val=0.3905 test=0.5635 h10=1.0000 epoch=44 (4.7s)
[tune] maven_firstpub gat_time seed=11 cfg=c3_h64_d0.5 val=0.3964 test=0.6500 h10=1.0000 epoch=20 (3.8s)
[tune] maven_firstpub ragat_time seed=11 cfg=c2_h64_d0.2 val=0.3810 test=0.5071 h10=1.0000 epoch=16 (3.5s)
[tune] maven_firstpub gat_time seed=11 cfg=c4_h128_d0.5 val=0.3909 test=0.4496 h10=1.0000 epoch=56 (6.9s)
[tune] maven_firstpub ragat_time seed=11 cfg=c1_h128_d0.2 val=0.3855 test=0.4880 h10=1.0000 epoch=52 (7.6s)
[tune] maven_firstpub gcn_dir seed=11 cfg=c1_h128_d0.2 val=0.4458 test=0.4178 h10=0.8333 epoch=36 (3.0s)
[tune] maven_firstpub ragat_time seed=11 cfg=c3_h64_d0.5 val=0.4108 test=0.5694 h10=1.0000 epoch=46 (5.8s)
[tune] maven_firstpub gcn_dir seed=11 cfg=c2_h64_d0.2 val=0.3550 test=0.3656 h10=0.8333 epoch=40 (2.9s)
[tune] maven_firstpub ragat_time seed=11 cfg=c4_h128_d0.5 val=0.4028 test=0.6361 h10=1.0000 epoch=44 (7.4s)
[tune] maven_firstpub gcn_dir seed=11 cfg=c3_h64_d0.5 val=0.3569 test=0.3750 h10=1.0000 epoch=44 (4.2s)
[tune] maven_firstpub gcn_dir seed=11 cfg=c4_h128_d0.5 val=0.4546 test=0.4378 h10=0.8333 epoch=26 (2.5s)
[tune] maven_firstpub sage_dir seed=11 cfg=c3_h64_d0.5 val=0.4070 test=0.4398 h10=0.8333 epoch=12 (1.3s)
[tune] maven_firstpub sage_dir seed=11 cfg=c2_h64_d0.2 val=0.4084 test=0.4269 h10=0.8333 epoch=8 (2.2s)
[tune] maven_firstpub sage_dir seed=11 cfg=c1_h128_d0.2 val=0.4485 test=0.5941 h10=1.0000 epoch=46 (4.6s)
[tune] maven_firstpub sage_dir seed=11 cfg=c4_h128_d0.5 val=0.4360 test=0.4367 h10=0.8333 epoch=22 (3.2s)
[tune] maven_firstpub gatv2_dir seed=11 cfg=c3_h64_d0.5 val=0.2837 test=0.3091 h10=0.7222 epoch=10 (2.6s)
[tune] maven_firstpub gatv2_dir seed=11 cfg=c2_h64_d0.2 val=0.3369 test=0.3382 h10=0.7778 epoch=78 (6.3s)
[tune] maven_firstpub gatv2_dir seed=11 cfg=c1_h128_d0.2 val=0.3222 test=0.3679 h10=0.9444 epoch=42 (8.7s)
[tune] maven_firstpub gatv2_dir seed=11 cfg=c4_h128_d0.5 val=0.3249 test=0.3401 h10=0.9444 epoch=54 (6.9s)
[select] maven_firstpub: mode=per_model chosen=c4_h128_d0.5 (mean cell val MRR over grid 0.3616)
[select] maven_firstpub: mode=per_model chosen=c4_h128_d0.5 (mean cell val MRR over grid 0.3616)
[final] 70 jobs, workers=3
[final] maven_firstpub gat_dir seed=121 cfg=c4_h128_d0.5 val=0.2402 test=0.3290 h10=0.9444 epoch=46 (7.0s)
[final] maven_firstpub gat_dir seed=123 cfg=c4_h128_d0.5 val=0.3029 test=0.3530 h10=0.9444 epoch=34 (7.7s)
[final] maven_firstpub gat_dir seed=122 cfg=c4_h128_d0.5 val=0.2941 test=0.3374 h10=0.9444 epoch=64 (8.7s)
[final] maven_firstpub gat_dir seed=124 cfg=c4_h128_d0.5 val=0.3280 test=0.3540 h10=0.9444 epoch=36 (7.0s)
[final] maven_firstpub gat_dir seed=126 cfg=c4_h128_d0.5 val=0.3503 test=0.2944 h10=0.9444 epoch=38 (6.4s)
[final] maven_firstpub gat_dir seed=125 cfg=c4_h128_d0.5 val=0.2103 test=0.3836 h10=0.9444 epoch=46 (7.5s)
[final] maven_firstpub gat_dir seed=128 cfg=c4_h128_d0.5 val=0.2778 test=0.2875 h10=0.7778 epoch=18 (4.8s)
[final] maven_firstpub gat_dir seed=127 cfg=c4_h128_d0.5 val=0.3317 test=0.3333 h10=0.9444 epoch=50 (7.0s)
[final] maven_firstpub gat_dir seed=129 cfg=c4_h128_d0.5 val=0.3192 test=0.2856 h10=0.7778 epoch=52 (8.1s)
[final] maven_firstpub ragat_sym seed=121 cfg=c4_h128_d0.5 val=0.1849 test=0.2903 h10=0.7222 epoch=4 (3.7s)
[final] maven_firstpub gat_dir seed=130 cfg=c4_h128_d0.5 val=0.3170 test=0.3086 h10=0.9444 epoch=44 (6.4s)
[final] maven_firstpub ragat_sym seed=122 cfg=c4_h128_d0.5 val=0.2647 test=0.3299 h10=0.7778 epoch=34 (6.8s)
[final] maven_firstpub ragat_sym seed=124 cfg=c4_h128_d0.5 val=0.2755 test=0.3140 h10=0.7778 epoch=16 (4.9s)
[final] maven_firstpub ragat_sym seed=123 cfg=c4_h128_d0.5 val=0.2786 test=0.3459 h10=0.9444 epoch=30 (7.2s)
[final] maven_firstpub ragat_sym seed=127 cfg=c4_h128_d0.5 val=0.3076 test=0.2754 h10=0.8333 epoch=2 (2.9s)
[final] maven_firstpub ragat_sym seed=126 cfg=c4_h128_d0.5 val=0.3318 test=0.2571 h10=0.7778 epoch=2 (4.4s)
[final] maven_firstpub ragat_sym seed=128 cfg=c4_h128_d0.5 val=0.2763 test=0.3138 h10=0.7778 epoch=18 (4.5s)
[final] maven_firstpub ragat_sym seed=125 cfg=c4_h128_d0.5 val=0.2001 test=0.3398 h10=0.9444 epoch=62 (9.5s)
[final] maven_firstpub gat_time seed=121 cfg=c3_h64_d0.5 val=0.3620 test=0.5417 h10=1.0000 epoch=34 (4.3s)
[final] maven_firstpub ragat_sym seed=129 cfg=c4_h128_d0.5 val=0.3183 test=0.4301 h10=0.9444 epoch=60 (8.9s)
[final] maven_firstpub ragat_sym seed=130 cfg=c4_h128_d0.5 val=0.2946 test=0.4157 h10=1.0000 epoch=68 (8.4s)
[final] maven_firstpub gat_time seed=122 cfg=c3_h64_d0.5 val=0.3892 test=0.5074 h10=1.0000 epoch=20 (4.5s)
[final] maven_firstpub gat_time seed=123 cfg=c3_h64_d0.5 val=0.4384 test=0.6306 h10=1.0000 epoch=22 (4.1s)
[final] maven_firstpub gat_time seed=124 cfg=c3_h64_d0.5 val=0.3819 test=0.5722 h10=1.0000 epoch=22 (3.6s)
[final] maven_firstpub gat_time seed=127 cfg=c3_h64_d0.5 val=0.4145 test=0.5722 h10=1.0000 epoch=20 (2.9s)
[final] maven_firstpub gat_time seed=126 cfg=c3_h64_d0.5 val=0.4691 test=0.4884 h10=1.0000 epoch=42 (5.8s)
[final] maven_firstpub gat_time seed=125 cfg=c3_h64_d0.5 val=0.4746 test=0.5488 h10=1.0000 epoch=68 (6.8s)
[final] maven_firstpub gat_time seed=129 cfg=c3_h64_d0.5 val=0.3824 test=0.5565 h10=1.0000 epoch=22 (4.0s)
[final] maven_firstpub gat_time seed=130 cfg=c3_h64_d0.5 val=0.4703 test=0.6185 h10=1.0000 epoch=54 (4.8s)
[final] maven_firstpub gat_time seed=128 cfg=c3_h64_d0.5 val=0.3875 test=0.4345 h10=1.0000 epoch=58 (6.6s)
[final] maven_firstpub ragat_time seed=121 cfg=c3_h64_d0.5 val=0.3544 test=0.6028 h10=1.0000 epoch=20 (4.1s)
[final] maven_firstpub ragat_time seed=122 cfg=c3_h64_d0.5 val=0.3778 test=0.5028 h10=1.0000 epoch=20 (4.3s)
[final] maven_firstpub ragat_time seed=124 cfg=c3_h64_d0.5 val=0.3774 test=0.5349 h10=1.0000 epoch=18 (3.5s)
[final] maven_firstpub ragat_time seed=123 cfg=c3_h64_d0.5 val=0.4235 test=0.4914 h10=1.0000 epoch=46 (5.6s)
[final] maven_firstpub ragat_time seed=125 cfg=c3_h64_d0.5 val=0.3712 test=0.5065 h10=1.0000 epoch=48 (5.4s)
[final] maven_firstpub ragat_time seed=127 cfg=c3_h64_d0.5 val=0.4066 test=0.5750 h10=1.0000 epoch=22 (4.0s)
[final] maven_firstpub ragat_time seed=126 cfg=c3_h64_d0.5 val=0.4487 test=0.5787 h10=1.0000 epoch=54 (7.0s)
[final] maven_firstpub ragat_time seed=128 cfg=c3_h64_d0.5 val=0.3865 test=0.6706 h10=0.9444 epoch=18 (4.2s)
[final] maven_firstpub ragat_time seed=129 cfg=c3_h64_d0.5 val=0.3892 test=0.5259 h10=1.0000 epoch=38 (3.9s)
[final] maven_firstpub ragat_time seed=130 cfg=c3_h64_d0.5 val=0.4074 test=0.4917 h10=1.0000 epoch=50 (6.1s)
[final] maven_firstpub gcn_dir seed=122 cfg=c4_h128_d0.5 val=0.4646 test=0.4204 h10=1.0000 epoch=86 (4.8s)
[final] maven_firstpub gcn_dir seed=121 cfg=c4_h128_d0.5 val=0.4368 test=0.4444 h10=1.0000 epoch=96 (6.0s)
[final] maven_firstpub gcn_dir seed=125 cfg=c4_h128_d0.5 val=0.3104 test=0.3862 h10=0.8333 epoch=1 (1.9s)
[final] maven_firstpub gcn_dir seed=124 cfg=c4_h128_d0.5 val=0.4826 test=0.4583 h10=1.0000 epoch=54 (4.9s)
[final] maven_firstpub gcn_dir seed=123 cfg=c4_h128_d0.5 val=0.4697 test=0.4398 h10=1.0000 epoch=62 (5.3s)
[final] maven_firstpub gcn_dir seed=126 cfg=c4_h128_d0.5 val=0.4704 test=0.4546 h10=1.0000 epoch=82 (6.2s)
[final] maven_firstpub gcn_dir seed=127 cfg=c4_h128_d0.5 val=0.4941 test=0.4120 h10=1.0000 epoch=78 (4.4s)
[final] maven_firstpub gcn_dir seed=128 cfg=c4_h128_d0.5 val=0.4674 test=0.4259 h10=1.0000 epoch=62 (5.1s)
[final] maven_firstpub sage_dir seed=121 cfg=c1_h128_d0.2 val=0.3899 test=0.4288 h10=0.8333 epoch=8 (2.9s)
[final] maven_firstpub gcn_dir seed=130 cfg=c4_h128_d0.5 val=0.4424 test=0.4583 h10=1.0000 epoch=58 (4.6s)
[final] maven_firstpub gcn_dir seed=129 cfg=c4_h128_d0.5 val=0.4840 test=0.4364 h10=0.8333 epoch=88 (5.7s)
[final] maven_firstpub sage_dir seed=122 cfg=c1_h128_d0.2 val=0.4159 test=0.4020 h10=0.8333 epoch=12 (3.3s)
[final] maven_firstpub sage_dir seed=123 cfg=c1_h128_d0.2 val=0.4310 test=0.4881 h10=1.0000 epoch=20 (3.5s)
[final] maven_firstpub sage_dir seed=124 cfg=c1_h128_d0.2 val=0.4717 test=0.5899 h10=1.0000 epoch=88 (5.0s)
[final] maven_firstpub sage_dir seed=126 cfg=c1_h128_d0.2 val=0.4452 test=0.3478 h10=0.8333 epoch=8 (2.2s)
[final] maven_firstpub sage_dir seed=125 cfg=c1_h128_d0.2 val=0.3508 test=0.4448 h10=0.8333 epoch=8 (3.2s)
[final] maven_firstpub sage_dir seed=128 cfg=c1_h128_d0.2 val=0.4176 test=0.3679 h10=0.8333 epoch=22 (2.7s)
[final] maven_firstpub sage_dir seed=129 cfg=c1_h128_d0.2 val=0.4607 test=0.6445 h10=1.0000 epoch=100 (6.1s)
[final] maven_firstpub sage_dir seed=127 cfg=c1_h128_d0.2 val=0.5122 test=0.6204 h10=1.0000 epoch=94 (6.3s)
[final] maven_firstpub sage_dir seed=130 cfg=c1_h128_d0.2 val=0.5287 test=0.5312 h10=0.8889 epoch=100 (4.3s)
[final] maven_firstpub gatv2_dir seed=121 cfg=c2_h64_d0.2 val=0.1851 test=0.2869 h10=0.7222 epoch=1 (3.5s)
[final] maven_firstpub gatv2_dir seed=123 cfg=c2_h64_d0.2 val=0.3012 test=0.3284 h10=0.7778 epoch=36 (5.3s)
[final] maven_firstpub gatv2_dir seed=122 cfg=c2_h64_d0.2 val=0.3246 test=0.3366 h10=0.7778 epoch=64 (6.9s)
[final] maven_firstpub gatv2_dir seed=125 cfg=c2_h64_d0.2 val=0.1845 test=0.2890 h10=0.7222 epoch=2 (3.5s)
[final] maven_firstpub gatv2_dir seed=124 cfg=c2_h64_d0.2 val=0.3577 test=0.3721 h10=0.9444 epoch=96 (6.4s)
[final] maven_firstpub gatv2_dir seed=126 cfg=c2_h64_d0.2 val=0.2894 test=0.3179 h10=0.9444 epoch=54 (6.1s)
[final] maven_firstpub gatv2_dir seed=127 cfg=c2_h64_d0.2 val=0.3072 test=0.2825 h10=0.7778 epoch=2 (3.5s)
[final] maven_firstpub gatv2_dir seed=129 cfg=c2_h64_d0.2 val=0.2606 test=0.3102 h10=0.7222 epoch=16 (3.0s)
[final] maven_firstpub gatv2_dir seed=128 cfg=c2_h64_d0.2 val=0.3091 test=0.3456 h10=0.9444 epoch=100 (7.2s)
[final] maven_firstpub gatv2_dir seed=130 cfg=c2_h64_d0.2 val=0.2727 test=0.3267 h10=0.9444 epoch=54 (5.8s)
[maven_firstpub] done in 184.8s

=== maven_firstpub_full ===
[maven] parsed=2022 (node_date=first)
[graph] wrote maven_firstpub_full_graph.json.gz: 2022 nodes, 6357 edges
[bundle] seed=11 floor_test=0.2320 candidates=1879
[bundle] seed=121 floor_test=0.2199 candidates=1879
[bundle] seed=122 floor_test=0.2235 candidates=1879
[bundle] seed=123 floor_test=0.2286 candidates=1879
[bundle] seed=124 floor_test=0.2240 candidates=1879
[bundle] seed=125 floor_test=0.2259 candidates=1879
[bundle] seed=126 floor_test=0.2241 candidates=1879
[bundle] seed=127 floor_test=0.2294 candidates=1879
[bundle] seed=128 floor_test=0.2181 candidates=1879
[bundle] seed=129 floor_test=0.2290 candidates=1879
[bundle] seed=130 floor_test=0.2329 candidates=1879
[tune] 28 jobs on tuning seed 11 (workers=3)
[tune] maven_firstpub_full gat_dir seed=11 cfg=c3_h64_d0.5 val=0.2647 test=0.2582 h10=0.4681 epoch=2 (24.1s)
[tune] maven_firstpub_full gat_dir seed=11 cfg=c2_h64_d0.2 val=0.2669 test=0.3320 h10=0.5106 epoch=50 (61.0s)
[tune] maven_firstpub_full gat_dir seed=11 cfg=c1_h128_d0.2 val=0.2757 test=0.3231 h10=0.5106 epoch=48 (74.9s)
[tune] maven_firstpub_full ragat_sym seed=11 cfg=c1_h128_d0.2 val=0.2690 test=0.2546 h10=0.4787 epoch=10 (36.2s)
[tune] maven_firstpub_full ragat_sym seed=11 cfg=c2_h64_d0.2 val=0.2646 test=0.2812 h10=0.4894 epoch=6 (26.8s)
[tune] maven_firstpub_full gat_dir seed=11 cfg=c4_h128_d0.5 val=0.2823 test=0.3391 h10=0.5106 epoch=64 (94.1s)
[tune] maven_firstpub_full ragat_sym seed=11 cfg=c3_h64_d0.5 val=0.2602 test=0.2494 h10=0.5000 epoch=2 (35.4s)
[tune] maven_firstpub_full ragat_sym seed=11 cfg=c4_h128_d0.5 val=0.2828 test=0.2832 h10=0.5213 epoch=70 (113.4s)
[tune] maven_firstpub_full gat_time seed=11 cfg=c2_h64_d0.2 val=0.3025 test=0.3470 h10=0.5319 epoch=78 (83.2s)
[tune] maven_firstpub_full gat_time seed=11 cfg=c1_h128_d0.2 val=0.3108 test=0.3744 h10=0.5319 epoch=48 (110.6s)
[tune] maven_firstpub_full gat_time seed=11 cfg=c3_h64_d0.5 val=0.3059 test=0.3579 h10=0.5319 epoch=64 (89.6s)
[tune] maven_firstpub_full gat_time seed=11 cfg=c4_h128_d0.5 val=0.3199 test=0.3900 h10=0.5745 epoch=78 (112.0s)
[tune] maven_firstpub_full ragat_time seed=11 cfg=c1_h128_d0.2 val=0.3106 test=0.3759 h10=0.5851 epoch=74 (120.7s)
[tune] maven_firstpub_full ragat_time seed=11 cfg=c2_h64_d0.2 val=0.3125 test=0.3645 h10=0.5745 epoch=74 (106.7s)
[tune] maven_firstpub_full ragat_time seed=11 cfg=c3_h64_d0.5 val=0.3254 test=0.3772 h10=0.5745 epoch=74 (115.7s)
[tune] maven_firstpub_full gcn_dir seed=11 cfg=c2_h64_d0.2 val=0.2634 test=0.3307 h10=0.4787 epoch=1 (37.3s)
[tune] maven_firstpub_full ragat_time seed=11 cfg=c4_h128_d0.5 val=0.3162 test=0.4015 h10=0.6064 epoch=80 (142.6s)
[tune] maven_firstpub_full gcn_dir seed=11 cfg=c1_h128_d0.2 val=0.2870 test=0.3008 h10=0.5213 epoch=76 (97.7s)
[tune] maven_firstpub_full gcn_dir seed=11 cfg=c3_h64_d0.5 val=0.2643 test=0.3302 h10=0.4787 epoch=1 (33.8s)
[tune] maven_firstpub_full gcn_dir seed=11 cfg=c4_h128_d0.5 val=0.2813 test=0.2949 h10=0.4681 epoch=24 (70.0s)
[tune] maven_firstpub_full sage_dir seed=11 cfg=c1_h128_d0.2 val=0.2731 test=0.2780 h10=0.4681 epoch=56 (101.2s)
[tune] maven_firstpub_full sage_dir seed=11 cfg=c2_h64_d0.2 val=0.2750 test=0.3006 h10=0.4681 epoch=70 (101.2s)
[tune] maven_firstpub_full sage_dir seed=11 cfg=c3_h64_d0.5 val=0.2769 test=0.2828 h10=0.4681 epoch=80 (101.0s)
[tune] maven_firstpub_full sage_dir seed=11 cfg=c4_h128_d0.5 val=0.2724 test=0.2819 h10=0.4681 epoch=72 (103.4s)
[tune] maven_firstpub_full gatv2_dir seed=11 cfg=c1_h128_d0.2 val=0.2731 test=0.3221 h10=0.5106 epoch=48 (170.5s)
[tune] maven_firstpub_full gatv2_dir seed=11 cfg=c2_h64_d0.2 val=0.2746 test=0.2852 h10=0.4681 epoch=58 (129.5s)
[tune] maven_firstpub_full gatv2_dir seed=11 cfg=c3_h64_d0.5 val=0.2728 test=0.3197 h10=0.5000 epoch=72 (116.3s)
[tune] maven_firstpub_full gatv2_dir seed=11 cfg=c4_h128_d0.5 val=0.2650 test=0.2747 h10=0.4787 epoch=10 (66.3s)
[select] maven_firstpub_full: mode=per_model chosen=c4_h128_d0.5 (mean cell val MRR over grid 0.3003)
[select] maven_firstpub_full: mode=per_model chosen=c4_h128_d0.5 (mean cell val MRR over grid 0.3003)
[final] 70 jobs, workers=3
[final] maven_firstpub_full gat_dir seed=122 cfg=c4_h128_d0.5 val=0.2996 test=0.3109 h10=0.5213 epoch=44 (133.7s)
[final] maven_firstpub_full gat_dir seed=123 cfg=c4_h128_d0.5 val=0.2792 test=0.3215 h10=0.5106 epoch=52 (139.4s)
[final] maven_firstpub_full gat_dir seed=121 cfg=c4_h128_d0.5 val=0.2959 test=0.3122 h10=0.5319 epoch=64 (150.6s)
[final] maven_firstpub_full gat_dir seed=125 cfg=c4_h128_d0.5 val=0.2829 test=0.2881 h10=0.5000 epoch=2 (57.3s)
[final] maven_firstpub_full gat_dir seed=126 cfg=c4_h128_d0.5 val=0.2864 test=0.2951 h10=0.5106 epoch=1 (54.5s)
[final] maven_firstpub_full gat_dir seed=124 cfg=c4_h128_d0.5 val=0.2840 test=0.3254 h10=0.5106 epoch=64 (138.6s)
[final] maven_firstpub_full gat_dir seed=128 cfg=c4_h128_d0.5 val=0.2733 test=0.3292 h10=0.5319 epoch=50 (113.5s)
[final] maven_firstpub_full gat_dir seed=127 cfg=c4_h128_d0.5 val=0.2859 test=0.2571 h10=0.4362 epoch=62 (137.5s)
[final] maven_firstpub_full gat_dir seed=129 cfg=c4_h128_d0.5 val=0.2744 test=0.2380 h10=0.4468 epoch=16 (73.2s)
[final] maven_firstpub_full gat_dir seed=130 cfg=c4_h128_d0.5 val=0.2851 test=0.2728 h10=0.4681 epoch=22 (62.2s)
[final] maven_firstpub_full ragat_sym seed=122 cfg=c4_h128_d0.5 val=0.2900 test=0.2922 h10=0.5213 epoch=26 (62.9s)
[final] maven_firstpub_full ragat_sym seed=121 cfg=c4_h128_d0.5 val=0.2799 test=0.2947 h10=0.5106 epoch=42 (80.2s)
[final] maven_firstpub_full ragat_sym seed=123 cfg=c4_h128_d0.5 val=0.2672 test=0.2748 h10=0.5106 epoch=10 (51.6s)
[final] maven_firstpub_full ragat_sym seed=125 cfg=c4_h128_d0.5 val=0.2768 test=0.2633 h10=0.4468 epoch=1 (38.9s)
[final] maven_firstpub_full ragat_sym seed=124 cfg=c4_h128_d0.5 val=0.2684 test=0.2848 h10=0.5213 epoch=6 (45.0s)
[final] maven_firstpub_full ragat_sym seed=126 cfg=c4_h128_d0.5 val=0.2942 test=0.3174 h10=0.5213 epoch=44 (85.6s)
[final] maven_firstpub_full ragat_sym seed=127 cfg=c4_h128_d0.5 val=0.2780 test=0.2787 h10=0.5319 epoch=82 (94.4s)
[final] maven_firstpub_full ragat_sym seed=128 cfg=c4_h128_d0.5 val=0.2804 test=0.2498 h10=0.5213 epoch=84 (97.1s)
[final] maven_firstpub_full ragat_sym seed=129 cfg=c4_h128_d0.5 val=0.2686 test=0.2732 h10=0.5000 epoch=1 (35.6s)
[final] maven_firstpub_full ragat_sym seed=130 cfg=c4_h128_d0.5 val=0.2928 test=0.2781 h10=0.5426 epoch=100 (118.0s)
[final] maven_firstpub_full gat_time seed=122 cfg=c4_h128_d0.5 val=0.3093 test=0.3798 h10=0.5532 epoch=84 (112.0s)
[final] maven_firstpub_full gat_time seed=121 cfg=c4_h128_d0.5 val=0.3294 test=0.3696 h10=0.6064 epoch=94 (118.2s)
[final] maven_firstpub_full gat_time seed=124 cfg=c4_h128_d0.5 val=0.3155 test=0.3883 h10=0.6915 epoch=98 (122.3s)
[final] maven_firstpub_full gat_time seed=125 cfg=c4_h128_d0.5 val=0.3151 test=0.3646 h10=0.5638 epoch=84 (122.6s)
[final] maven_firstpub_full gat_time seed=123 cfg=c4_h128_d0.5 val=0.3205 test=0.4128 h10=0.6277 epoch=94 (139.9s)
[final] maven_firstpub_full gat_time seed=126 cfg=c4_h128_d0.5 val=0.3199 test=0.3614 h10=0.5319 epoch=44 (119.1s)
[final] maven_firstpub_full gat_time seed=127 cfg=c4_h128_d0.5 val=0.3113 test=0.3561 h10=0.5319 epoch=78 (125.3s)
[final] maven_firstpub_full gat_time seed=128 cfg=c4_h128_d0.5 val=0.3118 test=0.4079 h10=0.5957 epoch=94 (131.3s)
[final] maven_firstpub_full gat_time seed=129 cfg=c4_h128_d0.5 val=0.3109 test=0.3662 h10=0.5532 epoch=80 (137.2s)
[final] maven_firstpub_full ragat_time seed=121 cfg=c3_h64_d0.5 val=0.3518 test=0.4170 h10=0.6809 epoch=98 (110.9s)
[final] maven_firstpub_full gat_time seed=130 cfg=c4_h128_d0.5 val=0.3204 test=0.3960 h10=0.5851 epoch=88 (134.5s)
[final] maven_firstpub_full ragat_time seed=122 cfg=c3_h64_d0.5 val=0.3467 test=0.4291 h10=0.6809 epoch=96 (120.9s)
[final] maven_firstpub_full ragat_time seed=123 cfg=c3_h64_d0.5 val=0.3323 test=0.3940 h10=0.6596 epoch=98 (144.8s)
[final] maven_firstpub_full ragat_time seed=124 cfg=c3_h64_d0.5 val=0.3326 test=0.4508 h10=0.6915 epoch=100 (144.0s)
[final] maven_firstpub_full ragat_time seed=125 cfg=c3_h64_d0.5 val=0.3311 test=0.3656 h10=0.5957 epoch=84 (166.3s)
[final] maven_firstpub_full ragat_time seed=127 cfg=c3_h64_d0.5 val=0.3283 test=0.4083 h10=0.6277 epoch=86 (156.5s)
[final] maven_firstpub_full ragat_time seed=126 cfg=c3_h64_d0.5 val=0.3534 test=0.4176 h10=0.6596 epoch=98 (165.2s)
[final] maven_firstpub_full ragat_time seed=128 cfg=c3_h64_d0.5 val=0.3377 test=0.3921 h10=0.6064 epoch=90 (147.9s)
[final] maven_firstpub_full ragat_time seed=129 cfg=c3_h64_d0.5 val=0.3500 test=0.4383 h10=0.6489 epoch=100 (151.8s)
[final] maven_firstpub_full ragat_time seed=130 cfg=c3_h64_d0.5 val=0.3678 test=0.3762 h10=0.5745 epoch=84 (147.7s)
[final] maven_firstpub_full gcn_dir seed=121 cfg=c1_h128_d0.2 val=0.2944 test=0.2876 h10=0.5000 epoch=20 (104.2s)
[final] maven_firstpub_full gcn_dir seed=122 cfg=c1_h128_d0.2 val=0.2996 test=0.2839 h10=0.4787 epoch=26 (112.1s)
[final] maven_firstpub_full gcn_dir seed=123 cfg=c1_h128_d0.2 val=0.2811 test=0.3632 h10=0.5638 epoch=100 (159.6s)
[final] maven_firstpub_full gcn_dir seed=124 cfg=c1_h128_d0.2 val=0.2878 test=0.3471 h10=0.5638 epoch=92 (136.5s)
[final] maven_firstpub_full gcn_dir seed=126 cfg=c1_h128_d0.2 val=0.3023 test=0.2552 h10=0.4468 epoch=8 (60.6s)
[final] maven_firstpub_full gcn_dir seed=125 cfg=c1_h128_d0.2 val=0.3093 test=0.3349 h10=0.5532 epoch=88 (125.2s)
[final] maven_firstpub_full gcn_dir seed=128 cfg=c1_h128_d0.2 val=0.2738 test=0.2930 h10=0.4787 epoch=32 (63.4s)
[final] maven_firstpub_full gcn_dir seed=127 cfg=c1_h128_d0.2 val=0.2809 test=0.2707 h10=0.4681 epoch=56 (84.1s)
[final] maven_firstpub_full gcn_dir seed=129 cfg=c1_h128_d0.2 val=0.2949 test=0.3574 h10=0.5532 epoch=92 (86.3s)
[final] maven_firstpub_full gcn_dir seed=130 cfg=c1_h128_d0.2 val=0.3117 test=0.3195 h10=0.5213 epoch=36 (73.3s)
[final] maven_firstpub_full sage_dir seed=121 cfg=c3_h64_d0.5 val=0.2841 test=0.2916 h10=0.4787 epoch=56 (82.5s)
[final] maven_firstpub_full sage_dir seed=122 cfg=c3_h64_d0.5 val=0.2951 test=0.2859 h10=0.4574 epoch=52 (83.7s)
[final] maven_firstpub_full sage_dir seed=123 cfg=c3_h64_d0.5 val=0.2745 test=0.2678 h10=0.4787 epoch=46 (72.6s)
[final] maven_firstpub_full sage_dir seed=124 cfg=c3_h64_d0.5 val=0.2721 test=0.2829 h10=0.4574 epoch=44 (73.5s)
[final] maven_firstpub_full sage_dir seed=125 cfg=c3_h64_d0.5 val=0.2836 test=0.3491 h10=0.5213 epoch=24 (54.7s)
[final] maven_firstpub_full sage_dir seed=126 cfg=c3_h64_d0.5 val=0.2806 test=0.3433 h10=0.5000 epoch=16 (50.0s)
[final] maven_firstpub_full sage_dir seed=127 cfg=c3_h64_d0.5 val=0.2744 test=0.3318 h10=0.5106 epoch=16 (48.0s)
[final] maven_firstpub_full sage_dir seed=128 cfg=c3_h64_d0.5 val=0.2705 test=0.2948 h10=0.5106 epoch=44 (68.2s)
[final] maven_firstpub_full sage_dir seed=129 cfg=c3_h64_d0.5 val=0.2805 test=0.3505 h10=0.5213 epoch=18 (49.8s)
[final] maven_firstpub_full sage_dir seed=130 cfg=c3_h64_d0.5 val=0.2957 test=0.2822 h10=0.4681 epoch=60 (77.1s)
[final] maven_firstpub_full gatv2_dir seed=121 cfg=c2_h64_d0.2 val=0.2851 test=0.3160 h10=0.5106 epoch=54 (90.4s)
[final] maven_firstpub_full gatv2_dir seed=123 cfg=c2_h64_d0.2 val=0.2683 test=0.2603 h10=0.4787 epoch=1 (42.4s)
[final] maven_firstpub_full gatv2_dir seed=122 cfg=c2_h64_d0.2 val=0.2933 test=0.3203 h10=0.5106 epoch=64 (100.9s)
[final] maven_firstpub_full gatv2_dir seed=124 cfg=c2_h64_d0.2 val=0.2691 test=0.2422 h10=0.4787 epoch=2 (47.1s)
[final] maven_firstpub_full gatv2_dir seed=125 cfg=c2_h64_d0.2 val=0.2873 test=0.2819 h10=0.4894 epoch=1 (45.7s)
[final] maven_firstpub_full gatv2_dir seed=127 cfg=c2_h64_d0.2 val=0.2649 test=0.2662 h10=0.4681 epoch=1 (45.7s)
[final] maven_firstpub_full gatv2_dir seed=128 cfg=c2_h64_d0.2 val=0.2616 test=0.2542 h10=0.4894 epoch=2 (48.8s)
[final] maven_firstpub_full gatv2_dir seed=126 cfg=c2_h64_d0.2 val=0.2910 test=0.3183 h10=0.5106 epoch=48 (95.6s)
[final] maven_firstpub_full gatv2_dir seed=130 cfg=c2_h64_d0.2 val=0.2971 test=0.3220 h10=0.5106 epoch=52 (83.6s)
[final] maven_firstpub_full gatv2_dir seed=129 cfg=c2_h64_d0.2 val=0.2825 test=0.3132 h10=0.5106 epoch=60 (90.2s)
[maven_firstpub_full] done in 3177.3s
