[e7] hepth: 5303 ids, 5303 to fetch
[e7] hepth: fetched 150/5303 (0 unresolvable)
[e7] hepth: fetched 300/5303 (0 unresolvable)
[e7] hepth: fetched 450/5303 (0 unresolvable)
[e7] hepth: fetched 600/5303 (0 unresolvable)
[e7] hepth: fetched 750/5303 (0 unresolvable)
[e7] hepth: fetched 900/5303 (0 unresolvable)
[e7] hepth: fetched 1050/5303 (0 unresolvable)
[e7] hepth: fetched 1200/5303 (0 unresolvable)
[e7] hepth: fetched 1350/5303 (0 unresolvable)
[e7] hepth: fetched 1500/5303 (0 unresolvable)
[e7] hepth: fetched 1650/5303 (0 unresolvable)
[e7] hepth: fetched 1800/5303 (0 unresolvable)
[e7] hepth: fetched 1950/5303 (0 unresolvable)
[e7] hepth: fetched 2100/5303 (0 unresolvable)
[e7] hepth: fetched 2250/5303 (0 unresolvable)
[e7] hepth: fetched 2400/5303 (0 unresolvable)
[e7] hepth: fetched 2550/5303 (0 unresolvable)
[e7] hepth: fetched 2700/5303 (0 unresolvable)
[e7] hepth: fetched 2850/5303 (0 unresolvable)
[e7] hepth: fetched 3000/5303 (0 unresolvable)
[e7] hepth: fetched 3150/5303 (0 unresolvable)
[e7] hepth: fetched 3300/5303 (0 unresolvable)
[e7] hepth: fetched 3450/5303 (0 unresolvable)
[e7] hepth: fetched 3600/5303 (0 unresolvable)
[e7] hepth: fetched 3750/5303 (0 unresolvable)
[e7] batch 3750 attempt 1 failed: TimeoutError: The read operation timed out
[e7] hepth: fetched 3900/5303 (0 unresolvable)
[e7] hepth: fetched 4050/5303 (0 unresolvable)
[e7] hepth: fetched 4200/5303 (0 unresolvable)
[e7] hepth: fetched 4350/5303 (0 unresolvable)
[e7] hepth: fetched 4500/5303 (0 unresolvable)
[e7] hepth: fetched 4650/5303 (0 unresolvable)
[e7] hepth: fetched 4800/5303 (0 unresolvable)
[e7] hepth: fetched 4950/5303 (0 unresolvable)
[e7] hepth: fetched 5100/5303 (0 unresolvable)
[e7] hepth: fetched 5250/5303 (0 unresolvable)
[e7] hepth: fetched 5303/5303 (0 unresolvable)
[e7] hepth: metadata for 5303/5303 ids (0 not resolvable)
[e7] hepph: 5251 ids, 5251 to fetch
[e7] batch 0 attempt 1 failed: URLError: <urlopen error [Errno 104] Connection reset by peer>
[e7] hepph: fetched 150/5251 (0 unresolvable)
[e7] hepph: fetched 300/5251 (0 unresolvable)
[e7] hepph: fetched 450/5251 (0 unresolvable)
[e7] hepph: fetched 600/5251 (0 unresolvable)
