[e7] hepth: 2719 ids, 450 to fetch
[e7] hepth: fetched 150/450 (0 unresolvable)
[e7] hepth: fetched 300/450 (0 unresolvable)
[e7] hepth: fetched 450/450 (0 unresolvable)
[e7] hepth: metadata for 2719/2719 ids (0 not resolvable)
[e7] hepph: 4003 ids, 4003 to fetch
[e7] hepph: fetched 150/4003 (0 unresolvable)
[e7] hepph: fetched 300/4003 (0 unresolvable)
[e7] hepph: fetched 450/4003 (0 unresolvable)
[e7] hepph: fetched 600/4003 (0 unresolvable)
[e7] hepph: fetched 750/4003 (0 unresolvable)
[e7] hepph: fetched 900/4003 (0 unresolvable)
[e7] hepph: fetched 1050/4003 (0 unresolvable)
[e7] hepph: fetched 1200/4003 (0 unresolvable)
[e7] batch 1200 attempt 1 failed: TimeoutError: The read operation timed out
[e7] hepph: fetched 1350/4003 (0 unresolvable)
[e7] hepph: fetched 1500/4003 (0 unresolvable)
[e7] hepph: fetched 1650/4003 (0 unresolvable)
[e7] hepph: fetched 1800/4003 (0 unresolvable)
[e7] hepph: fetched 1950/4003 (0 unresolvable)
[e7] hepph: fetched 2100/4003 (0 unresolvable)
[e7] hepph: fetched 2250/4003 (0 unresolvable)
[e7] hepph: fetched 2400/4003 (0 unresolvable)
