extra seeds loaded: 1388 total
fetched=48 queued=1397 failed=0 deps_seen=1445 speed=1704.3/s eta=0min
fetched=96 queued=1357 failed=0 deps_seen=1453 speed=2135.5/s eta=0min
fetched=144 queued=1361 failed=0 deps_seen=1505 speed=2203.7/s eta=0min
fetched=192 queued=1559 failed=0 deps_seen=1751 speed=2202.5/s eta=0min
[fail] ch.qos.logback:contrib: RuntimeError('no version directories')
[fail] ch.qos.logback:access: RuntimeError('no version directories')
[fail] ch.qos.logback:db: RuntimeError('no version directories')
fetched=237 queued=1566 failed=3 deps_seen=1806 speed=14.6/s eta=4min
[fail] ch.qos.logback:tyler: RuntimeError('no version directories')
[fail] com.azure:android: RuntimeError('no version directories')
[fail] com.google.api.grpc:api: RuntimeError('no version directories')
fetched=282 queued=1524 failed=6 deps_seen=1812 speed=7.5/s eta=8min
[fail] com.google.api:client: RuntimeError('no version directories')
[fail] com.google.api:graphql: RuntimeError('no version directories')
[fail] com.google.cloud:bigdataoss: RuntimeError('no version directories')
[fail] com.google.cloud:artifactregistry: RuntimeError('no version directories')
[fail] com.google.cloud:buildartifacts: RuntimeError('no version directories')
[fail] com.google.api:grpc: RuntimeError('no version directories')
[fail] com.google.cloud:broker: RuntimeError('no version directories')
[fail] com.google.cloud:bigtable: RuntimeError('no readable POM')
fetched=322 queued=1505 failed=14 deps_seen=1841 speed=1.0/s eta=64min
[fail] com.google.cloud:datalineage: RuntimeError('no version directories')
[fail] com.google.cloud:datastore: RuntimeError('no version directories')
[fail] com.google.cloud:dataflow: RuntimeError('no version directories')
[fail] com.google.code.gson:proto: RuntimeError('no version directories')
[fail] com.google.cloud:flink: RuntimeError('no version directories')
fetched=365 queued=1481 failed=19 deps_seen=1865 speed=0.9/s eta=65min
[fail] com.google.protobuf:nano: RuntimeError('no version directories')
[fail] com.vaadin:addon: RuntimeError('no version directories')
fetched=411 queued=1448 failed=21 deps_seen=1880 speed=1.0/s eta=60min
[fail] commons-logging:commons-logging-adapters: RuntimeError('no readable POM')
fetched=458 queued=1440 failed=22 deps_seen=1920 speed=1.1/s eta=55min
[fail] io.dropwizard:archetypes: RuntimeError('no version directories')
[fail] io.fabric8:apps: RuntimeError('no version directories')
[fail] io.fabric8:assertj: RuntimeError('no version directories')
fetched=503 queued=1440 failed=25 deps_seen=1968 speed=0.9/s eta=65min
[fail] io.micronaut:acme: RuntimeError('no version directories')
[fail] io.micronaut:azure: RuntimeError('no version directories')
[fail] io.micronaut:aws: RuntimeError('no version directories')
[fail] io.micronaut:aot: RuntimeError('no version directories')
[fail] io.micronaut:beanvalidation: RuntimeError('no version directories')
[fail] io.micronaut:cassandra: RuntimeError('no version directories')
[fail] io.micronaut:chatbots: RuntimeError('no version directories')
[fail] io.micronaut:cache: RuntimeError('no version directories')
[fail] io.micronaut:coherence: RuntimeError('no version directories')
[fail] io.micronaut:crac: RuntimeError('no version directories')
[fail] io.micronaut:controlpanel: RuntimeError('no version directories')
[fail] io.micronaut:configuration: RuntimeError('no version directories')
[fail] io.micronaut:build: RuntimeError('no readable POM')
[fail] io.micronaut:discovery: RuntimeError('no version directories')
[fail] io.micronaut:data: RuntimeError('no version directories')
[fail] io.netty:contrib: RuntimeError('no version directories')
[fail] io.netty:incubator: RuntimeError('no readable POM')
fetched=534 queued=1419 failed=42 deps_seen=1995 speed=0.8/s eta=73min
fetched=582 queued=1390 failed=42 deps_seen=2014 speed=0.8/s eta=68min
[fail] io.opentelemetry:contrib: RuntimeError('no version directories')
[fail] io.opentelemetry:instrumentation: RuntimeError('no version directories')
[fail] io.opentelemetry:javaagent: RuntimeError('no version directories')
[fail] io.opentelemetry:android: RuntimeError('no version directories')
[fail] io.opentelemetry:kotlin: RuntimeError('no version directories')
[fail] io.prometheus:cloudwatch: RuntimeError('no version directories')
[fail] io.prometheus:jmx: RuntimeError('no version directories')
fetched=623 queued=1352 failed=49 deps_seen=2024 speed=0.8/s eta=67min
[fail] jakarta.servlet:tck: RuntimeError('no version directories')
[fail] jakarta.servlet:jsp: RuntimeError('no version directories')
fetched=669 queued=1328 failed=51 deps_seen=2048 speed=0.9/s eta=63min
fetched=717 queued=1309 failed=51 deps_seen=2077 speed=0.9/s eta=59min
fetched=765 queued=1794 failed=51 deps_seen=2610 speed=1.0/s eta=56min
[fail] org.apache.hadoop:contrib: RuntimeError('no version directories')
[fail] org.apache.hadoop:applications: RuntimeError('no version directories')
fetched=811 queued=1779 failed=53 deps_seen=2643 speed=1.0/s eta=53min
[fail] org.apache.hbase:connectors: RuntimeError('no version directories')
[fail] org.apache.hbase:filesystem: RuntimeError('no version directories')
[fail] org.apache.httpcomponents:client5: RuntimeError('no version directories')
[fail] org.apache.httpcomponents:core5: RuntimeError('no version directories')
fetched=855 queued=1767 failed=57 deps_seen=2679 speed=1.0/s eta=51min
[fail] org.apache.logging.log4j:adapters: RuntimeError('no version directories')
fetched=902 queued=1745 failed=58 deps_seen=2705 speed=1.0/s eta=49min
[fail] org.apache.maven:archetype: RuntimeError('no version directories')
[fail] org.apache.maven:enforcer: RuntimeError('no version directories')
[fail] org.apache.maven:archetypes: RuntimeError('no version directories')
[fail] org.apache.maven:archiva: RuntimeError('no version directories')
[fail] org.apache.maven:continuum: RuntimeError('no version directories')
[fail] org.apache.maven:artifact: RuntimeError('no version directories')
[fail] org.apache.maven:indexer: RuntimeError('no version directories')
[fail] org.apache.maven:executor: RuntimeError('no version directories')
[fail] org.apache.maven:its: RuntimeError('no version directories')
[fail] org.apache.maven:mae: RuntimeError('no version directories')
[fail] org.apache.maven:jxr: RuntimeError('no readable POM')
[fail] org.apache.shiro:crypto: RuntimeError('no version directories')
[fail] org.apache.shiro:samples: RuntimeError('no version directories')
[fail] org.apache.shiro:integrationtests: RuntimeError('no version directories')
[fail] org.apache.maven:extensions: TimeoutError('The read operation timed out')
[fail] org.apache.maven:doxia: RuntimeError('no readable POM')
fetched=934 queued=1740 failed=74 deps_seen=2748 speed=0.9/s eta=59min
fetched=982 queued=1826 failed=74 deps_seen=2882 speed=0.9/s eta=58min
[fail] org.codehaus.plexus:cache: RuntimeError('no version directories')
[fail] org.codehaus.plexus:examples: RuntimeError('no version directories')
fetched=1028 queued=1803 failed=76 deps_seen=2907 speed=0.9/s eta=56min
[fail] org.eclipse.jetty:build: RuntimeError('no version directories')
[fail] org.eclipse.jetty:aggregate: RuntimeError('no version directories')
[fail] org.eclipse.jetty:compression: RuntimeError('no version directories')
[fail] org.eclipse.jetty:cdi: RuntimeError('no version directories')
[fail] org.eclipse.jetty:demos: RuntimeError('no version directories')
[fail] org.eclipse.jetty:documentation: RuntimeError('no version directories')
[fail] org.eclipse.jetty:drafts: RuntimeError('no version directories')
[fail] org.eclipse.jetty:alpn: RuntimeError('no version directories')
[fail] org.eclipse.jetty:ee: RuntimeError('no version directories')
[fail] org.eclipse.jetty:examples: RuntimeError('no version directories')
[fail] org.eclipse.jetty:ee11: RuntimeError('no readable POM')
[fail] org.eclipse.jetty:ee8: RuntimeError('no readable POM')
[fail] org.eclipse.jetty:ee10: RuntimeError('no readable POM')
[fail] org.eclipse.jetty:ee9: RuntimeError('no readable POM')
fetched=1062 queued=1776 failed=90 deps_seen=2928 speed=0.8/s eta=60min
[fail] org.jboss.weld:archetypes: RuntimeError('no version directories')
[fail] org.jboss.weld:integration: RuntimeError('no version directories')
[fail] org.jboss.weld:module: RuntimeError('no version directories')
[fail] org.jboss.weld:probe: RuntimeError('no version directories')
[fail] org.jboss.weld:osgi: RuntimeError('no version directories')
[fail] org.jboss.weld:examples: RuntimeError('no version directories')
[fail] org.jboss.weld:environment: RuntimeError('no version directories')
[fail] org.jboss.weld:arquillian: RuntimeError('no readable POM')
[fail] org.jboss.weld:servlet: RuntimeError('no version directories')
[fail] org.jboss.weld:reference-guide: RuntimeError('no version directories')
[fail] org.jboss.weld:se: RuntimeError('no version directories')
[fail] org.jboss.weld:vertx: RuntimeError('no version directories')
[fail] org.jetbrains:androidx: RuntimeError('no version directories')
[fail] org.jetbrains:ai: RuntimeError('no version directories')
fetched=1096 queued=1756 failed=104 deps_seen=2956 speed=0.8/s eta=59min
[fail] org.mockito:kotlin: RuntimeError('no version directories')
[fail] org.scala-lang:lms: RuntimeError('no version directories')
fetched=1142 queued=1725 failed=106 deps_seen=2973 speed=0.8/s eta=58min
[fail] org.scala-lang:platform: RuntimeError('no version directories')
[fail] org.scala-lang:modules: RuntimeError('no version directories')
[fail] org.scala-lang:plugins: RuntimeError('no version directories')
[fail] org.seleniumhq.selenium:client-drivers: RuntimeError('no version directories')
[fail] org.seleniumhq.selenium:fluent: RuntimeError('no version directories')
[fail] org.seleniumhq.selenium:ide: RuntimeError('no version directories')
[fail] org.seleniumhq.selenium:core: RuntimeError('no version directories')
fetched=1183 queued=1690 failed=113 deps_seen=2986 speed=0.8/s eta=58min
[fail] org.springframework.boot:aot: RuntimeError('no version directories')
[fail] org.springframework.cloud:contract: RuntimeError('no version directories')
[fail] org.springframework.cloud:fn: RuntimeError('no version directories')
[fail] org.springframework.cloud:dist: RuntimeError('no version directories')
[fail] org.springframework.cloud:launcher: RuntimeError('no version directories')
[fail] org.springframework.boot:experimental: RuntimeError('no readable POM')
fetched=1225 queued=1750 failed=119 deps_seen=3094 speed=0.8/s eta=57min
[fail] org.springframework:android: RuntimeError('no version directories')
[fail] org.springframework:commons: RuntimeError('no version directories')
[fail] org.springframework:credhub: RuntimeError('no version directories')
[fail] org.springframework:aws: RuntimeError('no version directories')
[fail] org.springframework:amqp: RuntimeError('no version directories')
[fail] org.springframework:build: RuntimeError('no version directories')
[fail] org.springframework:data: RuntimeError('no version directories')
[fail] org.springframework:analytics: RuntimeError('no version directories')
[fail] org.springframework:ai: RuntimeError('no version directories')
[fail] org.springframework:batch: RuntimeError('no version directories')
[fail] org.springframework:geode: RuntimeError('no version directories')
[fail] org.springframework:graphql: RuntimeError('no version directories')
[fail] org.springframework:grpc: RuntimeError('no version directories')
[fail] org.springframework:experimental: RuntimeError('no version directories')
[fail] org.springframework:flex: RuntimeError('no version directories')
