fetched=96 queued=1060 failed=0 deps_seen=1156 speed=17.3/s eta=6min
fetched=192 queued=1475 failed=0 deps_seen=1667 speed=13.1/s eta=7min
fetched=288 queued=1615 failed=0 deps_seen=1903 speed=15.5/s eta=6min
[fail] next-common-path: <HTTPError 404: 'Not Found'>
fetched=383 queued=1886 failed=1 deps_seen=2270 speed=11.7/s eta=8min
[fail] uWebSockets.js: <HTTPError 404: 'Not Found'>
fetched=478 queued=1994 failed=2 deps_seen=2474 speed=10.7/s eta=9min
fetched=574 queued=2031 failed=2 deps_seen=2607 speed=12.1/s eta=7min
fetched=670 queued=2029 failed=2 deps_seen=2701 speed=11.3/s eta=8min
fetched=766 queued=2209 failed=2 deps_seen=2977 speed=11.6/s eta=8min
[fail] webpack-sources3: <HTTPError 404: 'Not Found'>
fetched=861 queued=2202 failed=3 deps_seen=3066 speed=11.0/s eta=8min
[fail] @babel/flow-parser: <HTTPError 404: 'Not Found'>
[fail] @babel/helper-*: <HTTPError 404: 'Not Found'>
fetched=955 queued=2280 failed=5 deps_seen=3240 speed=10.8/s eta=8min
fetched=1051 queued=2223 failed=5 deps_seen=3279 speed=11.5/s eta=7min
fetched=1147 queued=2196 failed=5 deps_seen=3348 speed=12.2/s eta=7min
fetched=1243 queued=2171 failed=5 deps_seen=3419 speed=12.4/s eta=6min
fetched=1339 queued=2157 failed=5 deps_seen=3501 speed=12.9/s eta=6min
fetched=1435 queued=2107 failed=5 deps_seen=3547 speed=13.6/s eta=6min
fetched=1531 queued=2049 failed=5 deps_seen=3585 speed=14.1/s eta=5min
fetched=1627 queued=1984 failed=5 deps_seen=3616 speed=14.6/s eta=5min
fetched=1723 queued=1916 failed=5 deps_seen=3644 speed=15.2/s eta=5min
fetched=1819 queued=1857 failed=5 deps_seen=3681 speed=15.0/s eta=5min
fetched=1915 queued=1820 failed=5 deps_seen=3740 speed=15.4/s eta=4min
fetched=2011 queued=1742 failed=5 deps_seen=3758 speed=15.9/s eta=4min
fetched=2107 queued=1663 failed=5 deps_seen=3775 speed=16.3/s eta=4min
[fail] @vue/vue-loader-v15: <HTTPError 404: 'Not Found'>
fetched=2202 queued=1594 failed=6 deps_seen=3802 speed=15.6/s eta=4min
fetched=2298 queued=1595 failed=6 deps_seen=3899 speed=15.9/s eta=4min
fetched=2394 queued=1548 failed=6 deps_seen=3948 speed=16.1/s eta=4min
fetched=2490 queued=1492 failed=6 deps_seen=3988 speed=16.3/s eta=4min
fetched=2586 queued=1451 failed=6 deps_seen=4043 speed=16.6/s eta=3min
[fail] fastify-swagger-deprecated: <HTTPError 404: 'Not Found'>
fetched=2681 queued=1384 failed=7 deps_seen=4072 speed=16.1/s eta=3min
fetched=2777 queued=1322 failed=7 deps_seen=4106 speed=16.2/s eta=3min
fetched=2873 queued=1283 failed=7 deps_seen=4163 speed=16.5/s eta=3min
fetched=2969 queued=1233 failed=7 deps_seen=4209 speed=16.7/s eta=3min
fetched=3065 queued=1190 failed=7 deps_seen=4262 speed=16.9/s eta=3min
fetched=3161 queued=1114 failed=7 deps_seen=4282 speed=17.2/s eta=3min
fetched=3257 queued=1069 failed=7 deps_seen=4333 speed=17.5/s eta=3min
fetched=3353 queued=1041 failed=7 deps_seen=4401 speed=17.8/s eta=2min
fetched=3449 queued=965 failed=7 deps_seen=4421 speed=17.8/s eta=2min
fetched=3545 queued=897 failed=7 deps_seen=4449 speed=18.1/s eta=2min
fetched=3641 queued=841 failed=7 deps_seen=4489 speed=18.4/s eta=2min
fetched=3737 queued=785 failed=7 deps_seen=4529 speed=18.5/s eta=2min
fetched=3833 queued=724 failed=7 deps_seen=4564 speed=18.8/s eta=2min
fetched=3929 queued=659 failed=7 deps_seen=4595 speed=18.9/s eta=2min
[fail] @jest/react-is-19: <HTTPError 404: 'Not Found'>
[fail] @jest/react-is-18: <HTTPError 404: 'Not Found'>
fetched=4023 queued=600 failed=9 deps_seen=4632 speed=18.4/s eta=2min
fetched=4119 queued=545 failed=9 deps_seen=4673 speed=18.6/s eta=2min
fetched=4215 queued=495 failed=9 deps_seen=4719 speed=18.7/s eta=2min
fetched=4311 queued=454 failed=9 deps_seen=4774 speed=18.9/s eta=1min
fetched=4407 queued=384 failed=9 deps_seen=4800 speed=19.0/s eta=1min
fetched=4503 queued=323 failed=9 deps_seen=4835 speed=19.2/s eta=1min
fetched=4599 queued=256 failed=9 deps_seen=4864 speed=19.4/s eta=1min
fetched=4695 queued=201 failed=9 deps_seen=4905 speed=19.6/s eta=1min
fetched=4791 queued=129 failed=9 deps_seen=4929 speed=19.8/s eta=1min
fetched=4887 queued=53 failed=9 deps_seen=4949 speed=19.9/s eta=1min
fetched=4940 queued=16 failed=9 deps_seen=4965 speed=20.0/s eta=1min
fetched=4956 queued=3 failed=9 deps_seen=4968 speed=20.0/s eta=1min
fetched=4959 queued=0 failed=9 deps_seen=4968 speed=19.9/s eta=1min
DONE fetched=4959 failed=9 seen=4968
