known artifacts: 1155 in 416 groups; scanning top 80 groups
  com.vaadin: 516 artifacts listed, 20 seeded (6s)
  org.apache.camel: 1430 artifacts listed, 20 seeded (6s)
  io.netty: 108 artifacts listed, 20 seeded (6s)
  org.springframework.boot: 415 artifacts listed, 20 seeded (6s)
  software.amazon.awssdk: 574 artifacts listed, 20 seeded (6s)
  io.fabric8: 519 artifacts listed, 20 seeded (6s)
  org.apache.lucene: 74 artifacts listed, 20 seeded (6s)
  io.cucumber: 84 artifacts listed, 20 seeded (6s)
  io.grpc: 42 artifacts listed, 20 seeded (6s)
  org.seleniumhq.selenium: 128 artifacts listed, 20 seeded (6s)
  org.springframework: 102 artifacts listed, 20 seeded (6s)
  org.apache.commons: 151 artifacts listed, 20 seeded (6s)
  io.opentelemetry: 100 artifacts listed, 20 seeded (6s)
  org.eclipse.jetty: 142 artifacts listed, 20 seeded (6s)
  io.dropwizard.metrics: 50 artifacts listed, 20 seeded (6s)
  io.micronaut: 198 artifacts listed, 20 seeded (6s)
  io.dropwizard: 44 artifacts listed, 20 seeded (7s)
  org.slf4j: 26 artifacts listed, 20 seeded (7s)
  org.apache.httpcomponents: 28 artifacts listed, 20 seeded (7s)
  com.google.guava: 21 artifacts listed, 20 seeded (7s)
  com.google.protobuf: 12 artifacts listed, 12 seeded (7s)
  com.fasterxml.jackson.core: 3 artifacts listed, 3 seeded (7s)
  org.jspecify: 1 artifacts listed, 1 seeded (7s)
  com.google.code.gson: 4 artifacts listed, 4 seeded (9s)
  com.google.errorprone: 16 artifacts listed, 16 seeded (9s)
  com.google.api.grpc: 796 artifacts listed, 20 seeded (9s)
  org.jboss.logging: 17 artifacts listed, 17 seeded (9s)
  com.google.http-client: 22 artifacts listed, 20 seeded (9s)
  com.google.api: 15 artifacts listed, 15 seeded (9s)
  com.google.code.findbugs: 8 artifacts listed, 8 seeded (9s)
  io.smallrye.common: 18 artifacts listed, 18 seeded (9s)
  org.ow2.asm: 12 artifacts listed, 12 seeded (9s)
  org.apache.logging.log4j: 108 artifacts listed, 20 seeded (9s)
  org.junit.jupiter: 6 artifacts listed, 6 seeded (9s)
  org.codehaus.plexus: 128 artifacts listed, 20 seeded (11s)
  org.apache.hadoop: 179 artifacts listed, 20 seeded (11s)
  org.apache.spark: 187 artifacts listed, 20 seeded (14s)
  net.openhft: 78 artifacts listed, 20 seeded (14s)
  org.apache.shiro: 38 artifacts listed, 20 seeded (14s)
  com.google.auth: 6 artifacts listed, 6 seeded (14s)
  io.prometheus: 73 artifacts listed, 20 seeded (14s)
  com.google.auto.value: 3 artifacts listed, 3 seeded (14s)
  org.gridkit.jvmtool: 25 artifacts listed, 20 seeded (14s)
  commons-io: 1 artifacts listed, 1 seeded (14s)
  org.apache.maven: 118 artifacts listed, 20 seeded (14s)
  org.glassfish.jersey.core: 3 artifacts listed, 3 seeded (14s)
  jakarta.annotation: 2 artifacts listed, 2 seeded (14s)
  commons-codec: 1 artifacts listed, 1 seeded (14s)
  io.vertx: 352 artifacts listed, 20 seeded (14s)
  com.azure: 197 artifacts listed, 20 seeded (14s)
  org.reflections: 4 artifacts listed, 4 seeded (14s)
  com.google.cloud: 974 artifacts listed, 20 seeded (15s)
  org.mockito: 50 artifacts listed, 20 seeded (15s)
  dev.cel: 12 artifacts listed, 12 seeded (15s)
  jakarta.inject: 2 artifacts listed, 2 seeded (15s)
  com.github.jnr: 15 artifacts listed, 15 seeded (17s)
  org.apache.solr: 55 artifacts listed, 20 seeded (17s)
  org.apache.kerby: 53 artifacts listed, 20 seeded (17s)
  org.scala-lang: 163 artifacts listed, 20 seeded (17s)
  org.apache.hbase: 69 artifacts listed, 20 seeded (17s)
  org.jboss.weld: 61 artifacts listed, 20 seeded (17s)
  io.opentelemetry.instrumentation: 141 artifacts listed, 20 seeded (17s)
  org.apache.beam: 288 artifacts listed, 20 seeded (18s)
  org.springframework.cloud: 690 artifacts listed, 20 seeded (18s)
  org.bouncycastle: 101 artifacts listed, 20 seeded (18s)
  jakarta.servlet: 3 artifacts listed, 3 seeded (18s)
  io.opencensus: 41 artifacts listed, 20 seeded (18s)
  commons-logging: 3 artifacts listed, 3 seeded (18s)
  org.apache.hbase.thirdparty: 14 artifacts listed, 14 seeded (18s)
  net.java.dev.jna: 5 artifacts listed, 5 seeded (18s)
  ch.qos.logback: 20 artifacts listed, 20 seeded (21s)
  org.apache.flink: 775 artifacts listed, 20 seeded (21s)
  jakarta.ws.rs: 4 artifacts listed, 4 seeded (21s)
  org.antlr: 22 artifacts listed, 20 seeded (21s)
  org.jetbrains: 84 artifacts listed, 20 seeded (21s)
  jakarta.validation: 11 artifacts listed, 11 seeded (21s)
  org.threeten: 2 artifacts listed, 2 seeded (21s)
  tools.jackson.core: 2 artifacts listed, 2 seeded (21s)
  com.google.j2objc: 1 artifacts listed, 1 seeded (21s)
  org.eclipse.jetty.http2: 14 artifacts listed, 14 seeded (21s)
wrote /mnt/wisdisk-prod/agents/788f25d3d16446c8a0ae5854eb9aa856/universal_run-788f25d3d16446c8a0ae5854eb9aa856/repro/data/seeds/maven_extra.txt (1200 seeds)
