[chain] start Fri Sep 25 16:08:06 UTC 2026
[floor] npm seed=11 val=0.1591 test=0.1549 (7.7s, 347 test nodes)
[floor] npm seed=101 val=0.1619 test=0.1559 (6.3s, 347 test nodes)
[floor] npm seed=102 val=0.1611 test=0.1522 (6.3s, 347 test nodes)
[floor] npm seed=103 val=0.1677 test=0.1588 (6.4s, 347 test nodes)
[floor] npm seed=104 val=0.1638 test=0.1576 (6.3s, 347 test nodes)
[floor] npm seed=105 val=0.1631 test=0.1600 (6.2s, 347 test nodes)
[floor] npm seed=106 val=0.1603 test=0.1575 (6.2s, 347 test nodes)
[floor] npm seed=107 val=0.1606 test=0.1573 (6.1s, 347 test nodes)
[floor] npm seed=108 val=0.1664 test=0.1551 (6.1s, 347 test nodes)
[floor] npm seed=109 val=0.1615 test=0.1567 (6.1s, 347 test nodes)
[floor] npm seed=110 val=0.1635 test=0.1548 (6.1s, 347 test nodes)
[floor] maven seed=11 val=0.2838 test=0.0960 (0.7s, 116 test nodes)
[floor] maven seed=121 val=0.2671 test=0.0932 (0.7s, 116 test nodes)
[floor] maven seed=122 val=0.2784 test=0.0929 (0.7s, 116 test nodes)
[floor] maven seed=123 val=0.2851 test=0.0989 (0.7s, 116 test nodes)
[floor] maven seed=124 val=0.2755 test=0.0866 (0.7s, 116 test nodes)
[floor] maven seed=125 val=0.2662 test=0.0900 (0.7s, 116 test nodes)
[floor] maven seed=126 val=0.2764 test=0.0926 (0.7s, 116 test nodes)
[floor] maven seed=127 val=0.2858 test=0.0997 (0.7s, 116 test nodes)
[floor] maven seed=128 val=0.2754 test=0.0898 (0.7s, 116 test nodes)
[floor] maven seed=129 val=0.2861 test=0.0887 (0.7s, 116 test nodes)
[floor] maven seed=130 val=0.2840 test=0.0900 (0.7s, 116 test nodes)
[diag] npm mean = {"test_nodes": 347.0, "test_sources": 181.0, "positives": 494.0, "candidates_mean": 4611.0, "floor_test_mrr": 0.1565809170480823}
[diag] maven mean = {"test_nodes": 116.0, "test_sources": 29.0, "positives": 63.0, "candidates_mean": 1547.0, "floor_test_mrr": 0.09223646642195091}
[tune] 56 jobs on tuning seed 11 (workers=4)
[tune] npm gat_dir seed=11 cfg=c2_h64_d0.2 val=0.1620 test=0.1619 h10=0.2707 epoch=78 (184.8s)
[tune] npm gat_dir seed=11 cfg=c3_h64_d0.5 val=0.1655 test=0.1603 h10=0.2707 epoch=68 (185.6s)
[tune] npm gat_dir seed=11 cfg=c1_h128_d0.2 val=0.1758 test=0.1611 h10=0.2541 epoch=80 (257.7s)
[tune] npm gat_dir seed=11 cfg=c4_h128_d0.5 val=0.1705 test=0.1640 h10=0.2707 epoch=80 (257.7s)
[tune] npm ragat_sym seed=11 cfg=c2_h64_d0.2 val=0.1608 test=0.1548 h10=0.2707 epoch=8 (89.0s)
[tune] npm ragat_sym seed=11 cfg=c1_h128_d0.2 val=0.1777 test=0.1597 h10=0.2652 epoch=80 (250.5s)
[tune] npm ragat_sym seed=11 cfg=c3_h64_d0.5 val=0.1653 test=0.1531 h10=0.2597 epoch=80 (179.1s)
[tune] npm ragat_sym seed=11 cfg=c4_h128_d0.5 val=0.1731 test=0.1630 h10=0.2707 epoch=76 (251.5s)
[tune] npm gat_time seed=11 cfg=c1_h128_d0.2 val=0.1796 test=0.1588 h10=0.2873 epoch=76 (256.1s)
[tune] npm gat_time seed=11 cfg=c3_h64_d0.5 val=0.1602 test=0.1649 h10=0.2707 epoch=10 (94.6s)
[tune] npm gat_time seed=11 cfg=c2_h64_d0.2 val=0.1762 test=0.1844 h10=0.3094 epoch=80 (189.8s)
[tune] npm ragat_time seed=11 cfg=c2_h64_d0.2 val=0.1706 test=0.1636 h10=0.2707 epoch=80 (184.1s)
[tune] npm gat_time seed=11 cfg=c4_h128_d0.5 val=0.1859 test=0.1749 h10=0.2983 epoch=78 (255.1s)
[tune] npm ragat_time seed=11 cfg=c1_h128_d0.2 val=0.1732 test=0.1511 h10=0.2652 epoch=76 (254.6s)
[tune] npm ragat_time seed=11 cfg=c3_h64_d0.5 val=0.1780 test=0.1589 h10=0.2818 epoch=78 (183.7s)
[tune] npm gcn_dir seed=11 cfg=c1_h128_d0.2 val=0.2273 test=0.2188 h10=0.3812 epoch=4 (75.2s)
[tune] npm gcn_dir seed=11 cfg=c2_h64_d0.2 val=0.1944 test=0.1863 h10=0.3204 epoch=10 (81.6s)
[tune] npm gcn_dir seed=11 cfg=c3_h64_d0.5 val=0.1865 test=0.1679 h10=0.2707 epoch=18 (97.5s)
[tune] npm gcn_dir seed=11 cfg=c4_h128_d0.5 val=0.2154 test=0.2160 h10=0.3757 epoch=4 (73.8s)
[tune] npm sage_dir seed=11 cfg=c1_h128_d0.2 val=0.1994 test=0.2054 h10=0.3370 epoch=10 (86.3s)
[tune] npm ragat_time seed=11 cfg=c4_h128_d0.5 val=0.1946 test=0.1686 h10=0.3039 epoch=64 (244.6s)
[tune] npm sage_dir seed=11 cfg=c2_h64_d0.2 val=0.1676 test=0.1621 h10=0.2818 epoch=1 (63.2s)
[tune] npm sage_dir seed=11 cfg=c3_h64_d0.5 val=0.1651 test=0.1611 h10=0.2818 epoch=1 (63.8s)
[tune] npm sage_dir seed=11 cfg=c4_h128_d0.5 val=0.1832 test=0.1759 h10=0.3094 epoch=6 (79.9s)
[tune] npm gatv2_dir seed=11 cfg=c2_h64_d0.2 val=0.1645 test=0.1559 h10=0.2707 epoch=56 (197.5s)
[tune] npm gatv2_dir seed=11 cfg=c3_h64_d0.5 val=0.1647 test=0.1615 h10=0.2652 epoch=80 (200.1s)
[tune] maven gat_dir seed=11 cfg=c1_h128_d0.2 val=0.3051 test=0.0956 h10=0.1379 epoch=2 (27.2s)
[tune] maven gat_dir seed=11 cfg=c2_h64_d0.2 val=0.2991 test=0.1160 h10=0.2414 epoch=34 (39.3s)
[tune] maven gat_dir seed=11 cfg=c3_h64_d0.5 val=0.2996 test=0.1158 h10=0.2414 epoch=22 (35.4s)
[tune] maven gat_dir seed=11 cfg=c4_h128_d0.5 val=0.3123 test=0.1153 h10=0.2414 epoch=1 (23.6s)
[tune] maven ragat_sym seed=11 cfg=c1_h128_d0.2 val=0.3104 test=0.1092 h10=0.1379 epoch=6 (30.9s)
[tune] maven ragat_sym seed=11 cfg=c2_h64_d0.2 val=0.3105 test=0.0968 h10=0.1379 epoch=4 (21.5s)
[tune] maven ragat_sym seed=11 cfg=c3_h64_d0.5 val=0.3108 test=0.0959 h10=0.1379 epoch=2 (22.4s)
[tune] maven ragat_sym seed=11 cfg=c4_h128_d0.5 val=0.2951 test=0.0971 h10=0.1379 epoch=2 (26.1s)
[tune] npm gatv2_dir seed=11 cfg=c1_h128_d0.2 val=0.1648 test=0.1592 h10=0.2652 epoch=78 (329.4s)
[tune] maven gat_time seed=11 cfg=c1_h128_d0.2 val=0.3011 test=0.1155 h10=0.2414 epoch=8 (33.1s)
[tune] maven gat_time seed=11 cfg=c3_h64_d0.5 val=0.3015 test=0.1162 h10=0.2414 epoch=10 (27.9s)
[tune] maven gat_time seed=11 cfg=c2_h64_d0.2 val=0.3153 test=0.0975 h10=0.1724 epoch=76 (50.8s)
[tune] maven gat_time seed=11 cfg=c4_h128_d0.5 val=0.2906 test=0.1163 h10=0.2414 epoch=2 (28.0s)
[tune] maven ragat_time seed=11 cfg=c1_h128_d0.2 val=0.3066 test=0.1164 h10=0.2414 epoch=16 (39.2s)
[tune] maven ragat_time seed=11 cfg=c2_h64_d0.2 val=0.3015 test=0.0976 h10=0.1379 epoch=8 (24.3s)
[tune] maven ragat_time seed=11 cfg=c3_h64_d0.5 val=0.3010 test=0.0877 h10=0.1379 epoch=20 (34.8s)
[tune] maven ragat_time seed=11 cfg=c4_h128_d0.5 val=0.2989 test=0.1165 h10=0.2414 epoch=2 (27.5s)
[tune] npm gatv2_dir seed=11 cfg=c4_h128_d0.5 val=0.1696 test=0.1611 h10=0.2707 epoch=74 (366.9s)
[tune] maven gcn_dir seed=11 cfg=c1_h128_d0.2 val=0.3002 test=0.1370 h10=0.2759 epoch=62 (43.7s)
[tune] maven gcn_dir seed=11 cfg=c3_h64_d0.5 val=0.2759 test=0.0999 h10=0.2414 epoch=20 (30.2s)
[tune] maven sage_dir seed=11 cfg=c1_h128_d0.2 val=0.3074 test=0.1383 h10=0.3448 epoch=1 (16.3s)
[tune] maven gcn_dir seed=11 cfg=c4_h128_d0.5 val=0.3057 test=0.1121 h10=0.1724 epoch=10 (25.9s)
[tune] maven gcn_dir seed=11 cfg=c2_h64_d0.2 val=0.2827 test=0.1044 h10=0.2414 epoch=48 (46.8s)
[tune] maven sage_dir seed=11 cfg=c2_h64_d0.2 val=0.2905 test=0.1122 h10=0.2759 epoch=1 (18.0s)
[tune] maven sage_dir seed=11 cfg=c3_h64_d0.5 val=0.2956 test=0.1201 h10=0.2759 epoch=14 (22.0s)
[tune] maven sage_dir seed=11 cfg=c4_h128_d0.5 val=0.3019 test=0.1830 h10=0.2414 epoch=4 (22.7s)
[tune] maven gatv2_dir seed=11 cfg=c2_h64_d0.2 val=0.2896 test=0.0953 h10=0.1379 epoch=1 (23.4s)
[tune] maven gatv2_dir seed=11 cfg=c1_h128_d0.2 val=0.3000 test=0.1018 h10=0.2414 epoch=26 (46.7s)
[tune] maven gatv2_dir seed=11 cfg=c4_h128_d0.5 val=0.2892 test=0.1093 h10=0.1379 epoch=1 (28.1s)
[tune] maven gatv2_dir seed=11 cfg=c3_h64_d0.5 val=0.3001 test=0.1021 h10=0.2414 epoch=16 (32.2s)
[select] npm: mode=per_model chosen=c4_h128_d0.5 (mean cell val MRR over grid 0.1810)
[select] maven: mode=per_model chosen=c2_h64_d0.2 (mean cell val MRR over grid 0.3066)
[final] 140 jobs, workers=4
[final] npm gat_dir seed=103 cfg=c1_h128_d0.2 val=0.1799 test=0.1653 h10=0.2762 epoch=100 (316.2s)
[final] npm gat_dir seed=101 cfg=c1_h128_d0.2 val=0.1695 test=0.1599 h10=0.2762 epoch=100 (316.7s)
[final] npm gat_dir seed=102 cfg=c1_h128_d0.2 val=0.1735 test=0.1706 h10=0.2818 epoch=100 (319.4s)
[final] npm gat_dir seed=104 cfg=c1_h128_d0.2 val=0.1826 test=0.1675 h10=0.2707 epoch=98 (320.8s)
[final] npm gat_dir seed=108 cfg=c1_h128_d0.2 val=0.1831 test=0.1553 h10=0.2707 epoch=100 (311.7s)
[final] npm gat_dir seed=107 cfg=c1_h128_d0.2 val=0.1775 test=0.1703 h10=0.2707 epoch=100 (313.5s)
[final] npm gat_dir seed=105 cfg=c1_h128_d0.2 val=0.1701 test=0.1645 h10=0.2652 epoch=72 (317.4s)
[final] npm gat_dir seed=106 cfg=c1_h128_d0.2 val=0.1716 test=0.1679 h10=0.2762 epoch=100 (317.7s)
[final] npm ragat_sym seed=102 cfg=c1_h128_d0.2 val=0.1671 test=0.1592 h10=0.2707 epoch=42 (255.1s)
[final] npm gat_dir seed=109 cfg=c1_h128_d0.2 val=0.1696 test=0.1632 h10=0.2597 epoch=98 (306.2s)
[final] npm ragat_sym seed=101 cfg=c1_h128_d0.2 val=0.1721 test=0.1597 h10=0.2762 epoch=82 (308.2s)
[final] npm gat_dir seed=110 cfg=c1_h128_d0.2 val=0.1720 test=0.1592 h10=0.2762 epoch=100 (309.8s)
[final] npm ragat_sym seed=103 cfg=c1_h128_d0.2 val=0.1845 test=0.1668 h10=0.2762 epoch=100 (314.3s)
[final] npm ragat_sym seed=106 cfg=c1_h128_d0.2 val=0.1727 test=0.1661 h10=0.2597 epoch=100 (315.3s)
[final] npm ragat_sym seed=104 cfg=c1_h128_d0.2 val=0.1737 test=0.1585 h10=0.2652 epoch=100 (320.0s)
[final] npm ragat_sym seed=105 cfg=c1_h128_d0.2 val=0.1822 test=0.1659 h10=0.2818 epoch=74 (318.2s)
[final] npm ragat_sym seed=110 cfg=c1_h128_d0.2 val=0.1671 test=0.1592 h10=0.2652 epoch=6 (147.3s)
[final] npm ragat_sym seed=107 cfg=c1_h128_d0.2 val=0.1800 test=0.1622 h10=0.2818 epoch=100 (312.2s)
[final] npm ragat_sym seed=109 cfg=c1_h128_d0.2 val=0.1774 test=0.1648 h10=0.2597 epoch=100 (310.1s)
[final] npm ragat_sym seed=108 cfg=c1_h128_d0.2 val=0.1803 test=0.1608 h10=0.2597 epoch=100 (314.7s)
[final] npm gat_time seed=101 cfg=c4_h128_d0.5 val=0.1850 test=0.1875 h10=0.2983 epoch=66 (313.0s)
[final] npm gat_time seed=102 cfg=c4_h128_d0.5 val=0.1826 test=0.1846 h10=0.2983 epoch=96 (316.9s)
[final] npm gat_time seed=103 cfg=c4_h128_d0.5 val=0.1871 test=0.1820 h10=0.2983 epoch=82 (316.3s)
[final] npm gat_time seed=104 cfg=c4_h128_d0.5 val=0.2086 test=0.2108 h10=0.3591 epoch=100 (313.2s)
[final] npm gat_time seed=105 cfg=c4_h128_d0.5 val=0.1865 test=0.1752 h10=0.3039 epoch=94 (314.6s)
[final] npm gat_time seed=107 cfg=c4_h128_d0.5 val=0.1671 test=0.1639 h10=0.2762 epoch=10 (157.0s)
[final] npm gat_time seed=106 cfg=c4_h128_d0.5 val=0.1813 test=0.1568 h10=0.2762 epoch=100 (311.5s)
[final] npm gat_time seed=108 cfg=c4_h128_d0.5 val=0.2026 test=0.1971 h10=0.3867 epoch=90 (317.3s)
[final] npm gat_time seed=109 cfg=c4_h128_d0.5 val=0.1953 test=0.1826 h10=0.3094 epoch=100 (307.1s)
[final] npm gat_time seed=110 cfg=c4_h128_d0.5 val=0.1851 test=0.1701 h10=0.2928 epoch=86 (315.0s)
[final] npm ragat_time seed=101 cfg=c4_h128_d0.5 val=0.1768 test=0.1625 h10=0.2928 epoch=82 (316.6s)
[final] npm ragat_time seed=102 cfg=c4_h128_d0.5 val=0.1821 test=0.1653 h10=0.2873 epoch=86 (315.5s)
[final] npm ragat_time seed=103 cfg=c4_h128_d0.5 val=0.1715 test=0.1598 h10=0.2652 epoch=28 (218.9s)
[final] npm ragat_time seed=104 cfg=c4_h128_d0.5 val=0.1806 test=0.1420 h10=0.2652 epoch=100 (317.6s)
[final] npm ragat_time seed=105 cfg=c4_h128_d0.5 val=0.1851 test=0.1514 h10=0.3039 epoch=100 (315.4s)
[final] npm ragat_time seed=106 cfg=c4_h128_d0.5 val=0.1753 test=0.1574 h10=0.2652 epoch=100 (321.4s)
[final] npm ragat_time seed=107 cfg=c4_h128_d0.5 val=0.1803 test=0.1802 h10=0.3039 epoch=76 (306.8s)
[final] npm ragat_time seed=108 cfg=c4_h128_d0.5 val=0.2086 test=0.1929 h10=0.3591 epoch=94 (319.8s)
[final] npm gcn_dir seed=101 cfg=c1_h128_d0.2 val=0.2281 test=0.2087 h10=0.2983 epoch=52 (194.7s)
[final] npm ragat_time seed=109 cfg=c4_h128_d0.5 val=0.1866 test=0.1680 h10=0.3094 epoch=100 (316.2s)
[final] npm gcn_dir seed=102 cfg=c1_h128_d0.2 val=0.2327 test=0.2396 h10=0.3812 epoch=14 (117.1s)
[final] npm ragat_time seed=110 cfg=c4_h128_d0.5 val=0.1834 test=0.1729 h10=0.2983 epoch=78 (314.4s)
[final] npm gcn_dir seed=103 cfg=c1_h128_d0.2 val=0.2500 test=0.2064 h10=0.3591 epoch=10 (110.3s)
[final] npm gcn_dir seed=104 cfg=c1_h128_d0.2 val=0.2299 test=0.2018 h10=0.3646 epoch=24 (138.8s)
[final] npm gcn_dir seed=106 cfg=c1_h128_d0.2 val=0.2231 test=0.2449 h10=0.3812 epoch=8 (110.0s)
[final] npm gcn_dir seed=107 cfg=c1_h128_d0.2 val=0.2336 test=0.2300 h10=0.4088 epoch=32 (155.6s)
[final] npm gcn_dir seed=105 cfg=c1_h128_d0.2 val=0.2205 test=0.2062 h10=0.2983 epoch=94 (222.5s)
[final] npm gcn_dir seed=108 cfg=c1_h128_d0.2 val=0.2296 test=0.2104 h10=0.3591 epoch=12 (114.1s)
[final] npm gcn_dir seed=109 cfg=c1_h128_d0.2 val=0.2213 test=0.1797 h10=0.2873 epoch=30 (153.8s)
[final] npm sage_dir seed=101 cfg=c1_h128_d0.2 val=0.1681 test=0.1698 h10=0.2928 epoch=1 (88.4s)
[final] npm sage_dir seed=102 cfg=c1_h128_d0.2 val=0.1675 test=0.1673 h10=0.2818 epoch=1 (88.0s)
[final] npm sage_dir seed=103 cfg=c1_h128_d0.2 val=0.1908 test=0.1709 h10=0.2818 epoch=1 (90.3s)
[final] npm sage_dir seed=104 cfg=c1_h128_d0.2 val=0.1706 test=0.1673 h10=0.2762 epoch=1 (90.7s)
[final] npm sage_dir seed=105 cfg=c1_h128_d0.2 val=0.1833 test=0.1718 h10=0.2707 epoch=1 (88.6s)
[final] npm gcn_dir seed=110 cfg=c1_h128_d0.2 val=0.2244 test=0.1904 h10=0.3094 epoch=68 (214.7s)
[final] npm sage_dir seed=106 cfg=c1_h128_d0.2 val=0.1747 test=0.1713 h10=0.2873 epoch=1 (90.7s)
[final] npm sage_dir seed=107 cfg=c1_h128_d0.2 val=0.1783 test=0.1732 h10=0.2983 epoch=1 (90.3s)
[final] npm sage_dir seed=108 cfg=c1_h128_d0.2 val=0.1710 test=0.1676 h10=0.2652 epoch=4 (95.4s)
[final] npm sage_dir seed=109 cfg=c1_h128_d0.2 val=0.1707 test=0.1641 h10=0.2597 epoch=1 (85.5s)
[final] npm sage_dir seed=110 cfg=c1_h128_d0.2 val=0.1838 test=0.1723 h10=0.2873 epoch=1 (87.7s)
[final] npm gatv2_dir seed=102 cfg=c4_h128_d0.5 val=0.1622 test=0.1591 h10=0.2762 epoch=18 (267.2s)
[final] npm gatv2_dir seed=103 cfg=c4_h128_d0.5 val=0.1740 test=0.1638 h10=0.2652 epoch=44 (354.5s)
[final] npm gatv2_dir seed=101 cfg=c4_h128_d0.5 val=0.1780 test=0.1749 h10=0.2652 epoch=92 (434.7s)
[final] npm gatv2_dir seed=104 cfg=c4_h128_d0.5 val=0.1806 test=0.1641 h10=0.2652 epoch=90 (459.3s)
[final] npm gatv2_dir seed=106 cfg=c4_h128_d0.5 val=0.1640 test=0.1649 h10=0.2597 epoch=34 (312.9s)
[final] npm gatv2_dir seed=105 cfg=c4_h128_d0.5 val=0.1694 test=0.1633 h10=0.2652 epoch=98 (463.8s)
[final] npm gatv2_dir seed=107 cfg=c4_h128_d0.5 val=0.1688 test=0.1597 h10=0.2762 epoch=98 (432.3s)
[final] maven gat_dir seed=121 cfg=c4_h128_d0.5 val=0.2949 test=0.1181 h10=0.2069 epoch=54 (76.0s)
[final] npm gatv2_dir seed=108 cfg=c4_h128_d0.5 val=0.1820 test=0.1606 h10=0.2652 epoch=100 (454.0s)
[final] maven gat_dir seed=122 cfg=c4_h128_d0.5 val=0.3150 test=0.0983 h10=0.1724 epoch=82 (81.0s)
[final] maven gat_dir seed=123 cfg=c4_h128_d0.5 val=0.3249 test=0.1139 h10=0.1724 epoch=54 (82.9s)
[final] maven gat_dir seed=124 cfg=c4_h128_d0.5 val=0.3061 test=0.0871 h10=0.1379 epoch=46 (69.3s)
[final] npm gatv2_dir seed=109 cfg=c4_h128_d0.5 val=0.1767 test=0.1645 h10=0.2652 epoch=100 (434.5s)
[final] maven gat_dir seed=126 cfg=c4_h128_d0.5 val=0.2997 test=0.1055 h10=0.2069 epoch=50 (72.8s)
[final] maven gat_dir seed=125 cfg=c4_h128_d0.5 val=0.3032 test=0.0946 h10=0.1724 epoch=82 (87.5s)
[final] maven gat_dir seed=127 cfg=c4_h128_d0.5 val=0.3073 test=0.1126 h10=0.2759 epoch=16 (45.6s)
[final] npm gatv2_dir seed=110 cfg=c4_h128_d0.5 val=0.1778 test=0.1588 h10=0.2818 epoch=100 (453.8s)
[final] maven gat_dir seed=130 cfg=c4_h128_d0.5 val=0.3007 test=0.1034 h10=0.1724 epoch=2 (34.2s)
[final] maven ragat_sym seed=121 cfg=c3_h64_d0.5 val=0.2817 test=0.1134 h10=0.1724 epoch=10 (34.8s)
[final] maven gat_dir seed=128 cfg=c4_h128_d0.5 val=0.3186 test=0.0865 h10=0.1724 epoch=44 (67.7s)
[final] maven gat_dir seed=129 cfg=c4_h128_d0.5 val=0.3308 test=0.1184 h10=0.2069 epoch=100 (85.3s)
[final] maven ragat_sym seed=124 cfg=c3_h64_d0.5 val=0.2840 test=0.1019 h10=0.1379 epoch=10 (34.4s)
[final] maven ragat_sym seed=122 cfg=c3_h64_d0.5 val=0.3021 test=0.1013 h10=0.1379 epoch=80 (68.4s)
[final] maven ragat_sym seed=125 cfg=c3_h64_d0.5 val=0.2756 test=0.1033 h10=0.1724 epoch=1 (27.8s)
[final] maven ragat_sym seed=123 cfg=c3_h64_d0.5 val=0.2983 test=0.0961 h10=0.1724 epoch=42 (56.1s)
[final] maven ragat_sym seed=126 cfg=c3_h64_d0.5 val=0.2882 test=0.1030 h10=0.1724 epoch=1 (27.9s)
[final] maven ragat_sym seed=128 cfg=c3_h64_d0.5 val=0.2881 test=0.1032 h10=0.1379 epoch=2 (29.1s)
[final] maven ragat_sym seed=130 cfg=c3_h64_d0.5 val=0.2996 test=0.1088 h10=0.2759 epoch=4 (30.7s)
[final] maven ragat_sym seed=129 cfg=c3_h64_d0.5 val=0.3203 test=0.0860 h10=0.1034 epoch=20 (41.3s)
[final] maven ragat_sym seed=127 cfg=c3_h64_d0.5 val=0.3171 test=0.1071 h10=0.2414 epoch=72 (62.5s)
[final] maven gat_time seed=121 cfg=c2_h64_d0.2 val=0.2916 test=0.0938 h10=0.2414 epoch=2 (29.1s)
[final] maven gat_time seed=122 cfg=c2_h64_d0.2 val=0.3022 test=0.1130 h10=0.2069 epoch=4 (30.4s)
[final] maven gat_time seed=125 cfg=c2_h64_d0.2 val=0.2941 test=0.1118 h10=0.2759 epoch=4 (30.8s)
[final] maven gat_time seed=123 cfg=c2_h64_d0.2 val=0.3094 test=0.0987 h10=0.2759 epoch=20 (41.0s)
[final] maven gat_time seed=124 cfg=c2_h64_d0.2 val=0.3020 test=0.1052 h10=0.2414 epoch=30 (44.6s)
[final] maven gat_time seed=126 cfg=c2_h64_d0.2 val=0.2949 test=0.1041 h10=0.1724 epoch=20 (41.4s)
[final] maven gat_time seed=127 cfg=c2_h64_d0.2 val=0.3160 test=0.1123 h10=0.2759 epoch=4 (30.5s)
[final] maven gat_time seed=128 cfg=c2_h64_d0.2 val=0.2877 test=0.0966 h10=0.2414 epoch=4 (31.0s)
[final] maven gat_time seed=129 cfg=c2_h64_d0.2 val=0.3178 test=0.1021 h10=0.1379 epoch=4 (28.6s)
[final] maven ragat_time seed=121 cfg=c1_h128_d0.2 val=0.2787 test=0.1084 h10=0.2414 epoch=6 (42.6s)
[final] maven ragat_time seed=123 cfg=c1_h128_d0.2 val=0.3116 test=0.1050 h10=0.2759 epoch=2 (34.4s)
[final] maven gat_time seed=130 cfg=c2_h64_d0.2 val=0.3328 test=0.0998 h10=0.2414 epoch=98 (64.2s)
[final] maven ragat_time seed=122 cfg=c1_h128_d0.2 val=0.3305 test=0.0902 h10=0.2414 epoch=96 (89.9s)
[final] maven ragat_time seed=125 cfg=c1_h128_d0.2 val=0.2941 test=0.1004 h10=0.1724 epoch=18 (48.4s)
[final] maven ragat_time seed=126 cfg=c1_h128_d0.2 val=0.3071 test=0.1071 h10=0.1724 epoch=8 (40.5s)
[final] maven ragat_time seed=128 cfg=c1_h128_d0.2 val=0.3167 test=0.0949 h10=0.2414 epoch=1 (33.5s)
[final] maven ragat_time seed=124 cfg=c1_h128_d0.2 val=0.3263 test=0.1063 h10=0.2759 epoch=100 (87.4s)
[final] maven ragat_time seed=129 cfg=c1_h128_d0.2 val=0.3099 test=0.1072 h10=0.2414 epoch=1 (34.4s)
[final] maven ragat_time seed=127 cfg=c1_h128_d0.2 val=0.3026 test=0.1055 h10=0.1724 epoch=32 (63.9s)
[final] maven gcn_dir seed=121 cfg=c4_h128_d0.5 val=0.3063 test=0.1370 h10=0.2759 epoch=34 (48.7s)
[final] maven ragat_time seed=130 cfg=c1_h128_d0.2 val=0.3038 test=0.1052 h10=0.1724 epoch=24 (53.8s)
[final] maven gcn_dir seed=122 cfg=c4_h128_d0.5 val=0.3025 test=0.1625 h10=0.3448 epoch=60 (59.3s)
[final] maven gcn_dir seed=125 cfg=c4_h128_d0.5 val=0.2981 test=0.0973 h10=0.2414 epoch=2 (25.2s)
[final] maven gcn_dir seed=124 cfg=c4_h128_d0.5 val=0.2897 test=0.1783 h10=0.3103 epoch=20 (38.8s)
[final] maven gcn_dir seed=123 cfg=c4_h128_d0.5 val=0.3216 test=0.2650 h10=0.3793 epoch=68 (63.6s)
[final] maven gcn_dir seed=126 cfg=c4_h128_d0.5 val=0.2991 test=0.0853 h10=0.1724 epoch=6 (27.3s)
[final] maven gcn_dir seed=129 cfg=c4_h128_d0.5 val=0.3209 test=0.1724 h10=0.3103 epoch=10 (32.2s)
[final] maven gcn_dir seed=127 cfg=c4_h128_d0.5 val=0.3012 test=0.1374 h10=0.2759 epoch=64 (59.2s)
[final] maven gcn_dir seed=130 cfg=c4_h128_d0.5 val=0.3109 test=0.1639 h10=0.3448 epoch=50 (53.0s)
[final] maven gcn_dir seed=128 cfg=c4_h128_d0.5 val=0.2939 test=0.2258 h10=0.2759 epoch=64 (64.1s)
[final] maven sage_dir seed=122 cfg=c1_h128_d0.2 val=0.2974 test=0.1209 h10=0.3448 epoch=1 (23.7s)
[final] maven sage_dir seed=121 cfg=c1_h128_d0.2 val=0.2864 test=0.1717 h10=0.4483 epoch=22 (39.3s)
[final] maven sage_dir seed=123 cfg=c1_h128_d0.2 val=0.3115 test=0.0970 h10=0.3103 epoch=16 (32.8s)
[final] maven sage_dir seed=125 cfg=c1_h128_d0.2 val=0.2795 test=0.1361 h10=0.3793 epoch=1 (23.8s)
[final] maven sage_dir seed=124 cfg=c1_h128_d0.2 val=0.2998 test=0.2307 h10=0.4138 epoch=12 (33.4s)
[final] maven sage_dir seed=126 cfg=c1_h128_d0.2 val=0.2974 test=0.1762 h10=0.4138 epoch=14 (34.4s)
[final] maven sage_dir seed=127 cfg=c1_h128_d0.2 val=0.3256 test=0.1945 h10=0.4138 epoch=10 (29.5s)
[final] maven sage_dir seed=129 cfg=c1_h128_d0.2 val=0.3039 test=0.1078 h10=0.2414 epoch=1 (25.6s)
[final] maven sage_dir seed=128 cfg=c1_h128_d0.2 val=0.2945 test=0.1114 h10=0.3103 epoch=34 (43.9s)
[final] maven sage_dir seed=130 cfg=c1_h128_d0.2 val=0.2989 test=0.1170 h10=0.3448 epoch=18 (37.2s)
[final] maven gatv2_dir seed=121 cfg=c3_h64_d0.5 val=0.2777 test=0.1029 h10=0.1724 epoch=8 (37.3s)
[final] maven gatv2_dir seed=122 cfg=c3_h64_d0.5 val=0.2962 test=0.1094 h10=0.2759 epoch=22 (47.7s)
[final] maven gatv2_dir seed=123 cfg=c3_h64_d0.5 val=0.2993 test=0.1127 h10=0.2759 epoch=26 (51.3s)
[final] maven gatv2_dir seed=125 cfg=c3_h64_d0.5 val=0.2934 test=0.1087 h10=0.2759 epoch=2 (33.0s)
[final] maven gatv2_dir seed=127 cfg=c3_h64_d0.5 val=0.3025 test=0.1123 h10=0.1724 epoch=1 (31.4s)
[final] maven gatv2_dir seed=124 cfg=c3_h64_d0.5 val=0.2989 test=0.0945 h10=0.2069 epoch=90 (76.9s)
[final] maven gatv2_dir seed=126 cfg=c3_h64_d0.5 val=0.2931 test=0.1254 h10=0.2069 epoch=68 (76.8s)
[final] maven gatv2_dir seed=129 cfg=c3_h64_d0.5 val=0.3176 test=0.0881 h10=0.1034 epoch=1 (30.6s)
[final] maven gatv2_dir seed=130 cfg=c3_h64_d0.5 val=0.3087 test=0.1088 h10=0.2759 epoch=4 (31.9s)
[final] maven gatv2_dir seed=128 cfg=c3_h64_d0.5 val=0.3051 test=0.0895 h10=0.1724 epoch=48 (64.4s)
written: results/summary/summary.json|.md|.csv

=== audit npm ===
  [PASS] A1 node/edge counts match stats -- nodes=4959 edges=13602
  [PASS] A2 degree extremes match stats -- max_out=167 max_in=254
  [PASS] A3 no self loops
  [PASS] A4 no duplicate edges -- 13602 edges / 13602 unique
  [PASS] A5 date span matches stats -- 2010-12-19 .. 2026-09-17
  [PASS] A6 snapshot sha256 recorded -- fd6773075e5a8973...
  [PASS] A7 node order is the graph payload order (split and features share one indexing)
  [PASS] B1 seed 101: fit/val/test partition is disjoint and exhaustive -- 4222/390/347 of 4959
  [PASS] B2 seed 101: test window is the newest 347 nodes -- 347 nodes
  [PASS] B3 seed 101: test window is exactly the date tail
  [PASS] B4 seed 101: no fit node is newer than a validation node
  [PASS] B5 seed 101: no validation node is newer than a test node
  [PASS] B6 seed 101: validation size within the jitter band -- 390 nodes vs 397±20
  [PASS] B1 seed 102: fit/val/test partition is disjoint and exhaustive -- 4217/395/347 of 4959
  [PASS] B2 seed 102: test window is the newest 347 nodes -- 347 nodes
  [PASS] B3 seed 102: test window is exactly the date tail
  [PASS] B4 seed 102: no fit node is newer than a validation node
  [PASS] B5 seed 102: no validation node is newer than a test node
  [PASS] B6 seed 102: validation size within the jitter band -- 395 nodes vs 397±20
  [PASS] B1 seed 103: fit/val/test partition is disjoint and exhaustive -- 4212/400/347 of 4959
  [PASS] B2 seed 103: test window is the newest 347 nodes -- 347 nodes
  [PASS] B3 seed 103: test window is exactly the date tail
  [PASS] B4 seed 103: no fit node is newer than a validation node
  [PASS] B5 seed 103: no validation node is newer than a test node
  [PASS] B6 seed 103: validation size within the jitter band -- 400 nodes vs 397±20
  [PASS] B1 seed 104: fit/val/test partition is disjoint and exhaustive -- 4207/405/347 of 4959
  [PASS] B2 seed 104: test window is the newest 347 nodes -- 347 nodes
  [PASS] B3 seed 104: test window is exactly the date tail
  [PASS] B4 seed 104: no fit node is newer than a validation node
  [PASS] B5 seed 104: no validation node is newer than a test node
  [PASS] B6 seed 104: validation size within the jitter band -- 405 nodes vs 397±20
  [PASS] B1 seed 105: fit/val/test partition is disjoint and exhaustive -- 4202/410/347 of 4959
  [PASS] B2 seed 105: test window is the newest 347 nodes -- 347 nodes
  [PASS] B3 seed 105: test window is exactly the date tail
  [PASS] B4 seed 105: no fit node is newer than a validation node
  [PASS] B5 seed 105: no validation node is newer than a test node
  [PASS] B6 seed 105: validation size within the jitter band -- 410 nodes vs 397±20
  [PASS] B1 seed 106: fit/val/test partition is disjoint and exhaustive -- 4197/415/347 of 4959
  [PASS] B2 seed 106: test window is the newest 347 nodes -- 347 nodes
  [PASS] B3 seed 106: test window is exactly the date tail
  [PASS] B4 seed 106: no fit node is newer than a validation node
  [PASS] B5 seed 106: no validation node is newer than a test node
  [PASS] B6 seed 106: validation size within the jitter band -- 415 nodes vs 397±20
  [PASS] B1 seed 107: fit/val/test partition is disjoint and exhaustive -- 4233/379/347 of 4959
  [PASS] B2 seed 107: test window is the newest 347 nodes -- 347 nodes
  [PASS] B3 seed 107: test window is exactly the date tail
  [PASS] B4 seed 107: no fit node is newer than a validation node
  [PASS] B5 seed 107: no validation node is newer than a test node
  [PASS] B6 seed 107: validation size within the jitter band -- 379 nodes vs 397±20
  [PASS] B1 seed 108: fit/val/test partition is disjoint and exhaustive -- 4228/384/347 of 4959
  [PASS] B2 seed 108: test window is the newest 347 nodes -- 347 nodes
  [PASS] B3 seed 108: test window is exactly the date tail
  [PASS] B4 seed 108: no fit node is newer than a validation node
  [PASS] B5 seed 108: no validation node is newer than a test node
  [PASS] B6 seed 108: validation size within the jitter band -- 384 nodes vs 397±20
  [PASS] B1 seed 109: fit/val/test partition is disjoint and exhaustive -- 4223/389/347 of 4959
  [PASS] B2 seed 109: test window is the newest 347 nodes -- 347 nodes
  [PASS] B3 seed 109: test window is exactly the date tail
  [PASS] B4 seed 109: no fit node is newer than a validation node
  [PASS] B5 seed 109: no validation node is newer than a test node
  [PASS] B6 seed 109: validation size within the jitter band -- 389 nodes vs 397±20
  [PASS] B1 seed 110: fit/val/test partition is disjoint and exhaustive -- 4218/394/347 of 4959
  [PASS] B2 seed 110: test window is the newest 347 nodes -- 347 nodes
  [PASS] B3 seed 110: test window is exactly the date tail
  [PASS] B4 seed 110: no fit node is newer than a validation node
  [PASS] B5 seed 110: no validation node is newer than a test node
  [PASS] B6 seed 110: validation size within the jitter band -- 394 nodes vs 397±20
  [PASS] B7 the ten seeds produce ten distinct training partitions (distinct fit windows, i.e. distinct training edge sets) -- 10/10 distinct
  [PASS] B8 the test window is the same newest-fraction window in every seed (pinned by the published candidate arithmetic; variation sits in fit/val) -- 1 distinct windows (SPLIT_JITTER_TEST=0.0)
  [PASS] C1 seed 101: training edges leave the fit window only -- 11946 training edges
  [PASS] C2 seed 101: no test-window node is a training source -- 0 training edges leave a test node
  [PASS] C3 seed 101: candidate pool = every node outside the test window -- pool=4612 of 4959 (test window 347)
  [PASS] C4 seed 101: rankable test positives re-derived from the pool -- 494 rankable of 693 test edges (199 point inside the test window)
  [PASS] C5 seed 101: fit/val/test edge sources sit in their own windows -- fit 11946/11946 val 963/963 test 693/693
  [PASS] C6 seed 101: descriptors are a [N,13] matrix over all nodes -- (4959, 13)
  [PASS] C6b seed 101: descriptors ignore content outside the fit graph -- 128 free nodes replaced, max |diff| = 0.00e+00
  [PASS] C7 seed 101: fit-window metadata matches the split -- 4222+390+347=4959
  [PASS] C8 seed 101: one edge-time feature row per edge in each window -- {'fit': 11946, 'val': 963, 'test': 693} vs {'fit': 11946, 'val': 963, 'test': 693}
  [PASS] C1 seed 102: training edges leave the fit window only -- 11939 training edges
  [PASS] C2 seed 102: no test-window node is a training source -- 0 training edges leave a test node
  [PASS] C3 seed 102: candidate pool = every node outside the test window -- pool=4612 of 4959 (test window 347)
  [PASS] C4 seed 102: rankable test positives re-derived from the pool -- 494 rankable of 693 test edges (199 point inside the test window)
  [PASS] C5 seed 102: fit/val/test edge sources sit in their own windows -- fit 11939/11939 val 970/970 test 693/693
  [PASS] C6 seed 102: descriptors are a [N,13] matrix over all nodes -- (4959, 13)
  [PASS] C6b seed 102: descriptors ignore content outside the fit graph -- 128 free nodes replaced, max |diff| = 0.00e+00
  [PASS] C7 seed 102: fit-window metadata matches the split -- 4217+395+347=4959
  [PASS] C8 seed 102: one edge-time feature row per edge in each window -- {'fit': 11939, 'val': 970, 'test': 693} vs {'fit': 11939, 'val': 970, 'test': 693}
  [PASS] C1 seed 103: training edges leave the fit window only -- 11908 training edges
  [PASS] C2 seed 103: no test-window node is a training source -- 0 training edges leave a test node
  [PASS] C3 seed 103: candidate pool = every node outside the test window -- pool=4612 of 4959 (test window 347)
  [PASS] C4 seed 103: rankable test positives re-derived from the pool -- 494 rankable of 693 test edges (199 point inside the test window)
  [PASS] C5 seed 103: fit/val/test edge sources sit in their own windows -- fit 11908/11908 val 1001/1001 test 693/693
  [PASS] C6 seed 103: descriptors are a [N,13] matrix over all nodes -- (4959, 13)
  [PASS] C6b seed 103: descriptors ignore content outside the fit graph -- 137 free nodes replaced, max |diff| = 0.00e+00
  [PASS] C7 seed 103: fit-window metadata matches the split -- 4212+400+347=4959
  [PASS] C8 seed 103: one edge-time feature row per edge in each window -- {'fit': 11908, 'val': 1001, 'test': 693} vs {'fit': 11908, 'val': 1001, 'test': 693}
  [PASS] C1 seed 104: training edges leave the fit window only -- 11901 training edges
  [PASS] C2 seed 104: no test-window node is a training source -- 0 training edges leave a test node
  [PASS] C3 seed 104: candidate pool = every node outside the test window -- pool=4612 of 4959 (test window 347)
  [PASS] C4 seed 104: rankable test positives re-derived from the pool -- 494 rankable of 693 test edges (199 point inside the test window)
  [PASS] C5 seed 104: fit/val/test edge sources sit in their own windows -- fit 11901/11901 val 1008/1008 test 693/693
  [PASS] C6 seed 104: descriptors are a [N,13] matrix over all nodes -- (4959, 13)
  [PASS] C6b seed 104: descriptors ignore content outside the fit graph -- 140 free nodes replaced, max |diff| = 0.00e+00
  [PASS] C7 seed 104: fit-window metadata matches the split -- 4207+405+347=4959
  [PASS] C8 seed 104: one edge-time feature row per edge in each window -- {'fit': 11901, 'val': 1008, 'test': 693} vs {'fit': 11901, 'val': 1008, 'test': 693}
  [PASS] C1 seed 105: training edges leave the fit window only -- 11877 training edges
  [PASS] C2 seed 105: no test-window node is a training source -- 0 training edges leave a test node
  [PASS] C3 seed 105: candidate pool = every node outside the test window -- pool=4612 of 4959 (test window 347)
  [PASS] C4 seed 105: rankable test positives re-derived from the pool -- 494 rankable of 693 test edges (199 point inside the test window)
  [PASS] C5 seed 105: fit/val/test edge sources sit in their own windows -- fit 11877/11877 val 1032/1032 test 693/693
  [PASS] C6 seed 105: descriptors are a [N,13] matrix over all nodes -- (4959, 13)
  [PASS] C6b seed 105: descriptors ignore content outside the fit graph -- 140 free nodes replaced, max |diff| = 0.00e+00
  [PASS] C7 seed 105: fit-window metadata matches the split -- 4202+410+347=4959
  [PASS] C8 seed 105: one edge-time feature row per edge in each window -- {'fit': 11877, 'val': 1032, 'test': 693} vs {'fit': 11877, 'val': 1032, 'test': 693}
  [PASS] C1 seed 106: training edges leave the fit window only -- 11873 training edges
  [PASS] C2 seed 106: no test-window node is a training source -- 0 training edges leave a test node
  [PASS] C3 seed 106: candidate pool = every node outside the test window -- pool=4612 of 4959 (test window 347)
  [PASS] C4 seed 106: rankable test positives re-derived from the pool -- 494 rankable of 693 test edges (199 point inside the test window)
  [PASS] C5 seed 106: fit/val/test edge sources sit in their own windows -- fit 11873/11873 val 1036/1036 test 693/693
  [PASS] C6 seed 106: descriptors are a [N,13] matrix over all nodes -- (4959, 13)
  [PASS] C6b seed 106: descriptors ignore content outside the fit graph -- 140 free nodes replaced, max |diff| = 0.00e+00
  [PASS] C7 seed 106: fit-window metadata matches the split -- 4197+415+347=4959
  [PASS] C8 seed 106: one edge-time feature row per edge in each window -- {'fit': 11873, 'val': 1036, 'test': 693} vs {'fit': 11873, 'val': 1036, 'test': 693}
  [PASS] C1 seed 107: training edges leave the fit window only -- 11995 training edges
  [PASS] C2 seed 107: no test-window node is a training source -- 0 training edges leave a test node
  [PASS] C3 seed 107: candidate pool = every node outside the test window -- pool=4612 of 4959 (test window 347)
  [PASS] C4 seed 107: rankable test positives re-derived from the pool -- 494 rankable of 693 test edges (199 point inside the test window)
  [PASS] C5 seed 107: fit/val/test edge sources sit in their own windows -- fit 11995/11995 val 914/914 test 693/693
  [PASS] C6 seed 107: descriptors are a [N,13] matrix over all nodes -- (4959, 13)
  [PASS] C6b seed 107: descriptors ignore content outside the fit graph -- 121 free nodes replaced, max |diff| = 0.00e+00
  [PASS] C7 seed 107: fit-window metadata matches the split -- 4233+379+347=4959
  [PASS] C8 seed 107: one edge-time feature row per edge in each window -- {'fit': 11995, 'val': 914, 'test': 693} vs {'fit': 11995, 'val': 914, 'test': 693}
  [PASS] C1 seed 108: training edges leave the fit window only -- 11959 training edges
  [PASS] C2 seed 108: no test-window node is a training source -- 0 training edges leave a test node
  [PASS] C3 seed 108: candidate pool = every node outside the test window -- pool=4612 of 4959 (test window 347)
  [PASS] C4 seed 108: rankable test positives re-derived from the pool -- 494 rankable of 693 test edges (199 point inside the test window)
  [PASS] C5 seed 108: fit/val/test edge sources sit in their own windows -- fit 11959/11959 val 950/950 test 693/693
  [PASS] C6 seed 108: descriptors are a [N,13] matrix over all nodes -- (4959, 13)
  [PASS] C6b seed 108: descriptors ignore content outside the fit graph -- 125 free nodes replaced, max |diff| = 0.00e+00
  [PASS] C7 seed 108: fit-window metadata matches the split -- 4228+384+347=4959
  [PASS] C8 seed 108: one edge-time feature row per edge in each window -- {'fit': 11959, 'val': 950, 'test': 693} vs {'fit': 11959, 'val': 950, 'test': 693}
  [PASS] C1 seed 109: training edges leave the fit window only -- 11949 training edges
  [PASS] C2 seed 109: no test-window node is a training source -- 0 training edges leave a test node
  [PASS] C3 seed 109: candidate pool = every node outside the test window -- pool=4612 of 4959 (test window 347)
  [PASS] C4 seed 109: rankable test positives re-derived from the pool -- 494 rankable of 693 test edges (199 point inside the test window)
  [PASS] C5 seed 109: fit/val/test edge sources sit in their own windows -- fit 11949/11949 val 960/960 test 693/693
  [PASS] C6 seed 109: descriptors are a [N,13] matrix over all nodes -- (4959, 13)
  [PASS] C6b seed 109: descriptors ignore content outside the fit graph -- 128 free nodes replaced, max |diff| = 0.00e+00
  [PASS] C7 seed 109: fit-window metadata matches the split -- 4223+389+347=4959
  [PASS] C8 seed 109: one edge-time feature row per edge in each window -- {'fit': 11949, 'val': 960, 'test': 693} vs {'fit': 11949, 'val': 960, 'test': 693}
  [PASS] C1 seed 110: training edges leave the fit window only -- 11941 training edges
  [PASS] C2 seed 110: no test-window node is a training source -- 0 training edges leave a test node
  [PASS] C3 seed 110: candidate pool = every node outside the test window -- pool=4612 of 4959 (test window 347)
  [PASS] C4 seed 110: rankable test positives re-derived from the pool -- 494 rankable of 693 test edges (199 point inside the test window)
  [PASS] C5 seed 110: fit/val/test edge sources sit in their own windows -- fit 11941/11941 val 968/968 test 693/693
  [PASS] C6 seed 110: descriptors are a [N,13] matrix over all nodes -- (4959, 13)
  [PASS] C6b seed 110: descriptors ignore content outside the fit graph -- 128 free nodes replaced, max |diff| = 0.00e+00
  [PASS] C7 seed 110: fit-window metadata matches the split -- 4218+394+347=4959
  [PASS] C8 seed 110: one edge-time feature row per edge in each window -- {'fit': 11941, 'val': 968, 'test': 693} vs {'fit': 11941, 'val': 968, 'test': 693}
  [PASS] D1 features are L2-normalised (empty texts stay at the origin) -- 10 zero rows of 4959
  [PASS] D2 feature metadata records the calibrated recipe -- "(?u)[a-zA-Z][a-zA-Z0-9_+#.-]*"
  [PASS] D3 stored test floor is reproduced from the bundle -- recomputed 0.155906 vs stored 0.155906
  [PASS] D4 stored floor reports sources and candidates -- sources=181 positives=494 candidates=4611

=== audit maven ===
  [PASS] A1 node/edge counts match stats -- nodes=1664 edges=5651
  [PASS] A2 degree extremes match stats -- max_out=122 max_in=214
  [PASS] A3 no self loops
  [PASS] A4 no duplicate edges -- 5651 edges / 5651 unique
  [PASS] A5 date span matches stats -- 2021-04-24 .. 2026-09-25
  [PASS] A6 snapshot sha256 recorded -- fc479ad09fb64a9e...
  [PASS] A7 node order is the graph payload order (split and features share one indexing)
  [PASS] B1 seed 121: fit/val/test partition is disjoint and exhaustive -- 1426/122/116 of 1664
  [PASS] B2 seed 121: test window is the newest 116 nodes -- 116 nodes
  [PASS] B3 seed 121: test window is exactly the date tail
  [PASS] B4 seed 121: no fit node is newer than a validation node
  [PASS] B5 seed 121: no validation node is newer than a test node
  [PASS] B6 seed 121: validation size within the jitter band -- 122 nodes vs 133±12
  [PASS] B1 seed 122: fit/val/test partition is disjoint and exhaustive -- 1420/128/116 of 1664
  [PASS] B2 seed 122: test window is the newest 116 nodes -- 116 nodes
  [PASS] B3 seed 122: test window is exactly the date tail
  [PASS] B4 seed 122: no fit node is newer than a validation node
  [PASS] B5 seed 122: no validation node is newer than a test node
  [PASS] B6 seed 122: validation size within the jitter band -- 128 nodes vs 133±12
  [PASS] B1 seed 123: fit/val/test partition is disjoint and exhaustive -- 1414/134/116 of 1664
  [PASS] B2 seed 123: test window is the newest 116 nodes -- 116 nodes
  [PASS] B3 seed 123: test window is exactly the date tail
  [PASS] B4 seed 123: no fit node is newer than a validation node
  [PASS] B5 seed 123: no validation node is newer than a test node
  [PASS] B6 seed 123: validation size within the jitter band -- 134 nodes vs 133±12
  [PASS] B1 seed 124: fit/val/test partition is disjoint and exhaustive -- 1408/140/116 of 1664
  [PASS] B2 seed 124: test window is the newest 116 nodes -- 116 nodes
  [PASS] B3 seed 124: test window is exactly the date tail
  [PASS] B4 seed 124: no fit node is newer than a validation node
  [PASS] B5 seed 124: no validation node is newer than a test node
  [PASS] B6 seed 124: validation size within the jitter band -- 140 nodes vs 133±12
  [PASS] B1 seed 125: fit/val/test partition is disjoint and exhaustive -- 1427/121/116 of 1664
  [PASS] B2 seed 125: test window is the newest 116 nodes -- 116 nodes
  [PASS] B3 seed 125: test window is exactly the date tail
  [PASS] B4 seed 125: no fit node is newer than a validation node
  [PASS] B5 seed 125: no validation node is newer than a test node
  [PASS] B6 seed 125: validation size within the jitter band -- 121 nodes vs 133±12
  [PASS] B1 seed 126: fit/val/test partition is disjoint and exhaustive -- 1421/127/116 of 1664
  [PASS] B2 seed 126: test window is the newest 116 nodes -- 116 nodes
  [PASS] B3 seed 126: test window is exactly the date tail
  [PASS] B4 seed 126: no fit node is newer than a validation node
  [PASS] B5 seed 126: no validation node is newer than a test node
  [PASS] B6 seed 126: validation size within the jitter band -- 127 nodes vs 133±12
  [PASS] B1 seed 127: fit/val/test partition is disjoint and exhaustive -- 1415/133/116 of 1664
  [PASS] B2 seed 127: test window is the newest 116 nodes -- 116 nodes
  [PASS] B3 seed 127: test window is exactly the date tail
  [PASS] B4 seed 127: no fit node is newer than a validation node
  [PASS] B5 seed 127: no validation node is newer than a test node
  [PASS] B6 seed 127: validation size within the jitter band -- 133 nodes vs 133±12
  [PASS] B1 seed 128: fit/val/test partition is disjoint and exhaustive -- 1409/139/116 of 1664
  [PASS] B2 seed 128: test window is the newest 116 nodes -- 116 nodes
  [PASS] B3 seed 128: test window is exactly the date tail
  [PASS] B4 seed 128: no fit node is newer than a validation node
  [PASS] B5 seed 128: no validation node is newer than a test node
  [PASS] B6 seed 128: validation size within the jitter band -- 139 nodes vs 133±12
  [PASS] B1 seed 129: fit/val/test partition is disjoint and exhaustive -- 1403/145/116 of 1664
  [PASS] B2 seed 129: test window is the newest 116 nodes -- 116 nodes
  [PASS] B3 seed 129: test window is exactly the date tail
  [PASS] B4 seed 129: no fit node is newer than a validation node
  [PASS] B5 seed 129: no validation node is newer than a test node
  [PASS] B6 seed 129: validation size within the jitter band -- 145 nodes vs 133±12
  [PASS] B1 seed 130: fit/val/test partition is disjoint and exhaustive -- 1422/126/116 of 1664
  [PASS] B2 seed 130: test window is the newest 116 nodes -- 116 nodes
  [PASS] B3 seed 130: test window is exactly the date tail
  [PASS] B4 seed 130: no fit node is newer than a validation node
  [PASS] B5 seed 130: no validation node is newer than a test node
  [PASS] B6 seed 130: validation size within the jitter band -- 126 nodes vs 133±12
  [PASS] B7 the ten seeds produce ten distinct training partitions (distinct fit windows, i.e. distinct training edge sets) -- 10/10 distinct
  [PASS] B8 the test window is the same newest-fraction window in every seed (pinned by the published candidate arithmetic; variation sits in fit/val) -- 1 distinct windows (SPLIT_JITTER_TEST=0.0)
  [PASS] C1 seed 121: training edges leave the fit window only -- 4948 training edges
  [PASS] C2 seed 121: no test-window node is a training source -- 0 training edges leave a test node
  [PASS] C3 seed 121: candidate pool = every node outside the test window -- pool=1548 of 1664 (test window 116)
  [PASS] C4 seed 121: rankable test positives re-derived from the pool -- 63 rankable of 327 test edges (264 point inside the test window)
  [PASS] C5 seed 121: fit/val/test edge sources sit in their own windows -- fit 4948/4948 val 376/376 test 327/327
  [PASS] C6 seed 121: descriptors are a [N,13] matrix over all nodes -- (1664, 13)
  [PASS] C6b seed 121: descriptors ignore content outside the fit graph -- 162 free nodes replaced, max |diff| = 0.00e+00
  [PASS] C7 seed 121: fit-window metadata matches the split -- 1426+122+116=1664
  [PASS] C8 seed 121: one edge-time feature row per edge in each window -- {'fit': 4948, 'val': 376, 'test': 327} vs {'fit': 4948, 'val': 376, 'test': 327}
  [PASS] C1 seed 122: training edges leave the fit window only -- 4925 training edges
  [PASS] C2 seed 122: no test-window node is a training source -- 0 training edges leave a test node
  [PASS] C3 seed 122: candidate pool = every node outside the test window -- pool=1548 of 1664 (test window 116)
  [PASS] C4 seed 122: rankable test positives re-derived from the pool -- 63 rankable of 327 test edges (264 point inside the test window)
  [PASS] C5 seed 122: fit/val/test edge sources sit in their own windows -- fit 4925/4925 val 399/399 test 327/327
  [PASS] C6 seed 122: descriptors are a [N,13] matrix over all nodes -- (1664, 13)
  [PASS] C6b seed 122: descriptors ignore content outside the fit graph -- 171 free nodes replaced, max |diff| = 0.00e+00
  [PASS] C7 seed 122: fit-window metadata matches the split -- 1420+128+116=1664
  [PASS] C8 seed 122: one edge-time feature row per edge in each window -- {'fit': 4925, 'val': 399, 'test': 327} vs {'fit': 4925, 'val': 399, 'test': 327}
  [PASS] C1 seed 123: training edges leave the fit window only -- 4863 training edges
  [PASS] C2 seed 123: no test-window node is a training source -- 0 training edges leave a test node
  [PASS] C3 seed 123: candidate pool = every node outside the test window -- pool=1548 of 1664 (test window 116)
  [PASS] C4 seed 123: rankable test positives re-derived from the pool -- 63 rankable of 327 test edges (264 point inside the test window)
  [PASS] C5 seed 123: fit/val/test edge sources sit in their own windows -- fit 4863/4863 val 461/461 test 327/327
  [PASS] C6 seed 123: descriptors are a [N,13] matrix over all nodes -- (1664, 13)
  [PASS] C6b seed 123: descriptors ignore content outside the fit graph -- 219 free nodes replaced, max |diff| = 0.00e+00
  [PASS] C7 seed 123: fit-window metadata matches the split -- 1414+134+116=1664
  [PASS] C8 seed 123: one edge-time feature row per edge in each window -- {'fit': 4863, 'val': 461, 'test': 327} vs {'fit': 4863, 'val': 461, 'test': 327}
  [PASS] C1 seed 124: training edges leave the fit window only -- 4859 training edges
  [PASS] C2 seed 124: no test-window node is a training source -- 0 training edges leave a test node
  [PASS] C3 seed 124: candidate pool = every node outside the test window -- pool=1548 of 1664 (test window 116)
  [PASS] C4 seed 124: rankable test positives re-derived from the pool -- 63 rankable of 327 test edges (264 point inside the test window)
  [PASS] C5 seed 124: fit/val/test edge sources sit in their own windows -- fit 4859/4859 val 465/465 test 327/327
  [PASS] C6 seed 124: descriptors are a [N,13] matrix over all nodes -- (1664, 13)
  [PASS] C6b seed 124: descriptors ignore content outside the fit graph -- 225 free nodes replaced, max |diff| = 0.00e+00
  [PASS] C7 seed 124: fit-window metadata matches the split -- 1408+140+116=1664
  [PASS] C8 seed 124: one edge-time feature row per edge in each window -- {'fit': 4859, 'val': 465, 'test': 327} vs {'fit': 4859, 'val': 465, 'test': 327}
  [PASS] C1 seed 125: training edges leave the fit window only -- 4950 training edges
  [PASS] C2 seed 125: no test-window node is a training source -- 0 training edges leave a test node
  [PASS] C3 seed 125: candidate pool = every node outside the test window -- pool=1548 of 1664 (test window 116)
  [PASS] C4 seed 125: rankable test positives re-derived from the pool -- 63 rankable of 327 test edges (264 point inside the test window)
  [PASS] C5 seed 125: fit/val/test edge sources sit in their own windows -- fit 4950/4950 val 374/374 test 327/327
  [PASS] C6 seed 125: descriptors are a [N,13] matrix over all nodes -- (1664, 13)
  [PASS] C6b seed 125: descriptors ignore content outside the fit graph -- 162 free nodes replaced, max |diff| = 0.00e+00
  [PASS] C7 seed 125: fit-window metadata matches the split -- 1427+121+116=1664
  [PASS] C8 seed 125: one edge-time feature row per edge in each window -- {'fit': 4950, 'val': 374, 'test': 327} vs {'fit': 4950, 'val': 374, 'test': 327}
  [PASS] C1 seed 126: training edges leave the fit window only -- 4926 training edges
  [PASS] C2 seed 126: no test-window node is a training source -- 0 training edges leave a test node
  [PASS] C3 seed 126: candidate pool = every node outside the test window -- pool=1548 of 1664 (test window 116)
  [PASS] C4 seed 126: rankable test positives re-derived from the pool -- 63 rankable of 327 test edges (264 point inside the test window)
  [PASS] C5 seed 126: fit/val/test edge sources sit in their own windows -- fit 4926/4926 val 398/398 test 327/327
  [PASS] C6 seed 126: descriptors are a [N,13] matrix over all nodes -- (1664, 13)
  [PASS] C6b seed 126: descriptors ignore content outside the fit graph -- 170 free nodes replaced, max |diff| = 0.00e+00
  [PASS] C7 seed 126: fit-window metadata matches the split -- 1421+127+116=1664
  [PASS] C8 seed 126: one edge-time feature row per edge in each window -- {'fit': 4926, 'val': 398, 'test': 327} vs {'fit': 4926, 'val': 398, 'test': 327}
  [PASS] C1 seed 127: training edges leave the fit window only -- 4864 training edges
  [PASS] C2 seed 127: no test-window node is a training source -- 0 training edges leave a test node
  [PASS] C3 seed 127: candidate pool = every node outside the test window -- pool=1548 of 1664 (test window 116)
  [PASS] C4 seed 127: rankable test positives re-derived from the pool -- 63 rankable of 327 test edges (264 point inside the test window)
  [PASS] C5 seed 127: fit/val/test edge sources sit in their own windows -- fit 4864/4864 val 460/460 test 327/327
  [PASS] C6 seed 127: descriptors are a [N,13] matrix over all nodes -- (1664, 13)
  [PASS] C6b seed 127: descriptors ignore content outside the fit graph -- 218 free nodes replaced, max |diff| = 0.00e+00
  [PASS] C7 seed 127: fit-window metadata matches the split -- 1415+133+116=1664
  [PASS] C8 seed 127: one edge-time feature row per edge in each window -- {'fit': 4864, 'val': 460, 'test': 327} vs {'fit': 4864, 'val': 460, 'test': 327}
  [PASS] C1 seed 128: training edges leave the fit window only -- 4859 training edges
  [PASS] C2 seed 128: no test-window node is a training source -- 0 training edges leave a test node
  [PASS] C3 seed 128: candidate pool = every node outside the test window -- pool=1548 of 1664 (test window 116)
  [PASS] C4 seed 128: rankable test positives re-derived from the pool -- 63 rankable of 327 test edges (264 point inside the test window)
  [PASS] C5 seed 128: fit/val/test edge sources sit in their own windows -- fit 4859/4859 val 465/465 test 327/327
  [PASS] C6 seed 128: descriptors are a [N,13] matrix over all nodes -- (1664, 13)
  [PASS] C6b seed 128: descriptors ignore content outside the fit graph -- 224 free nodes replaced, max |diff| = 0.00e+00
  [PASS] C7 seed 128: fit-window metadata matches the split -- 1409+139+116=1664
  [PASS] C8 seed 128: one edge-time feature row per edge in each window -- {'fit': 4859, 'val': 465, 'test': 327} vs {'fit': 4859, 'val': 465, 'test': 327}
  [PASS] C1 seed 129: training edges leave the fit window only -- 4852 training edges
  [PASS] C2 seed 129: no test-window node is a training source -- 0 training edges leave a test node
  [PASS] C3 seed 129: candidate pool = every node outside the test window -- pool=1548 of 1664 (test window 116)
  [PASS] C4 seed 129: rankable test positives re-derived from the pool -- 63 rankable of 327 test edges (264 point inside the test window)
  [PASS] C5 seed 129: fit/val/test edge sources sit in their own windows -- fit 4852/4852 val 472/472 test 327/327
  [PASS] C6 seed 129: descriptors are a [N,13] matrix over all nodes -- (1664, 13)
  [PASS] C6b seed 129: descriptors ignore content outside the fit graph -- 228 free nodes replaced, max |diff| = 0.00e+00
  [PASS] C7 seed 129: fit-window metadata matches the split -- 1403+145+116=1664
  [PASS] C8 seed 129: one edge-time feature row per edge in each window -- {'fit': 4852, 'val': 472, 'test': 327} vs {'fit': 4852, 'val': 472, 'test': 327}
  [PASS] C1 seed 130: training edges leave the fit window only -- 4927 training edges
  [PASS] C2 seed 130: no test-window node is a training source -- 0 training edges leave a test node
  [PASS] C3 seed 130: candidate pool = every node outside the test window -- pool=1548 of 1664 (test window 116)
  [PASS] C4 seed 130: rankable test positives re-derived from the pool -- 63 rankable of 327 test edges (264 point inside the test window)
  [PASS] C5 seed 130: fit/val/test edge sources sit in their own windows -- fit 4927/4927 val 397/397 test 327/327
  [PASS] C6 seed 130: descriptors are a [N,13] matrix over all nodes -- (1664, 13)
  [PASS] C6b seed 130: descriptors ignore content outside the fit graph -- 169 free nodes replaced, max |diff| = 0.00e+00
  [PASS] C7 seed 130: fit-window metadata matches the split -- 1422+126+116=1664
  [PASS] C8 seed 130: one edge-time feature row per edge in each window -- {'fit': 4927, 'val': 397, 'test': 327} vs {'fit': 4927, 'val': 397, 'test': 327}
  [PASS] D1 features are L2-normalised (empty texts stay at the origin) -- 3 zero rows of 1664
  [PASS] D2 feature metadata records the calibrated recipe -- "(?u)[a-zA-Z][a-zA-Z0-9_+#.-]*"
  [PASS] D3 stored test floor is reproduced from the bundle -- recomputed 0.093199 vs stored 0.093199
  [PASS] D4 stored floor reports sources and candidates -- sources=29 positives=63 candidates=1547

=== run bookkeeping and contrasts ===
  [PASS] E1 npm gat_dir: ten runs present, one frozen config -- 10 runs, cfg=['c1_h128_d0.2']
  [PASS] E2 npm gat_dir: floor recorded in the run equals the floor phase -- max diff 0.00e+00
  [PASS] H npm gat_dir: untrained model reproduces the content floor on validation -- max |init_val_mrr - floor_val| = 0.00e+00
  [PASS] E1 npm ragat_sym: ten runs present, one frozen config -- 10 runs, cfg=['c1_h128_d0.2']
  [PASS] E2 npm ragat_sym: floor recorded in the run equals the floor phase -- max diff 0.00e+00
  [PASS] H npm ragat_sym: untrained model reproduces the content floor on validation -- max |init_val_mrr - floor_val| = 0.00e+00
  [PASS] E1 npm gat_time: ten runs present, one frozen config -- 10 runs, cfg=['c4_h128_d0.5']
  [PASS] E2 npm gat_time: floor recorded in the run equals the floor phase -- max diff 0.00e+00
  [PASS] H npm gat_time: untrained model reproduces the content floor on validation -- max |init_val_mrr - floor_val| = 0.00e+00
  [PASS] E1 npm ragat_time: ten runs present, one frozen config -- 10 runs, cfg=['c4_h128_d0.5']
  [PASS] E2 npm ragat_time: floor recorded in the run equals the floor phase -- max diff 0.00e+00
  [PASS] H npm ragat_time: untrained model reproduces the content floor on validation -- max |init_val_mrr - floor_val| = 0.00e+00
  [PASS] E1 npm gcn_dir: ten runs present, one frozen config -- 10 runs, cfg=['c1_h128_d0.2']
  [PASS] E2 npm gcn_dir: floor recorded in the run equals the floor phase -- max diff 0.00e+00
  [PASS] H npm gcn_dir: untrained model reproduces the content floor on validation -- max |init_val_mrr - floor_val| = 0.00e+00
  [PASS] E1 npm sage_dir: ten runs present, one frozen config -- 10 runs, cfg=['c1_h128_d0.2']
  [PASS] E2 npm sage_dir: floor recorded in the run equals the floor phase -- max diff 0.00e+00
  [PASS] H npm sage_dir: untrained model reproduces the content floor on validation -- max |init_val_mrr - floor_val| = 0.00e+00
  [PASS] E1 npm gatv2_dir: ten runs present, one frozen config -- 10 runs, cfg=['c4_h128_d0.5']
  [PASS] E2 npm gatv2_dir: floor recorded in the run equals the floor phase -- max diff 0.00e+00
  [PASS] H npm gatv2_dir: untrained model reproduces the content floor on validation -- max |init_val_mrr - floor_val| = 0.00e+00
  [PASS] F npm gate: summary matches the audit recomputation -- summary -0.002058/5 vs audit -0.002058/5
  [PASS] F npm time: summary matches the audit recomputation -- summary +0.016690/8 vs audit +0.016690/8
  [PASS] F npm gate_under_time: summary matches the audit recomputation -- summary -0.015816/3 vs audit -0.015816/3
  [PASS] F npm full_vs_gatdir: summary matches the audit recomputation -- summary +0.000875/5 vs audit +0.000875/5
  [PASS] F npm gcn_vs_gatdir: summary matches the audit recomputation -- summary +0.047468/10 vs audit +0.047468/10
  [PASS] F npm sage_vs_gatdir: summary matches the audit recomputation -- summary +0.005193/8 vs audit +0.005193/8
  [PASS] F npm gatv2_vs_gatdir: summary matches the audit recomputation -- summary -0.000991/3 vs audit -0.000991/3
  [PASS] F npm: every audited contrast is present in the summary -- 7/7
      re-selected per cell: {'gat_dir': 'c1_h128_d0.2', 'ragat_sym': 'c1_h128_d0.2', 'gat_time': 'c4_h128_d0.5', 'ragat_time': 'c4_h128_d0.5'}; recorded {'gat_dir': 'c1_h128_d0.2', 'ragat_sym': 'c1_h128_d0.2', 'gat_time': 'c4_h128_d0.5', 'ragat_time': 'c4_h128_d0.5'}
  [PASS] G npm: the frozen configs equal the re-selected ones
  [PASS] E1 maven gat_dir: ten runs present, one frozen config -- 10 runs, cfg=['c4_h128_d0.5']
  [PASS] E2 maven gat_dir: floor recorded in the run equals the floor phase -- max diff 0.00e+00
  [PASS] H maven gat_dir: untrained model reproduces the content floor on validation -- max |init_val_mrr - floor_val| = 0.00e+00
  [PASS] E1 maven ragat_sym: ten runs present, one frozen config -- 10 runs, cfg=['c3_h64_d0.5']
  [PASS] E2 maven ragat_sym: floor recorded in the run equals the floor phase -- max diff 0.00e+00
  [PASS] H maven ragat_sym: untrained model reproduces the content floor on validation -- max |init_val_mrr - floor_val| = 0.00e+00
  [PASS] E1 maven gat_time: ten runs present, one frozen config -- 10 runs, cfg=['c2_h64_d0.2']
  [PASS] E2 maven gat_time: floor recorded in the run equals the floor phase -- max diff 0.00e+00
  [PASS] H maven gat_time: untrained model reproduces the content floor on validation -- max |init_val_mrr - floor_val| = 0.00e+00
  [PASS] E1 maven ragat_time: ten runs present, one frozen config -- 10 runs, cfg=['c1_h128_d0.2']
  [PASS] E2 maven ragat_time: floor recorded in the run equals the floor phase -- max diff 0.00e+00
  [PASS] H maven ragat_time: untrained model reproduces the content floor on validation -- max |init_val_mrr - floor_val| = 0.00e+00
  [PASS] E1 maven gcn_dir: ten runs present, one frozen config -- 10 runs, cfg=['c4_h128_d0.5']
  [PASS] E2 maven gcn_dir: floor recorded in the run equals the floor phase -- max diff 0.00e+00
  [PASS] H maven gcn_dir: untrained model reproduces the content floor on validation -- max |init_val_mrr - floor_val| = 0.00e+00
  [PASS] E1 maven sage_dir: ten runs present, one frozen config -- 10 runs, cfg=['c1_h128_d0.2']
  [PASS] E2 maven sage_dir: floor recorded in the run equals the floor phase -- max diff 0.00e+00
  [PASS] H maven sage_dir: untrained model reproduces the content floor on validation -- max |init_val_mrr - floor_val| = 0.00e+00
  [PASS] E1 maven gatv2_dir: ten runs present, one frozen config -- 10 runs, cfg=['c3_h64_d0.5']
  [PASS] E2 maven gatv2_dir: floor recorded in the run equals the floor phase -- max diff 0.00e+00
  [PASS] H maven gatv2_dir: untrained model reproduces the content floor on validation -- max |init_val_mrr - floor_val| = 0.00e+00
  [PASS] F maven gate: summary matches the audit recomputation -- summary -0.001441/5 vs audit -0.001441/5
  [PASS] F maven time: summary matches the audit recomputation -- summary -0.000087/4 vs audit -0.000087/4
  [PASS] F maven gate_under_time: summary matches the audit recomputation -- summary -0.000735/6 vs audit -0.000735/6
  [PASS] F maven full_vs_gatdir: summary matches the audit recomputation -- summary -0.000822/5 vs audit -0.000822/5
  [PASS] F maven gcn_vs_gatdir: summary matches the audit recomputation -- summary +0.058661/9 vs audit +0.058661/9
  [PASS] F maven sage_vs_gatdir: summary matches the audit recomputation -- summary +0.042491/8 vs audit +0.042491/8
  [PASS] F maven gatv2_vs_gatdir: summary matches the audit recomputation -- summary +0.001404/6 vs audit +0.001404/6
  [PASS] F maven: every audited contrast is present in the summary -- 7/7
      re-selected per cell: {'gat_dir': 'c4_h128_d0.5', 'ragat_sym': 'c3_h64_d0.5', 'gat_time': 'c2_h64_d0.2', 'ragat_time': 'c1_h128_d0.2'}; recorded {'gat_dir': 'c4_h128_d0.5', 'ragat_sym': 'c3_h64_d0.5', 'gat_time': 'c2_h64_d0.2', 'ragat_time': 'c1_h128_d0.2'}
  [PASS] G maven: the frozen configs equal the re-selected ones

audit written to results/audit.json; 0 failing checks
written: results/tables/table_main_results.tex, table_paired.tex, table_dataset_stats.tex
_source: results/summary/summary.json_

### 主结果(测试 MRR,十种子均值 ± 标准差)

| Cell | 本包 npm | 论文 npm | 本包 Maven | 论文 Maven |
|---|---|---|---|---|
| Content floor | **0.1564** ± 0.0021 | 0.1565 | **0.0926** ± 0.0042 | 0.3377 |
| gcn_dir | **0.2118** ± 0.0207 | 0.1387 ± 0.0273 | **0.1625** ± 0.0541 | 0.3501 ± 0.0129 |
| sage_dir | **0.1696** ± 0.0029 | 0.1587 ± 0.0286 | **0.1463** ± 0.0444 | 0.3600 ± 0.0278 |
| gatv2_dir | **0.1634** ± 0.0047 | 0.1394 ± 0.0151 | **0.1052** ± 0.0116 | 0.3563 ± 0.0103 |
| gat_dir | **0.1644** ± 0.0050 | 0.1214 ± 0.0233 | **0.1038** ± 0.0120 | 0.3370 ± 0.0312 |
| **rcgat_sym (gate)** | **0.1623** ± 0.0033 | 0.1511 ± 0.0127 | **0.1024** ± 0.0074 | 0.3681 ± 0.0104 |
| gat_time | **0.1811** ± 0.0158 | 0.1607 ± 0.0172 | **0.1038** ± 0.0069 | 0.3399 ± 0.0158 |
| rcgat_time | **0.1652** ± 0.0145 | 0.1583 ± 0.0190 | **0.1030** ± 0.0060 | 0.3399 ± 0.0076 |

### 配对对比(每种子配对差,Student t 95% 区间)

| Contrast | 本包 npm | 论文 npm | 本包 Maven | 论文 Maven |
|---|---|---|---|---|
| gate | **-0.0021** [-0.0060,+0.0019] sign+ 5/10 | +0.0297 [+0.0097,+0.0496] sign+ 9/10 | **-0.0014** [-0.0121,+0.0092] sign+ 5/10 | +0.0311 [+0.0094,+0.0528] sign+ 9/10 |
| time | **+0.0167** [+0.0040,+0.0294] sign+ 8/10 | +0.0393 [+0.0209,+0.0578] sign+ 10/10 | **-0.0001** [-0.0109,+0.0107] sign+ 4/10 | +0.0029 [-0.0238,+0.0296] sign+ 5/10 |
| gate_under_time | **-0.0158** [-0.0323,+0.0007] sign+ 3/10 | -0.0024 [-0.0171,+0.0122] sign+ 6/10 | **-0.0007** [-0.0083,+0.0069] sign+ 6/10 | +0.0000 [-0.0116,+0.0116] sign+ 5/10 |
| full_vs_gatdir | **+0.0009** [-0.0115,+0.0133] sign+ 5/10 | +0.0369 [+0.0187,+0.0551] sign+ 9/10 | **-0.0008** [-0.0079,+0.0063] sign+ 5/10 | +0.0029 [-0.0174,+0.0232] sign+ 4/10 |
| gat_vs_floor | **+0.0078** [+0.0040,+0.0115] sign+ 10/10 | -0.0351 [-0.0517,-0.0184] sign+ 2/10 | **+0.0116** [+0.0042,+0.0190] sign+ 9/10 | -0.0007 [-0.0231,+0.0216] sign+ 6/10 |
| rcgat_vs_floor | **+0.0057** [+0.0040,+0.0074] sign+ 10/10 | -0.0054 [-0.0145,+0.0037] sign+ 4/10 | **+0.0102** [+0.0045,+0.0158] sign+ 8/10 | +0.0304 [+0.0229,+0.0379] sign+ 10/10 |
| gcn_vs_floor | **+0.0553** [+0.0401,+0.0704] sign+ 10/10 | — | **+0.0703** [+0.0319,+0.1086] sign+ 9/10 | — |
| sage_vs_floor | **+0.0130** [+0.0109,+0.0151] sign+ 10/10 | — | **+0.0541** [+0.0220,+0.0862] sign+ 9/10 | — |
| gatv2_vs_floor | **+0.0068** [+0.0035,+0.0101] sign+ 10/10 | — | **+0.0130** [+0.0060,+0.0201] sign+ 8/10 | — |
| gcn_vs_gatdir | **+0.0475** [+0.0344,+0.0605] sign+ 10/10 | — | **+0.0587** [+0.0186,+0.0987] sign+ 9/10 | — |
| sage_vs_gatdir | **+0.0052** [+0.0013,+0.0091] sign+ 8/10 | — | **+0.0425** [+0.0083,+0.0767] sign+ 8/10 | — |
| gatv2_vs_gatdir | **-0.0010** [-0.0064,+0.0044] sign+ 3/10 | — | **+0.0014** [-0.0091,+0.0119] sign+ 6/10 | — |

### 选中配置(逐 cell,验证集 MRR 最优)

| Cell | 本包 npm | 论文 npm | 本包 Maven | 论文 Maven |
|---|---|---|---|---|
| gcn_dir | c1 (208,897) | c3 | c4 (208,897) | c4 |
| sage_dir | c1 (274,433) | c1 | c1 (274,433) | c3 |
| gatv2_dir | c4 (673,793) | c2 | c3 (189,441) | c1 |
| gat_dir | c1 (409,601) | c3 | c4 (409,601) | c4 |
| ragat_sym | c1 (409,657) | c2 | c3 (122,937) | c3 |
| gat_time | c4 (409,857) | c1 | c2 (123,009) | c4 |
| ragat_time | c4 (409,913) | c4 | c1 (409,913) | c3 |
[chain] end Fri Sep 25 18:06:10 UTC 2026
