[floor] npm seed=11 val=0.1641 test=0.1538 (7.8s, 347 test nodes)
[floor] npm seed=101 val=0.1585 test=0.1559 (0.1s, 347 test nodes)
[floor] npm seed=102 val=0.1649 test=0.1564 (6.4s, 347 test nodes)
[floor] npm seed=103 val=0.1606 test=0.1573 (6.5s, 347 test nodes)
[floor] npm seed=104 val=0.1649 test=0.1564 (6.5s, 347 test nodes)
[floor] npm seed=105 val=0.1638 test=0.1576 (0.1s, 347 test nodes)
[floor] npm seed=106 val=0.1617 test=0.1573 (6.3s, 347 test nodes)
[floor] npm seed=107 val=0.1643 test=0.1570 (6.3s, 347 test nodes)
[floor] npm seed=108 val=0.1632 test=0.1522 (6.4s, 347 test nodes)
[floor] npm seed=109 val=0.1621 test=0.1531 (0.0s, 347 test nodes)
[floor] npm seed=110 val=0.1619 test=0.1559 (6.4s, 347 test nodes)
[floor] maven seed=11 val=0.2838 test=0.0960 (0.8s, 116 test nodes)
[floor] maven seed=121 val=0.2879 test=0.0995 (0.8s, 116 test nodes)
[floor] maven seed=122 val=0.2851 test=0.0989 (0.8s, 116 test nodes)
[floor] maven seed=123 val=0.2861 test=0.0914 (0.9s, 116 test nodes)
[floor] maven seed=124 val=0.2754 test=0.0898 (1.0s, 116 test nodes)
[floor] maven seed=125 val=0.2876 test=0.0988 (0.9s, 116 test nodes)
[floor] maven seed=126 val=0.2851 test=0.0989 (0.9s, 116 test nodes)
[floor] maven seed=127 val=0.2821 test=0.0950 (0.9s, 116 test nodes)
[floor] maven seed=128 val=0.2821 test=0.0950 (0.8s, 116 test nodes)
[floor] maven seed=129 val=0.2821 test=0.0950 (0.8s, 116 test nodes)
[floor] maven seed=130 val=0.2879 test=0.0995 (0.8s, 116 test nodes)
[diag] npm mean = {"test_nodes": 347.0, "test_sources": 181.0, "positives": 494.0, "candidates_mean": 4611.0, "floor_test_mrr": 0.15590215029157842}
[diag] maven mean = {"test_nodes": 116.0, "test_sources": 29.0, "positives": 63.0, "candidates_mean": 1547.0, "floor_test_mrr": 0.09619409824357275}
[tune] 56 jobs on tuning seed 11 (workers=4)
[tune] npm gat_dir seed=11 cfg=c2_h64_d0.2 val=0.1670 test=0.1542 h10=0.2707 epoch=1 (74.8s)
[tune] npm gat_dir seed=11 cfg=c3_h64_d0.5 val=0.1659 test=0.1603 h10=0.2652 epoch=14 (105.7s)
[tune] npm ragat_sym seed=11 cfg=c1_h128_d0.2 val=0.1691 test=0.1628 h10=0.2707 epoch=6 (121.5s)
[tune] npm gat_dir seed=11 cfg=c1_h128_d0.2 val=0.1737 test=0.1659 h10=0.2873 epoch=80 (266.3s)
[tune] npm gat_dir seed=11 cfg=c4_h128_d0.5 val=0.1854 test=0.1758 h10=0.2873 epoch=76 (267.3s)
[tune] npm ragat_sym seed=11 cfg=c3_h64_d0.5 val=0.1657 test=0.1631 h10=0.2652 epoch=4 (85.8s)
[tune] npm ragat_sym seed=11 cfg=c2_h64_d0.2 val=0.1781 test=0.1627 h10=0.2818 epoch=80 (188.7s)
[tune] npm gat_time seed=11 cfg=c1_h128_d0.2 val=0.1708 test=0.1662 h10=0.2707 epoch=8 (126.6s)
[tune] npm gat_time seed=11 cfg=c2_h64_d0.2 val=0.1785 test=0.1801 h10=0.2983 epoch=78 (186.0s)
[tune] npm gat_time seed=11 cfg=c3_h64_d0.5 val=0.1839 test=0.1757 h10=0.2818 epoch=74 (186.8s)
[tune] npm ragat_sym seed=11 cfg=c4_h128_d0.5 val=0.1805 test=0.1628 h10=0.2818 epoch=74 (261.0s)
[tune] npm ragat_time seed=11 cfg=c2_h64_d0.2 val=0.1677 test=0.1646 h10=0.2652 epoch=4 (82.6s)
[tune] npm gat_time seed=11 cfg=c4_h128_d0.5 val=0.1761 test=0.1563 h10=0.2652 epoch=76 (253.7s)
[tune] npm ragat_time seed=11 cfg=c3_h64_d0.5 val=0.1867 test=0.1715 h10=0.2873 epoch=80 (188.3s)
[tune] npm ragat_time seed=11 cfg=c1_h128_d0.2 val=0.1782 test=0.1493 h10=0.2707 epoch=78 (247.9s)
[tune] npm gcn_dir seed=11 cfg=c1_h128_d0.2 val=0.2286 test=0.2173 h10=0.4033 epoch=4 (76.4s)
[tune] npm gcn_dir seed=11 cfg=c4_h128_d0.5 val=0.2237 test=0.2176 h10=0.3591 epoch=4 (76.2s)
[tune] npm gcn_dir seed=11 cfg=c2_h64_d0.2 val=0.2002 test=0.1769 h10=0.3149 epoch=12 (89.6s)
[tune] npm gcn_dir seed=11 cfg=c3_h64_d0.5 val=0.1905 test=0.1734 h10=0.2707 epoch=20 (106.1s)
[tune] npm ragat_time seed=11 cfg=c4_h128_d0.5 val=0.1878 test=0.1643 h10=0.2818 epoch=72 (258.2s)
[tune] npm sage_dir seed=11 cfg=c2_h64_d0.2 val=0.1718 test=0.1603 h10=0.2652 epoch=1 (64.0s)
[tune] npm sage_dir seed=11 cfg=c1_h128_d0.2 val=0.1961 test=0.1775 h10=0.3094 epoch=4 (79.5s)
[tune] npm sage_dir seed=11 cfg=c3_h64_d0.5 val=0.1717 test=0.1617 h10=0.2762 epoch=4 (71.2s)
[tune] npm sage_dir seed=11 cfg=c4_h128_d0.5 val=0.1974 test=0.2150 h10=0.3315 epoch=10 (90.4s)
[tune] npm gatv2_dir seed=11 cfg=c1_h128_d0.2 val=0.1684 test=0.1580 h10=0.2707 epoch=6 (173.5s)
[tune] maven gat_dir seed=11 cfg=c1_h128_d0.2 val=0.3051 test=0.0956 h10=0.1379 epoch=2 (28.3s)
[tune] npm gatv2_dir seed=11 cfg=c2_h64_d0.2 val=0.1715 test=0.1643 h10=0.2818 epoch=80 (197.2s)
[tune] npm gatv2_dir seed=11 cfg=c3_h64_d0.5 val=0.1788 test=0.1715 h10=0.2707 epoch=80 (196.8s)
[tune] maven gat_dir seed=11 cfg=c3_h64_d0.5 val=0.2996 test=0.1158 h10=0.2414 epoch=22 (36.1s)
[tune] maven gat_dir seed=11 cfg=c4_h128_d0.5 val=0.3123 test=0.1153 h10=0.2414 epoch=1 (24.7s)
[tune] maven gat_dir seed=11 cfg=c2_h64_d0.2 val=0.2975 test=0.1303 h10=0.2759 epoch=62 (55.0s)
[tune] maven ragat_sym seed=11 cfg=c2_h64_d0.2 val=0.3105 test=0.0968 h10=0.1379 epoch=4 (23.9s)
[tune] maven ragat_sym seed=11 cfg=c1_h128_d0.2 val=0.3104 test=0.1092 h10=0.1379 epoch=6 (31.9s)
[tune] maven ragat_sym seed=11 cfg=c3_h64_d0.5 val=0.3127 test=0.0959 h10=0.1379 epoch=2 (22.8s)
[tune] maven ragat_sym seed=11 cfg=c4_h128_d0.5 val=0.2938 test=0.1015 h10=0.2414 epoch=1 (26.2s)
[tune] maven gat_time seed=11 cfg=c1_h128_d0.2 val=0.3011 test=0.1155 h10=0.2414 epoch=8 (33.1s)
[tune] maven gat_time seed=11 cfg=c3_h64_d0.5 val=0.3015 test=0.1162 h10=0.2414 epoch=10 (28.1s)
[tune] maven gat_time seed=11 cfg=c2_h64_d0.2 val=0.3153 test=0.0975 h10=0.1724 epoch=76 (55.3s)
[tune] maven gat_time seed=11 cfg=c4_h128_d0.5 val=0.2906 test=0.1163 h10=0.2414 epoch=2 (28.2s)
[tune] maven ragat_time seed=11 cfg=c2_h64_d0.2 val=0.3015 test=0.0976 h10=0.1379 epoch=8 (26.8s)
[tune] maven ragat_time seed=11 cfg=c1_h128_d0.2 val=0.3066 test=0.1164 h10=0.2414 epoch=16 (39.9s)
[tune] maven ragat_time seed=11 cfg=c3_h64_d0.5 val=0.3010 test=0.0877 h10=0.1379 epoch=20 (35.0s)
[tune] maven ragat_time seed=11 cfg=c4_h128_d0.5 val=0.3028 test=0.1165 h10=0.2414 epoch=2 (27.7s)
[tune] npm gatv2_dir seed=11 cfg=c4_h128_d0.5 val=0.1724 test=0.1641 h10=0.2652 epoch=56 (364.6s)
[tune] maven gcn_dir seed=11 cfg=c1_h128_d0.2 val=0.3002 test=0.1370 h10=0.2759 epoch=62 (52.2s)
[tune] maven gcn_dir seed=11 cfg=c2_h64_d0.2 val=0.2827 test=0.1044 h10=0.2414 epoch=48 (47.0s)
[tune] maven gcn_dir seed=11 cfg=c3_h64_d0.5 val=0.2759 test=0.0999 h10=0.2414 epoch=20 (30.2s)
[tune] maven gcn_dir seed=11 cfg=c4_h128_d0.5 val=0.3057 test=0.1121 h10=0.1724 epoch=10 (26.4s)
[tune] maven sage_dir seed=11 cfg=c1_h128_d0.2 val=0.3074 test=0.1383 h10=0.3448 epoch=1 (19.5s)
[tune] maven sage_dir seed=11 cfg=c2_h64_d0.2 val=0.2905 test=0.1122 h10=0.2759 epoch=1 (18.0s)
[tune] maven sage_dir seed=11 cfg=c3_h64_d0.5 val=0.2956 test=0.1201 h10=0.2759 epoch=14 (26.3s)
[tune] maven sage_dir seed=11 cfg=c4_h128_d0.5 val=0.3019 test=0.1830 h10=0.2414 epoch=4 (23.0s)
[tune] maven gatv2_dir seed=11 cfg=c2_h64_d0.2 val=0.2896 test=0.0953 h10=0.1379 epoch=1 (23.6s)
[tune] maven gatv2_dir seed=11 cfg=c3_h64_d0.5 val=0.3001 test=0.1021 h10=0.2414 epoch=16 (34.8s)
[tune] maven gatv2_dir seed=11 cfg=c1_h128_d0.2 val=0.3007 test=0.1022 h10=0.2414 epoch=28 (47.8s)
[tune] maven gatv2_dir seed=11 cfg=c4_h128_d0.5 val=0.2892 test=0.1093 h10=0.1379 epoch=1 (27.6s)
[select] npm: mode=per_model chosen=c4_h128_d0.5 (mean cell val MRR over grid 0.1824)
[select] maven: mode=per_model chosen=c2_h64_d0.2 (mean cell val MRR over grid 0.3062)
[final] 140 jobs, workers=4
[final] npm gat_dir seed=101 cfg=c4_h128_d0.5 val=0.1726 test=0.1661 h10=0.2762 epoch=100 (309.7s)
[final] npm gat_dir seed=103 cfg=c4_h128_d0.5 val=0.1932 test=0.1724 h10=0.2818 epoch=90 (315.3s)
[final] npm gat_dir seed=104 cfg=c4_h128_d0.5 val=0.1783 test=0.1590 h10=0.2762 epoch=100 (315.7s)
[final] npm gat_dir seed=102 cfg=c4_h128_d0.5 val=0.1765 test=0.1648 h10=0.2597 epoch=100 (319.2s)
[final] npm gat_dir seed=105 cfg=c4_h128_d0.5 val=0.1808 test=0.1666 h10=0.2652 epoch=96 (316.2s)
[final] npm gat_dir seed=107 cfg=c4_h128_d0.5 val=0.1815 test=0.1616 h10=0.2818 epoch=98 (316.7s)
[final] npm gat_dir seed=108 cfg=c4_h128_d0.5 val=0.1787 test=0.1592 h10=0.2597 epoch=96 (317.7s)
[final] npm gat_dir seed=106 cfg=c4_h128_d0.5 val=0.1729 test=0.1657 h10=0.2652 epoch=100 (328.0s)
[final] npm gat_dir seed=109 cfg=c4_h128_d0.5 val=0.1659 test=0.1644 h10=0.2486 epoch=22 (198.0s)
[final] npm ragat_sym seed=102 cfg=c4_h128_d0.5 val=0.1694 test=0.1632 h10=0.2652 epoch=34 (230.8s)
[final] npm gat_dir seed=110 cfg=c4_h128_d0.5 val=0.1660 test=0.1616 h10=0.2597 epoch=52 (287.0s)
[final] npm ragat_sym seed=101 cfg=c4_h128_d0.5 val=0.1733 test=0.1652 h10=0.2707 epoch=92 (314.6s)
[final] npm ragat_sym seed=105 cfg=c4_h128_d0.5 val=0.1691 test=0.1568 h10=0.2652 epoch=26 (206.3s)
[final] npm ragat_sym seed=103 cfg=c4_h128_d0.5 val=0.1851 test=0.1577 h10=0.2818 epoch=88 (312.1s)
[final] npm ragat_sym seed=104 cfg=c4_h128_d0.5 val=0.1699 test=0.1604 h10=0.2652 epoch=86 (311.6s)
[final] npm ragat_sym seed=106 cfg=c4_h128_d0.5 val=0.1772 test=0.1590 h10=0.2873 epoch=100 (310.7s)
[final] npm ragat_sym seed=107 cfg=c4_h128_d0.5 val=0.1832 test=0.1599 h10=0.2707 epoch=98 (314.1s)
[final] npm ragat_sym seed=108 cfg=c4_h128_d0.5 val=0.1750 test=0.1707 h10=0.2707 epoch=100 (313.9s)
[final] npm ragat_sym seed=109 cfg=c4_h128_d0.5 val=0.1727 test=0.1575 h10=0.2707 epoch=90 (320.6s)
[final] npm ragat_sym seed=110 cfg=c4_h128_d0.5 val=0.1759 test=0.1621 h10=0.2652 epoch=100 (315.6s)
[final] npm gat_time seed=103 cfg=c3_h64_d0.5 val=0.1642 test=0.1610 h10=0.2762 epoch=4 (104.5s)
[final] npm gat_time seed=102 cfg=c3_h64_d0.5 val=0.1715 test=0.1572 h10=0.2652 epoch=44 (194.0s)
[final] npm gat_time seed=101 cfg=c3_h64_d0.5 val=0.1880 test=0.1849 h10=0.3149 epoch=100 (228.3s)
[final] npm gat_time seed=104 cfg=c3_h64_d0.5 val=0.1747 test=0.1451 h10=0.2652 epoch=100 (243.8s)
[final] npm gat_time seed=105 cfg=c3_h64_d0.5 val=0.1858 test=0.1704 h10=0.2928 epoch=94 (240.3s)
[final] npm gat_time seed=106 cfg=c3_h64_d0.5 val=0.1964 test=0.1884 h10=0.3315 epoch=94 (243.5s)
[final] npm gat_time seed=107 cfg=c3_h64_d0.5 val=0.1942 test=0.2070 h10=0.3315 epoch=58 (234.0s)
[final] npm gat_time seed=110 cfg=c3_h64_d0.5 val=0.1649 test=0.1641 h10=0.2652 epoch=12 (121.0s)
[final] npm gat_time seed=108 cfg=c3_h64_d0.5 val=0.1808 test=0.1857 h10=0.2928 epoch=66 (240.4s)
[final] npm gat_time seed=109 cfg=c3_h64_d0.5 val=0.1838 test=0.1755 h10=0.2873 epoch=100 (235.1s)
[final] npm ragat_time seed=101 cfg=c4_h128_d0.5 val=0.1989 test=0.1777 h10=0.3315 epoch=100 (313.4s)
[final] npm ragat_time seed=102 cfg=c4_h128_d0.5 val=0.1793 test=0.1818 h10=0.2983 epoch=84 (313.1s)
[final] npm ragat_time seed=103 cfg=c4_h128_d0.5 val=0.1821 test=0.1718 h10=0.3094 epoch=84 (315.6s)
[final] npm ragat_time seed=104 cfg=c4_h128_d0.5 val=0.1821 test=0.1697 h10=0.2928 epoch=80 (311.0s)
[final] npm ragat_time seed=105 cfg=c4_h128_d0.5 val=0.1894 test=0.1820 h10=0.2928 epoch=84 (314.3s)
[final] npm ragat_time seed=106 cfg=c4_h128_d0.5 val=0.1931 test=0.1810 h10=0.2928 epoch=100 (315.9s)
[final] npm ragat_time seed=107 cfg=c4_h128_d0.5 val=0.1892 test=0.1774 h10=0.3204 epoch=100 (317.2s)
[final] npm ragat_time seed=108 cfg=c4_h128_d0.5 val=0.2031 test=0.1989 h10=0.3260 epoch=100 (320.9s)
[final] npm gcn_dir seed=101 cfg=c1_h128_d0.2 val=0.2282 test=0.2275 h10=0.3923 epoch=4 (95.5s)
[final] npm ragat_time seed=110 cfg=c4_h128_d0.5 val=0.1642 test=0.1613 h10=0.2597 epoch=8 (153.0s)
[final] npm ragat_time seed=109 cfg=c4_h128_d0.5 val=0.1877 test=0.1875 h10=0.2983 epoch=76 (318.1s)
[final] npm gcn_dir seed=102 cfg=c1_h128_d0.2 val=0.2254 test=0.2034 h10=0.3260 epoch=38 (166.7s)
[final] npm gcn_dir seed=103 cfg=c1_h128_d0.2 val=0.2293 test=0.2233 h10=0.3867 epoch=4 (95.9s)
[final] npm gcn_dir seed=104 cfg=c1_h128_d0.2 val=0.2649 test=0.2374 h10=0.3757 epoch=10 (110.4s)
[final] npm gcn_dir seed=108 cfg=c1_h128_d0.2 val=0.2353 test=0.2513 h10=0.3757 epoch=4 (94.2s)
[final] npm gcn_dir seed=107 cfg=c1_h128_d0.2 val=0.2382 test=0.2325 h10=0.4254 epoch=16 (120.6s)
[final] npm gcn_dir seed=106 cfg=c1_h128_d0.2 val=0.2208 test=0.2135 h10=0.3646 epoch=34 (162.9s)
[final] npm gcn_dir seed=105 cfg=c1_h128_d0.2 val=0.2121 test=0.2043 h10=0.2818 epoch=72 (213.4s)
[final] npm sage_dir seed=101 cfg=c4_h128_d0.5 val=0.1648 test=0.1636 h10=0.2818 epoch=1 (88.9s)
[final] npm sage_dir seed=102 cfg=c4_h128_d0.5 val=0.1753 test=0.1616 h10=0.2486 epoch=2 (90.1s)
[final] npm gcn_dir seed=109 cfg=c1_h128_d0.2 val=0.2217 test=0.2099 h10=0.3315 epoch=60 (218.2s)
[final] npm gcn_dir seed=110 cfg=c1_h128_d0.2 val=0.2388 test=0.2160 h10=0.3481 epoch=98 (207.6s)
[final] npm sage_dir seed=103 cfg=c4_h128_d0.5 val=0.1637 test=0.1552 h10=0.2762 epoch=1 (86.0s)
[final] npm sage_dir seed=104 cfg=c4_h128_d0.5 val=0.1826 test=0.1645 h10=0.2652 epoch=2 (91.0s)
[final] npm sage_dir seed=105 cfg=c4_h128_d0.5 val=0.1688 test=0.1633 h10=0.2818 epoch=1 (87.7s)
[final] npm sage_dir seed=106 cfg=c4_h128_d0.5 val=0.1670 test=0.1673 h10=0.2652 epoch=2 (93.5s)
[final] npm sage_dir seed=107 cfg=c4_h128_d0.5 val=0.1749 test=0.1625 h10=0.2707 epoch=1 (90.0s)
[final] npm sage_dir seed=108 cfg=c4_h128_d0.5 val=0.1892 test=0.2028 h10=0.3204 epoch=8 (103.5s)
[final] npm sage_dir seed=109 cfg=c4_h128_d0.5 val=0.1665 test=0.1553 h10=0.2541 epoch=1 (89.8s)
[final] npm sage_dir seed=110 cfg=c4_h128_d0.5 val=0.1739 test=0.1629 h10=0.2873 epoch=1 (88.1s)
[final] npm gatv2_dir seed=102 cfg=c3_h64_d0.5 val=0.1656 test=0.1600 h10=0.2486 epoch=14 (142.1s)
[final] npm gatv2_dir seed=101 cfg=c3_h64_d0.5 val=0.1630 test=0.1620 h10=0.2707 epoch=100 (247.2s)
[final] npm gatv2_dir seed=104 cfg=c3_h64_d0.5 val=0.1663 test=0.1626 h10=0.2541 epoch=34 (187.4s)
[final] npm gatv2_dir seed=103 cfg=c3_h64_d0.5 val=0.1811 test=0.1638 h10=0.2873 epoch=92 (253.2s)
[final] npm gatv2_dir seed=105 cfg=c3_h64_d0.5 val=0.1725 test=0.1602 h10=0.2597 epoch=96 (253.4s)
[final] npm gatv2_dir seed=108 cfg=c3_h64_d0.5 val=0.1652 test=0.1564 h10=0.2541 epoch=12 (135.5s)
[final] npm gatv2_dir seed=106 cfg=c3_h64_d0.5 val=0.1649 test=0.1580 h10=0.2597 epoch=72 (256.3s)
[final] npm gatv2_dir seed=107 cfg=c3_h64_d0.5 val=0.1679 test=0.1592 h10=0.2652 epoch=100 (252.2s)
[final] maven gat_dir seed=121 cfg=c4_h128_d0.5 val=0.3073 test=0.1118 h10=0.2414 epoch=1 (33.7s)
[final] maven gat_dir seed=122 cfg=c4_h128_d0.5 val=0.3040 test=0.1136 h10=0.2759 epoch=18 (49.9s)
[final] maven gat_dir seed=123 cfg=c4_h128_d0.5 val=0.3287 test=0.0890 h10=0.1724 epoch=52 (75.4s)
[final] maven gat_dir seed=124 cfg=c4_h128_d0.5 val=0.3128 test=0.0905 h10=0.1724 epoch=60 (87.2s)
[final] npm gatv2_dir seed=109 cfg=c3_h64_d0.5 val=0.1642 test=0.1605 h10=0.2597 epoch=94 (251.9s)
[final] maven gat_dir seed=125 cfg=c4_h128_d0.5 val=0.3248 test=0.1026 h10=0.2069 epoch=60 (82.4s)
[final] maven gat_dir seed=126 cfg=c4_h128_d0.5 val=0.3129 test=0.1124 h10=0.2759 epoch=16 (49.0s)
[final] maven gat_dir seed=127 cfg=c4_h128_d0.5 val=0.3013 test=0.1124 h10=0.1379 epoch=1 (33.1s)
[final] npm gatv2_dir seed=110 cfg=c3_h64_d0.5 val=0.1653 test=0.1600 h10=0.2652 epoch=80 (248.9s)
[final] maven ragat_sym seed=121 cfg=c3_h64_d0.5 val=0.3048 test=0.1139 h10=0.1724 epoch=4 (30.1s)
[final] maven gat_dir seed=130 cfg=c4_h128_d0.5 val=0.3096 test=0.1058 h10=0.1379 epoch=1 (33.1s)
[final] maven gat_dir seed=129 cfg=c4_h128_d0.5 val=0.3113 test=0.0893 h10=0.1379 epoch=10 (44.0s)
[final] maven gat_dir seed=128 cfg=c4_h128_d0.5 val=0.3013 test=0.0895 h10=0.1379 epoch=46 (69.6s)
[final] maven ragat_sym seed=122 cfg=c3_h64_d0.5 val=0.3040 test=0.1124 h10=0.1724 epoch=2 (29.3s)
[final] maven ragat_sym seed=124 cfg=c3_h64_d0.5 val=0.3125 test=0.1092 h10=0.2414 epoch=2 (29.1s)
[final] maven ragat_sym seed=125 cfg=c3_h64_d0.5 val=0.3147 test=0.0983 h10=0.1724 epoch=1 (27.4s)
[final] maven ragat_sym seed=123 cfg=c3_h64_d0.5 val=0.3095 test=0.0741 h10=0.1379 epoch=50 (57.4s)
[final] maven ragat_sym seed=126 cfg=c3_h64_d0.5 val=0.3084 test=0.0925 h10=0.1724 epoch=4 (30.1s)
[final] maven ragat_sym seed=127 cfg=c3_h64_d0.5 val=0.2957 test=0.0907 h10=0.1379 epoch=6 (31.9s)
[final] maven ragat_sym seed=128 cfg=c3_h64_d0.5 val=0.2892 test=0.1084 h10=0.1379 epoch=2 (28.9s)
[final] maven ragat_sym seed=130 cfg=c3_h64_d0.5 val=0.3105 test=0.1178 h10=0.2759 epoch=1 (27.5s)
[final] maven ragat_sym seed=129 cfg=c3_h64_d0.5 val=0.2914 test=0.1045 h10=0.1379 epoch=6 (29.6s)
[final] maven gat_time seed=121 cfg=c2_h64_d0.2 val=0.2991 test=0.1130 h10=0.1724 epoch=4 (30.5s)
[final] maven gat_time seed=122 cfg=c2_h64_d0.2 val=0.3139 test=0.0983 h10=0.1724 epoch=2 (28.8s)
[final] maven gat_time seed=124 cfg=c2_h64_d0.2 val=0.3086 test=0.1033 h10=0.1379 epoch=20 (38.5s)
[final] maven gat_time seed=123 cfg=c2_h64_d0.2 val=0.3137 test=0.1106 h10=0.2759 epoch=20 (41.2s)
[final] maven gat_time seed=125 cfg=c2_h64_d0.2 val=0.3247 test=0.1057 h10=0.2759 epoch=4 (30.6s)
[final] maven gat_time seed=126 cfg=c2_h64_d0.2 val=0.3180 test=0.1123 h10=0.1724 epoch=1 (27.6s)
[final] maven gat_time seed=127 cfg=c2_h64_d0.2 val=0.2950 test=0.0944 h10=0.1379 epoch=1 (26.0s)
[final] maven gat_time seed=128 cfg=c2_h64_d0.2 val=0.2992 test=0.0891 h10=0.1379 epoch=6 (31.9s)
[final] maven gat_time seed=129 cfg=c2_h64_d0.2 val=0.3021 test=0.1080 h10=0.2414 epoch=4 (30.7s)
[final] maven ragat_time seed=123 cfg=c1_h128_d0.2 val=0.3054 test=0.0923 h10=0.1724 epoch=4 (38.9s)
[final] maven ragat_time seed=122 cfg=c1_h128_d0.2 val=0.3119 test=0.0994 h10=0.2759 epoch=6 (39.7s)
[final] maven gat_time seed=130 cfg=c2_h64_d0.2 val=0.3222 test=0.0932 h10=0.2069 epoch=92 (69.3s)
[final] maven ragat_time seed=121 cfg=c1_h128_d0.2 val=0.3194 test=0.0843 h10=0.1379 epoch=100 (82.7s)
[final] maven ragat_time seed=125 cfg=c1_h128_d0.2 val=0.3079 test=0.0988 h10=0.1724 epoch=2 (36.8s)
[final] maven ragat_time seed=126 cfg=c1_h128_d0.2 val=0.3066 test=0.1029 h10=0.1724 epoch=42 (68.0s)
[final] maven ragat_time seed=128 cfg=c1_h128_d0.2 val=0.3119 test=0.0994 h10=0.2414 epoch=1 (35.5s)
[final] maven ragat_time seed=127 cfg=c1_h128_d0.2 val=0.2991 test=0.1081 h10=0.2069 epoch=8 (40.8s)
[final] maven ragat_time seed=124 cfg=c1_h128_d0.2 val=0.3097 test=0.0826 h10=0.1724 epoch=92 (87.0s)
[final] maven ragat_time seed=129 cfg=c1_h128_d0.2 val=0.2978 test=0.0907 h10=0.1379 epoch=14 (44.7s)
[final] maven gcn_dir seed=121 cfg=c4_h128_d0.5 val=0.3177 test=0.1287 h10=0.2069 epoch=28 (41.3s)
[final] maven ragat_time seed=130 cfg=c1_h128_d0.2 val=0.2952 test=0.0908 h10=0.1724 epoch=32 (61.1s)
[final] maven gcn_dir seed=122 cfg=c4_h128_d0.5 val=0.3282 test=0.2314 h10=0.3103 epoch=76 (64.4s)
[final] maven gcn_dir seed=124 cfg=c4_h128_d0.5 val=0.2925 test=0.1819 h10=0.3448 epoch=36 (45.3s)
[final] maven gcn_dir seed=125 cfg=c4_h128_d0.5 val=0.3026 test=0.1194 h10=0.3448 epoch=12 (33.3s)
[final] maven gcn_dir seed=123 cfg=c4_h128_d0.5 val=0.3094 test=0.1863 h10=0.3448 epoch=52 (58.7s)
[final] maven gcn_dir seed=126 cfg=c4_h128_d0.5 val=0.3271 test=0.1364 h10=0.2759 epoch=20 (38.5s)
[final] maven gcn_dir seed=127 cfg=c4_h128_d0.5 val=0.2985 test=0.1430 h10=0.2759 epoch=84 (58.8s)
[final] maven gcn_dir seed=130 cfg=c4_h128_d0.5 val=0.3214 test=0.2402 h10=0.3103 epoch=22 (39.5s)
[final] maven gcn_dir seed=128 cfg=c4_h128_d0.5 val=0.2989 test=0.2213 h10=0.3103 epoch=76 (63.9s)
[final] maven gcn_dir seed=129 cfg=c4_h128_d0.5 val=0.3096 test=0.2438 h10=0.3448 epoch=56 (61.3s)
[final] maven sage_dir seed=122 cfg=c1_h128_d0.2 val=0.2979 test=0.1057 h10=0.1724 epoch=4 (27.8s)
[final] maven sage_dir seed=121 cfg=c1_h128_d0.2 val=0.3041 test=0.1005 h10=0.2759 epoch=24 (37.5s)
[final] maven sage_dir seed=124 cfg=c1_h128_d0.2 val=0.2862 test=0.1359 h10=0.3448 epoch=1 (25.9s)
[final] maven sage_dir seed=123 cfg=c1_h128_d0.2 val=0.3097 test=0.1193 h10=0.3793 epoch=28 (43.1s)
[final] maven sage_dir seed=125 cfg=c1_h128_d0.2 val=0.3127 test=0.1647 h10=0.4138 epoch=1 (25.5s)
[final] maven sage_dir seed=126 cfg=c1_h128_d0.2 val=0.2952 test=0.1197 h10=0.2759 epoch=1 (24.1s)
[final] maven sage_dir seed=127 cfg=c1_h128_d0.2 val=0.2997 test=0.1872 h10=0.4138 epoch=10 (32.6s)
[final] maven sage_dir seed=128 cfg=c1_h128_d0.2 val=0.2870 test=0.1353 h10=0.3793 epoch=12 (33.0s)
[final] maven sage_dir seed=130 cfg=c1_h128_d0.2 val=0.2975 test=0.1108 h10=0.2414 epoch=1 (24.6s)
[final] maven sage_dir seed=129 cfg=c1_h128_d0.2 val=0.3024 test=0.1583 h10=0.4138 epoch=16 (36.3s)
[final] maven gatv2_dir seed=121 cfg=c1_h128_d0.2 val=0.2922 test=0.1036 h10=0.2414 epoch=4 (44.7s)
[final] maven gatv2_dir seed=123 cfg=c1_h128_d0.2 val=0.3057 test=0.1047 h10=0.1724 epoch=10 (52.2s)
[final] maven gatv2_dir seed=125 cfg=c1_h128_d0.2 val=0.3004 test=0.1039 h10=0.2759 epoch=12 (54.7s)
[final] maven gatv2_dir seed=122 cfg=c1_h128_d0.2 val=0.3073 test=0.0957 h10=0.1724 epoch=94 (101.9s)
[final] maven gatv2_dir seed=126 cfg=c1_h128_d0.2 val=0.3048 test=0.1068 h10=0.1724 epoch=14 (57.5s)
[final] maven gatv2_dir seed=124 cfg=c1_h128_d0.2 val=0.3073 test=0.1003 h10=0.2069 epoch=100 (104.0s)
[final] maven gatv2_dir seed=130 cfg=c1_h128_d0.2 val=0.3070 test=0.1201 h10=0.2759 epoch=16 (59.6s)
[final] maven gatv2_dir seed=127 cfg=c1_h128_d0.2 val=0.3061 test=0.0885 h10=0.1379 epoch=54 (98.0s)
[final] maven gatv2_dir seed=128 cfg=c1_h128_d0.2 val=0.3080 test=0.1091 h10=0.2414 epoch=44 (82.9s)
[final] maven gatv2_dir seed=129 cfg=c1_h128_d0.2 val=0.2980 test=0.0945 h10=0.1724 epoch=68 (88.8s)
