=== 1. E4 zero-init maven (catch-up seed121 + rest) ===
[e4] 8 jobs, workers=2
[e4] maven_gat_dir_seed124_zero test=0.0871 floor=0.0866 init=0.2755 (95.5s)
[e4] maven_gat_dir_seed121_zero test=0.1181 floor=0.0932 init=0.2671 (113.6s)
[e4] maven_ragat_sym_seed121_zero test=0.1134 floor=0.0932 init=0.2671 (41.3s)
[e4] maven_gat_dir_seed125_zero test=0.0946 floor=0.0900 init=0.2662 (107.6s)
[e4] maven_ragat_sym_seed122_zero test=0.1013 floor=0.0929 init=0.2784 (84.3s)
[e4] maven_ragat_sym_seed123_zero test=0.0961 floor=0.0989 init=0.2851 (71.7s)
[e4] maven_ragat_sym_seed124_zero test=0.1019 floor=0.0866 init=0.2755 (45.3s)
[e4] maven_ragat_sym_seed125_zero test=0.1033 floor=0.0900 init=0.2662 (29.6s)
=== 2. E4 zero-init npm ===
[e4] 10 jobs, workers=2
[e4] npm_gat_dir_seed102_zero test=0.1706 floor=0.1522 init=0.1611 (293.2s)
[e4] npm_gat_dir_seed101_zero test=0.1599 floor=0.1559 init=0.1619 (293.0s)
[e4] npm_gat_dir_seed103_zero test=0.1653 floor=0.1588 init=0.1677 (193.9s)
[e4] npm_gat_dir_seed104_zero test=0.1675 floor=0.1576 init=0.1638 (194.8s)
[e4] npm_ragat_sym_seed101_zero test=0.1597 floor=0.1559 init=0.1619 (192.3s)
[e4] npm_gat_dir_seed105_zero test=0.1645 floor=0.1600 init=0.1631 (194.1s)
[e4] npm_ragat_sym_seed102_zero test=0.1592 floor=0.1522 init=0.1611 (154.6s)
[e4] npm_ragat_sym_seed103_zero test=0.1668 floor=0.1588 init=0.1677 (192.5s)
[e4] npm_ragat_sym_seed104_zero test=0.1585 floor=0.1576 init=0.1638 (190.7s)
[e4] npm_ragat_sym_seed105_zero test=0.1659 floor=0.1600 init=0.1631 (191.3s)
=== 3. E4 non-zero-init maven ===
[e4] 10 jobs, workers=2
[e4] maven_gat_dir_seed121_rand test=0.1181 floor=0.0932 init=0.2671 (51.3s)
[e4] maven_gat_dir_seed122_rand test=0.0983 floor=0.0929 init=0.2784 (54.6s)
[e4] maven_gat_dir_seed124_rand test=0.0871 floor=0.0866 init=0.2755 (44.9s)
[e4] maven_gat_dir_seed123_rand test=0.1139 floor=0.0989 init=0.2851 (50.0s)
[e4] maven_ragat_sym_seed121_rand test=0.1038 floor=0.0932 init=0.2671 (20.8s)
[e4] maven_gat_dir_seed125_rand test=0.0946 floor=0.0900 init=0.2662 (55.0s)
[e4] maven_ragat_sym_seed122_rand test=0.1142 floor=0.0929 init=0.2784 (43.9s)
[e4] maven_ragat_sym_seed123_rand test=0.1195 floor=0.0989 init=0.2851 (17.9s)
[e4] maven_ragat_sym_seed124_rand test=0.1018 floor=0.0866 init=0.2755 (24.9s)
[e4] maven_ragat_sym_seed125_rand test=0.0952 floor=0.0900 init=0.2662 (27.0s)
=== 4. E3b text-only ablation (no graph) ===
[e4] 20 jobs, workers=2
[e4] npm_gat_dir_seed101_zero_textonly test=0.1530 floor=0.1559 init=0.1619 (66.9s)
[e4] npm_gat_dir_seed102_zero_textonly test=0.1561 floor=0.1522 init=0.1611 (69.8s)
[e4] npm_gat_dir_seed103_zero_textonly test=0.1614 floor=0.1588 init=0.1677 (96.0s)
[e4] npm_gat_dir_seed104_zero_textonly test=0.1521 floor=0.1576 init=0.1638 (125.3s)
[e4] npm_ragat_sym_seed101_zero_textonly test=0.1544 floor=0.1559 init=0.1619 (63.1s)
[e4] npm_gat_dir_seed105_zero_textonly test=0.1586 floor=0.1600 init=0.1631 (97.1s)
[e4] npm_ragat_sym_seed102_zero_textonly test=0.1533 floor=0.1522 init=0.1611 (67.1s)
[e4] npm_ragat_sym_seed103_zero_textonly test=0.1584 floor=0.1588 init=0.1677 (73.2s)
[e4] npm_ragat_sym_seed104_zero_textonly test=0.1563 floor=0.1576 init=0.1638 (102.6s)
[e4] npm_ragat_sym_seed105_zero_textonly test=0.1591 floor=0.1600 init=0.1631 (107.6s)
[e4] maven_gat_dir_seed101_zero_textonly test=0.1004 floor=0.0926 init=0.2764 (72.9s)
[e4] maven_gat_dir_seed102_zero_textonly test=0.1013 floor=0.0997 init=0.2858 (70.6s)
[e4] maven_gat_dir_seed103_zero_textonly test=0.0858 floor=0.0898 init=0.2754 (58.2s)
[e4] maven_gat_dir_seed104_zero_textonly test=0.0695 floor=0.0887 init=0.2861 (74.3s)
[e4] maven_gat_dir_seed105_zero_textonly test=0.0907 floor=0.0900 init=0.2840 (37.7s)
[e4] maven_ragat_sym_seed101_zero_textonly test=0.0913 floor=0.0926 init=0.2764 (51.8s)
[e4] maven_ragat_sym_seed102_zero_textonly test=0.0899 floor=0.0997 init=0.2858 (61.9s)
[e4] maven_ragat_sym_seed103_zero_textonly test=0.0963 floor=0.0898 init=0.2754 (60.9s)
[e4] maven_ragat_sym_seed104_zero_textonly test=0.0959 floor=0.0887 init=0.2861 (61.0s)
[e4] maven_ragat_sym_seed105_zero_textonly test=0.0871 floor=0.0900 init=0.2840 (46.2s)
[e4] 10 jobs, workers=2
[e4] maven_gat_dir_seed122_zero_textonly test=0.0944 floor=0.0929 init=0.2784 (34.6s)
[e4] maven_gat_dir_seed121_zero_textonly test=0.1009 floor=0.0932 init=0.2671 (61.3s)
[e4] maven_gat_dir_seed123_zero_textonly test=0.0862 floor=0.0989 init=0.2851 (77.1s)
[e4] maven_gat_dir_seed124_zero_textonly test=0.0972 floor=0.0866 init=0.2755 (76.5s)
[e4] maven_ragat_sym_seed121_zero_textonly test=0.0929 floor=0.0932 init=0.2671 (30.7s)
[e4] maven_gat_dir_seed125_zero_textonly test=0.1022 floor=0.0900 init=0.2662 (74.1s)
[e4] maven_ragat_sym_seed122_zero_textonly test=0.0888 floor=0.0929 init=0.2784 (54.6s)
[e4] maven_ragat_sym_seed123_zero_textonly test=0.0893 floor=0.0989 init=0.2851 (64.3s)
[e4] maven_ragat_sym_seed124_zero_textonly test=0.0970 floor=0.0866 init=0.2755 (57.6s)
[e4] maven_ragat_sym_seed125_zero_textonly test=0.0912 floor=0.0900 init=0.2662 (64.2s)
=== 5. E3a stronger text floor ===
[e3] npm seed=101 baseline  test=0.1559 (frozen 0.1559) val=0.1619 187.1s
[e3] npm seed=101 char35    test=0.1514 (frozen 0.1559) val=nan 136.7s
[e3] npm seed=101 union     test=0.1522 (frozen 0.1559) val=nan 142.8s
[e3] npm seed=101 big_word  test=0.1557 (frozen 0.1559) val=nan 20.6s
[e3] npm seed=102 baseline  test=0.1522 (frozen 0.1522) val=nan 13.2s
[e3] npm seed=102 char35    test=0.1511 (frozen 0.1522) val=nan 123.7s
[e3] npm seed=102 union     test=0.1463 (frozen 0.1522) val=nan 135.3s
[e3] npm seed=102 big_word  test=0.1514 (frozen 0.1522) val=nan 19.4s
[e3] npm seed=103 baseline  test=0.1588 (frozen 0.1588) val=nan 12.8s
[e3] npm seed=103 char35    test=0.1501 (frozen 0.1588) val=nan 123.1s
[e3] npm seed=103 union     test=0.1466 (frozen 0.1588) val=nan 101.5s
[e3] npm seed=103 big_word  test=0.1554 (frozen 0.1588) val=nan 16.7s
[e3] npm seed=104 baseline  test=0.1576 (frozen 0.1576) val=nan 12.8s
[e3] npm seed=104 char35    test=0.1507 (frozen 0.1576) val=nan 128.4s
[e3] npm seed=104 union     test=0.1469 (frozen 0.1576) val=nan 128.5s
[e3] npm seed=104 big_word  test=0.1538 (frozen 0.1576) val=nan 20.4s
[e3] npm seed=105 baseline  test=0.1600 (frozen 0.1600) val=nan 11.6s
[e3] npm seed=105 char35    test=0.1509 (frozen 0.1600) val=nan 128.2s
[e3] npm seed=105 union     test=0.1434 (frozen 0.1600) val=nan 127.6s
[e3] npm seed=105 big_word  test=0.1509 (frozen 0.1600) val=nan 19.8s
[e3] maven seed=121 baseline  test=0.0932 (frozen 0.0932) val=nan 1.5s
[e3] maven seed=121 char35    test=0.1490 (frozen 0.0932) val=nan 10.8s
[e3] maven seed=121 union     test=0.0674 (frozen 0.0932) val=nan 12.7s
[e3] maven seed=121 big_word  test=0.0860 (frozen 0.0932) val=nan 1.4s
[e3] maven seed=122 baseline  test=0.0929 (frozen 0.0929) val=nan 1.1s
[e3] maven seed=122 char35    test=0.1496 (frozen 0.0929) val=nan 11.8s
[e3] maven seed=122 union     test=0.0698 (frozen 0.0929) val=nan 12.5s
[e3] maven seed=122 big_word  test=0.0876 (frozen 0.0929) val=nan 1.2s
[e3] maven seed=123 baseline  test=0.0989 (frozen 0.0989) val=nan 1.8s
[e3] maven seed=123 char35    test=0.1485 (frozen 0.0989) val=nan 10.7s
[e3] maven seed=123 union     test=0.0692 (frozen 0.0989) val=nan 13.6s
[e3] maven seed=123 big_word  test=0.0909 (frozen 0.0989) val=nan 1.3s
[e3] maven seed=124 baseline  test=0.0866 (frozen 0.0866) val=nan 1.3s
[e3] maven seed=124 char35    test=0.1493 (frozen 0.0866) val=nan 11.3s
[e3] maven seed=124 union     test=0.0670 (frozen 0.0866) val=nan 12.5s
[e3] maven seed=124 big_word  test=0.0836 (frozen 0.0866) val=nan 1.6s
[e3] maven seed=125 baseline  test=0.0900 (frozen 0.0900) val=nan 1.1s
[e3] maven seed=125 char35    test=0.1497 (frozen 0.0900) val=nan 12.8s
[e3] maven seed=125 union     test=0.0677 (frozen 0.0900) val=nan 12.7s
[e3] maven seed=125 big_word  test=0.0906 (frozen 0.0900) val=nan 1.6s
=== 6. E4 non-zero-init npm ===
[e4] 10 jobs, workers=2
[e4] npm_gat_dir_seed102_rand test=0.1706 floor=0.1522 init=0.1611 (448.8s)
[e4] npm_gat_dir_seed101_rand test=0.1599 floor=0.1559 init=0.1619 (477.4s)
[e4] npm_gat_dir_seed103_rand test=0.1653 floor=0.1588 init=0.1677 (307.0s)
[e4] npm_gat_dir_seed104_rand test=0.1675 floor=0.1576 init=0.1638 (308.5s)
[e4] npm_gat_dir_seed105_rand test=0.1645 floor=0.1600 init=0.1631 (311.3s)
[e4] npm_ragat_sym_seed101_rand test=0.1599 floor=0.1559 init=0.1619 (312.6s)
[e4] npm_ragat_sym_seed102_rand test=0.1550 floor=0.1522 init=0.1611 (250.0s)
[e4] npm_ragat_sym_seed103_rand test=0.1623 floor=0.1588 init=0.1677 (248.2s)
[e4] npm_ragat_sym_seed104_rand test=0.1685 floor=0.1576 init=0.1638 (194.1s)
[e4] npm_ragat_sym_seed105_rand test=0.1618 floor=0.1600 init=0.1631 (190.3s)
=== QUEUE DONE ===
