[tune] 56 jobs on tuning seed 11 (workers=4)
[tune] npm gat_dir seed=11 cfg=c3_h64_d0.5 val=0.1648 test=0.1660 h10=0.2818 epoch=2 (77.9s)
[tune] npm gat_dir seed=11 cfg=c2_h64_d0.2 val=0.1730 test=0.1680 h10=0.2818 epoch=68 (189.4s)
[tune] npm gat_dir seed=11 cfg=c4_h128_d0.5 val=0.1788 test=0.1760 h10=0.2818 epoch=80 (261.0s)
[tune] npm gat_dir seed=11 cfg=c1_h128_d0.2 val=0.1812 test=0.1687 h10=0.2873 epoch=80 (261.5s)
[tune] npm ragat_sym seed=11 cfg=c1_h128_d0.2 val=0.1942 test=0.1674 h10=0.2762 epoch=80 (263.0s)
[tune] npm ragat_sym seed=11 cfg=c2_h64_d0.2 val=0.1884 test=0.1672 h10=0.2873 epoch=78 (197.1s)
[tune] npm ragat_sym seed=11 cfg=c3_h64_d0.5 val=0.1939 test=0.1786 h10=0.2818 epoch=76 (213.1s)
[tune] npm ragat_sym seed=11 cfg=c4_h128_d0.5 val=0.1894 test=0.1660 h10=0.2818 epoch=54 (281.9s)
[tune] npm gat_time seed=11 cfg=c2_h64_d0.2 val=0.1828 test=0.1829 h10=0.3039 epoch=64 (202.7s)
[tune] npm gat_time seed=11 cfg=c1_h128_d0.2 val=0.1836 test=0.1794 h10=0.2983 epoch=80 (275.2s)
[tune] npm gat_time seed=11 cfg=c3_h64_d0.5 val=0.1844 test=0.1747 h10=0.2707 epoch=72 (184.3s)
[tune] npm ragat_time seed=11 cfg=c1_h128_d0.2 val=0.1665 test=0.1657 h10=0.2818 epoch=6 (118.3s)
[tune] npm gat_time seed=11 cfg=c4_h128_d0.5 val=0.1835 test=0.1696 h10=0.3039 epoch=80 (255.9s)
[tune] npm ragat_time seed=11 cfg=c2_h64_d0.2 val=0.2108 test=0.2104 h10=0.3315 epoch=58 (190.8s)
[tune] npm ragat_time seed=11 cfg=c3_h64_d0.5 val=0.1839 test=0.1547 h10=0.2597 epoch=52 (186.0s)
[tune] npm gcn_dir seed=11 cfg=c2_h64_d0.2 val=0.2091 test=0.1887 h10=0.2928 epoch=12 (87.9s)
[tune] npm gcn_dir seed=11 cfg=c3_h64_d0.5 val=0.1944 test=0.1677 h10=0.2652 epoch=18 (97.8s)
[tune] npm ragat_time seed=11 cfg=c4_h128_d0.5 val=0.1926 test=0.1751 h10=0.2873 epoch=70 (253.1s)
[tune] npm gcn_dir seed=11 cfg=c1_h128_d0.2 val=0.2397 test=0.2126 h10=0.3370 epoch=80 (174.2s)
[tune] npm gcn_dir seed=11 cfg=c4_h128_d0.5 val=0.2375 test=0.2080 h10=0.3646 epoch=22 (116.1s)
[tune] npm sage_dir seed=11 cfg=c2_h64_d0.2 val=0.1679 test=0.1601 h10=0.2818 epoch=1 (64.7s)
[tune] npm sage_dir seed=11 cfg=c1_h128_d0.2 val=0.1994 test=0.2184 h10=0.3481 epoch=10 (89.5s)
[tune] npm sage_dir seed=11 cfg=c3_h64_d0.5 val=0.1714 test=0.1609 h10=0.2873 epoch=1 (65.6s)
[tune] npm sage_dir seed=11 cfg=c4_h128_d0.5 val=0.1899 test=0.1884 h10=0.3149 epoch=6 (88.0s)
[tune] npm gatv2_dir seed=11 cfg=c2_h64_d0.2 val=0.1662 test=0.1662 h10=0.2818 epoch=8 (102.5s)
[tune] maven gat_dir seed=11 cfg=c1_h128_d0.2 val=0.3051 test=0.0956 h10=0.1379 epoch=2 (26.5s)
[tune] npm gatv2_dir seed=11 cfg=c1_h128_d0.2 val=0.1700 test=0.1665 h10=0.2818 epoch=6 (158.9s)
[tune] maven gat_dir seed=11 cfg=c2_h64_d0.2 val=0.2991 test=0.1160 h10=0.2414 epoch=34 (43.2s)
[tune] maven gat_dir seed=11 cfg=c3_h64_d0.5 val=0.2996 test=0.1158 h10=0.2414 epoch=22 (36.3s)
[tune] maven gat_dir seed=11 cfg=c4_h128_d0.5 val=0.3123 test=0.1153 h10=0.2414 epoch=1 (25.7s)
[tune] npm gatv2_dir seed=11 cfg=c3_h64_d0.5 val=0.1767 test=0.1705 h10=0.2983 epoch=80 (203.8s)
[tune] maven ragat_sym seed=11 cfg=c1_h128_d0.2 val=0.3104 test=0.1092 h10=0.1379 epoch=6 (31.7s)
[tune] maven ragat_sym seed=11 cfg=c2_h64_d0.2 val=0.3105 test=0.0968 h10=0.1379 epoch=4 (23.4s)
[tune] maven ragat_sym seed=11 cfg=c3_h64_d0.5 val=0.3108 test=0.0959 h10=0.1379 epoch=2 (20.8s)
[tune] maven ragat_sym seed=11 cfg=c4_h128_d0.5 val=0.2951 test=0.0971 h10=0.1379 epoch=2 (28.0s)
[tune] maven gat_time seed=11 cfg=c1_h128_d0.2 val=0.3011 test=0.1155 h10=0.2414 epoch=8 (33.0s)
[tune] maven gat_time seed=11 cfg=c3_h64_d0.5 val=0.3015 test=0.1162 h10=0.2414 epoch=10 (28.2s)
[tune] maven gat_time seed=11 cfg=c4_h128_d0.5 val=0.2906 test=0.1163 h10=0.2414 epoch=2 (27.7s)
[tune] maven gat_time seed=11 cfg=c2_h64_d0.2 val=0.3153 test=0.0975 h10=0.1724 epoch=76 (50.9s)
[tune] maven ragat_time seed=11 cfg=c2_h64_d0.2 val=0.3015 test=0.0976 h10=0.1379 epoch=8 (27.0s)
[tune] maven ragat_time seed=11 cfg=c3_h64_d0.5 val=0.3010 test=0.0877 h10=0.1379 epoch=20 (32.6s)
[tune] maven ragat_time seed=11 cfg=c1_h128_d0.2 val=0.3066 test=0.1164 h10=0.2414 epoch=16 (40.8s)
[tune] maven ragat_time seed=11 cfg=c4_h128_d0.5 val=0.2989 test=0.1165 h10=0.2414 epoch=2 (27.9s)
[tune] maven gcn_dir seed=11 cfg=c1_h128_d0.2 val=0.3002 test=0.1370 h10=0.2759 epoch=62 (47.6s)
[tune] maven gcn_dir seed=11 cfg=c2_h64_d0.2 val=0.2827 test=0.1044 h10=0.2414 epoch=48 (47.2s)
[tune] maven gcn_dir seed=11 cfg=c3_h64_d0.5 val=0.2759 test=0.0999 h10=0.2414 epoch=20 (30.1s)
[tune] maven sage_dir seed=11 cfg=c1_h128_d0.2 val=0.3074 test=0.1383 h10=0.3448 epoch=1 (19.5s)
[tune] maven sage_dir seed=11 cfg=c2_h64_d0.2 val=0.2905 test=0.1122 h10=0.2759 epoch=1 (18.1s)
[tune] maven gcn_dir seed=11 cfg=c4_h128_d0.5 val=0.3057 test=0.1121 h10=0.1724 epoch=10 (24.3s)
[tune] maven sage_dir seed=11 cfg=c4_h128_d0.5 val=0.3019 test=0.1830 h10=0.2414 epoch=4 (22.2s)
[tune] maven sage_dir seed=11 cfg=c3_h64_d0.5 val=0.2956 test=0.1201 h10=0.2759 epoch=14 (27.1s)
[tune] maven gatv2_dir seed=11 cfg=c2_h64_d0.2 val=0.2896 test=0.0953 h10=0.1379 epoch=1 (23.6s)
[tune] npm gatv2_dir seed=11 cfg=c4_h128_d0.5 val=0.1696 test=0.1699 h10=0.2762 epoch=76 (364.9s)
[tune] maven gatv2_dir seed=11 cfg=c1_h128_d0.2 val=0.3000 test=0.1018 h10=0.2414 epoch=26 (52.8s)
[tune] maven gatv2_dir seed=11 cfg=c3_h64_d0.5 val=0.3001 test=0.1021 h10=0.2414 epoch=16 (33.1s)
[tune] maven gatv2_dir seed=11 cfg=c4_h128_d0.5 val=0.2892 test=0.1093 h10=0.1379 epoch=1 (22.5s)
